
===========================================================================
 report_power
============================================================================
======================= Fastest Corner ===================================

Group                  Internal  Switching    Leakage      Total
                          Power      Power      Power      Power (Watts)
----------------------------------------------------------------
Sequential             9.40e-04   4.67e-05   7.44e-10   9.86e-04  49.8%
Combinational          1.01e-04   8.42e-05   5.67e-10   1.85e-04   9.4%
Clock                  5.03e-04   3.04e-04   7.95e-10   8.07e-04  40.8%
Macro                  0.00e+00   0.00e+00   0.00e+00   0.00e+00   0.0%
Pad                    0.00e+00   0.00e+00   0.00e+00   0.00e+00   0.0%
----------------------------------------------------------------
Total                  1.54e-03   4.35e-04   2.11e-09   1.98e-03 100.0%
                          78.0%      22.0%       0.0%

======================= Slowest Corner ===================================

Group                  Internal  Switching    Leakage      Total
                          Power      Power      Power      Power (Watts)
----------------------------------------------------------------
Sequential             6.30e-04   3.10e-05   7.36e-07   6.61e-04  49.0%
Combinational          7.69e-05   5.55e-05   6.61e-07   1.33e-04   9.9%
Clock                  3.62e-04   1.93e-04   1.27e-07   5.56e-04  41.2%
Macro                  0.00e+00   0.00e+00   0.00e+00   0.00e+00   0.0%
Pad                    0.00e+00   0.00e+00   0.00e+00   0.00e+00   0.0%
----------------------------------------------------------------
Total                  1.07e-03   2.80e-04   1.52e-06   1.35e-03 100.0%
                          79.2%      20.7%       0.1%

======================= Typical Corner ===================================

Group                  Internal  Switching    Leakage      Total
                          Power      Power      Power      Power (Watts)
----------------------------------------------------------------
Sequential             8.10e-04   3.95e-05   4.22e-10   8.49e-04  49.7%
Combinational          9.33e-05   7.08e-05   3.80e-10   1.64e-04   9.6%
Clock                  4.40e-04   2.55e-04   4.53e-10   6.95e-04  40.7%
Macro                  0.00e+00   0.00e+00   0.00e+00   0.00e+00   0.0%
Pad                    0.00e+00   0.00e+00   0.00e+00   0.00e+00   0.0%
----------------------------------------------------------------
Total                  1.34e-03   3.65e-04   1.25e-09   1.71e-03 100.0%
                          78.6%      21.4%       0.0%

