
===========================================================================
report_checks -path_delay min (Hold)
============================================================================
======================= Typical Corner ===================================

Startpoint: _154_ (rising edge-triggered flip-flop clocked by core_clock)
Endpoint: _178_ (rising edge-triggered flip-flop clocked by core_clock)
Path Group: core_clock
Path Type: min

Fanout     Cap    Slew   Delay    Time   Description
-----------------------------------------------------------------------------
                  0.00    0.00    0.00   clock core_clock (rise edge)
                          0.00    0.00   clock network delay (ideal)
                  0.00    0.00    0.00 ^ _154_/CLK (sky130_fd_sc_hd__dfxtp_2)
     2    0.01    0.07    0.32    0.32 ^ _154_/Q (sky130_fd_sc_hd__dfxtp_2)
                                         x11.b (net)
                  0.07    0.00    0.32 ^ _127_/A (sky130_fd_sc_hd__xnor2_2)
     1    0.00    0.02    0.06    0.38 v _127_/Y (sky130_fd_sc_hd__xnor2_2)
                                         x11.sum (net)
                  0.02    0.00    0.38 v _178_/D (sky130_fd_sc_hd__dfxtp_2)
                                  0.38   data arrival time

                  0.00    0.00    0.00   clock core_clock (rise edge)
                          0.00    0.00   clock network delay (ideal)
                          0.00    0.00   clock reconvergence pessimism
                                  0.00 ^ _178_/CLK (sky130_fd_sc_hd__dfxtp_2)
                         -0.05   -0.05   library hold time
                                 -0.05   data required time
-----------------------------------------------------------------------------
                                 -0.05   data required time
                                 -0.38   data arrival time
-----------------------------------------------------------------------------
                                  0.43   slack (MET)


Startpoint: _162_ (rising edge-triggered flip-flop clocked by core_clock)
Endpoint: _182_ (rising edge-triggered flip-flop clocked by core_clock)
Path Group: core_clock
Path Type: min

Fanout     Cap    Slew   Delay    Time   Description
-----------------------------------------------------------------------------
                  0.00    0.00    0.00   clock core_clock (rise edge)
                          0.00    0.00   clock network delay (ideal)
                  0.00    0.00    0.00 ^ _162_/CLK (sky130_fd_sc_hd__dfxtp_2)
     2    0.01    0.08    0.33    0.33 ^ _162_/Q (sky130_fd_sc_hd__dfxtp_2)
                                         x16.b (net)
                  0.08    0.00    0.33 ^ _124_/A (sky130_fd_sc_hd__xnor2_2)
     1    0.00    0.02    0.06    0.39 v _124_/Y (sky130_fd_sc_hd__xnor2_2)
                                         x16.sum (net)
                  0.02    0.00    0.39 v _182_/D (sky130_fd_sc_hd__dfxtp_2)
                                  0.39   data arrival time

                  0.00    0.00    0.00   clock core_clock (rise edge)
                          0.00    0.00   clock network delay (ideal)
                          0.00    0.00   clock reconvergence pessimism
                                  0.00 ^ _182_/CLK (sky130_fd_sc_hd__dfxtp_2)
                         -0.05   -0.05   library hold time
                                 -0.05   data required time
-----------------------------------------------------------------------------
                                 -0.05   data required time
                                 -0.39   data arrival time
-----------------------------------------------------------------------------
                                  0.44   slack (MET)


Startpoint: _152_ (rising edge-triggered flip-flop clocked by core_clock)
Endpoint: _177_ (rising edge-triggered flip-flop clocked by core_clock)
Path Group: core_clock
Path Type: min

Fanout     Cap    Slew   Delay    Time   Description
-----------------------------------------------------------------------------
                  0.00    0.00    0.00   clock core_clock (rise edge)
                          0.00    0.00   clock network delay (ideal)
                  0.00    0.00    0.00 ^ _152_/CLK (sky130_fd_sc_hd__dfxtp_2)
     2    0.01    0.08    0.33    0.33 ^ _152_/Q (sky130_fd_sc_hd__dfxtp_2)
                                         x28.B (net)
                  0.08    0.00    0.33 ^ _136_/A (sky130_fd_sc_hd__xor2_2)
     1    0.00    0.03    0.06    0.39 v _136_/X (sky130_fd_sc_hd__xor2_2)
                                         x9.sum (net)
                  0.03    0.00    0.39 v _177_/D (sky130_fd_sc_hd__dfxtp_2)
                                  0.39   data arrival time

                  0.00    0.00    0.00   clock core_clock (rise edge)
                          0.00    0.00   clock network delay (ideal)
                          0.00    0.00   clock reconvergence pessimism
                                  0.00 ^ _177_/CLK (sky130_fd_sc_hd__dfxtp_2)
                         -0.05   -0.05   library hold time
                                 -0.05   data required time
-----------------------------------------------------------------------------
                                 -0.05   data required time
                                 -0.39   data arrival time
-----------------------------------------------------------------------------
                                  0.44   slack (MET)


Startpoint: _160_ (rising edge-triggered flip-flop clocked by core_clock)
Endpoint: _181_ (rising edge-triggered flip-flop clocked by core_clock)
Path Group: core_clock
Path Type: min

Fanout     Cap    Slew   Delay    Time   Description
-----------------------------------------------------------------------------
                  0.00    0.00    0.00   clock core_clock (rise edge)
                          0.00    0.00   clock network delay (ideal)
                  0.00    0.00    0.00 ^ _160_/CLK (sky130_fd_sc_hd__dfxtp_2)
     2    0.01    0.08    0.33    0.33 ^ _160_/Q (sky130_fd_sc_hd__dfxtp_2)
                                         x14.b (net)
                  0.08    0.00    0.33 ^ _130_/A (sky130_fd_sc_hd__xor2_2)
     1    0.00    0.03    0.06    0.39 v _130_/X (sky130_fd_sc_hd__xor2_2)
                                         x14.sum (net)
                  0.03    0.00    0.39 v _181_/D (sky130_fd_sc_hd__dfxtp_2)
                                  0.39   data arrival time

                  0.00    0.00    0.00   clock core_clock (rise edge)
                          0.00    0.00   clock network delay (ideal)
                          0.00    0.00   clock reconvergence pessimism
                                  0.00 ^ _181_/CLK (sky130_fd_sc_hd__dfxtp_2)
                         -0.05   -0.05   library hold time
                                 -0.05   data required time
-----------------------------------------------------------------------------
                                 -0.05   data required time
                                 -0.39   data arrival time
-----------------------------------------------------------------------------
                                  0.44   slack (MET)


Startpoint: _168_ (rising edge-triggered flip-flop clocked by core_clock)
Endpoint: _185_ (rising edge-triggered flip-flop clocked by core_clock)
Path Group: core_clock
Path Type: min

Fanout     Cap    Slew   Delay    Time   Description
-----------------------------------------------------------------------------
                  0.00    0.00    0.00   clock core_clock (rise edge)
                          0.00    0.00   clock network delay (ideal)
                  0.00    0.00    0.00 ^ _168_/CLK (sky130_fd_sc_hd__dfxtp_2)
     2    0.01    0.08    0.33    0.33 ^ _168_/Q (sky130_fd_sc_hd__dfxtp_2)
                                         x19.b (net)
                  0.08    0.00    0.33 ^ _135_/A (sky130_fd_sc_hd__xor2_2)
     1    0.00    0.03    0.06    0.39 v _135_/X (sky130_fd_sc_hd__xor2_2)
                                         x19.sum (net)
                  0.03    0.00    0.39 v _185_/D (sky130_fd_sc_hd__dfxtp_2)
                                  0.39   data arrival time

                  0.00    0.00    0.00   clock core_clock (rise edge)
                          0.00    0.00   clock network delay (ideal)
                          0.00    0.00   clock reconvergence pessimism
                                  0.00 ^ _185_/CLK (sky130_fd_sc_hd__dfxtp_2)
                         -0.05   -0.05   library hold time
                                 -0.05   data required time
-----------------------------------------------------------------------------
                                 -0.05   data required time
                                 -0.39   data arrival time
-----------------------------------------------------------------------------
                                  0.44   slack (MET)


Startpoint: _148_ (rising edge-triggered flip-flop clocked by core_clock)
Endpoint: _175_ (rising edge-triggered flip-flop clocked by core_clock)
Path Group: core_clock
Path Type: min

Fanout     Cap    Slew   Delay    Time   Description
-----------------------------------------------------------------------------
                  0.00    0.00    0.00   clock core_clock (rise edge)
                          0.00    0.00   clock network delay (ideal)
                  0.00    0.00    0.00 ^ _148_/CLK (sky130_fd_sc_hd__dfxtp_2)
     2    0.01    0.08    0.33    0.33 ^ _148_/Q (sky130_fd_sc_hd__dfxtp_2)
                                         x26.B (net)
                  0.08    0.00    0.33 ^ _133_/A (sky130_fd_sc_hd__xor2_2)
     1    0.00    0.03    0.06    0.39 v _133_/X (sky130_fd_sc_hd__xor2_2)
                                         x7.sum (net)
                  0.03    0.00    0.39 v _175_/D (sky130_fd_sc_hd__dfxtp_2)
                                  0.39   data arrival time

                  0.00    0.00    0.00   clock core_clock (rise edge)
                          0.00    0.00   clock network delay (ideal)
                          0.00    0.00   clock reconvergence pessimism
                                  0.00 ^ _175_/CLK (sky130_fd_sc_hd__dfxtp_2)
                         -0.05   -0.05   library hold time
                                 -0.05   data required time
-----------------------------------------------------------------------------
                                 -0.05   data required time
                                 -0.39   data arrival time
-----------------------------------------------------------------------------
                                  0.44   slack (MET)


Startpoint: _150_ (rising edge-triggered flip-flop clocked by core_clock)
Endpoint: _176_ (rising edge-triggered flip-flop clocked by core_clock)
Path Group: core_clock
Path Type: min

Fanout     Cap    Slew   Delay    Time   Description
-----------------------------------------------------------------------------
                  0.00    0.00    0.00   clock core_clock (rise edge)
                          0.00    0.00   clock network delay (ideal)
                  0.00    0.00    0.00 ^ _150_/CLK (sky130_fd_sc_hd__dfxtp_2)
     2    0.01    0.08    0.33    0.33 ^ _150_/Q (sky130_fd_sc_hd__dfxtp_2)
                                         x27.B (net)
                  0.08    0.00    0.33 ^ _134_/A (sky130_fd_sc_hd__xor2_2)
     1    0.00    0.03    0.06    0.39 v _134_/X (sky130_fd_sc_hd__xor2_2)
                                         x8.sum (net)
                  0.03    0.00    0.39 v _176_/D (sky130_fd_sc_hd__dfxtp_2)
                                  0.39   data arrival time

                  0.00    0.00    0.00   clock core_clock (rise edge)
                          0.00    0.00   clock network delay (ideal)
                          0.00    0.00   clock reconvergence pessimism
                                  0.00 ^ _176_/CLK (sky130_fd_sc_hd__dfxtp_2)
                         -0.05   -0.05   library hold time
                                 -0.05   data required time
-----------------------------------------------------------------------------
                                 -0.05   data required time
                                 -0.39   data arrival time
-----------------------------------------------------------------------------
                                  0.44   slack (MET)


Startpoint: _156_ (rising edge-triggered flip-flop clocked by core_clock)
Endpoint: _179_ (rising edge-triggered flip-flop clocked by core_clock)
Path Group: core_clock
Path Type: min

Fanout     Cap    Slew   Delay    Time   Description
-----------------------------------------------------------------------------
                  0.00    0.00    0.00   clock core_clock (rise edge)
                          0.00    0.00   clock network delay (ideal)
                  0.00    0.00    0.00 ^ _156_/CLK (sky130_fd_sc_hd__dfxtp_2)
     2    0.01    0.08    0.33    0.33 ^ _156_/Q (sky130_fd_sc_hd__dfxtp_2)
                                         x12.b (net)
                  0.08    0.00    0.33 ^ _128_/A (sky130_fd_sc_hd__xor2_2)
     1    0.00    0.03    0.06    0.39 v _128_/X (sky130_fd_sc_hd__xor2_2)
                                         x12.sum (net)
                  0.03    0.00    0.39 v _179_/D (sky130_fd_sc_hd__dfxtp_2)
                                  0.39   data arrival time

                  0.00    0.00    0.00   clock core_clock (rise edge)
                          0.00    0.00   clock network delay (ideal)
                          0.00    0.00   clock reconvergence pessimism
                                  0.00 ^ _179_/CLK (sky130_fd_sc_hd__dfxtp_2)
                         -0.05   -0.05   library hold time
                                 -0.05   data required time
-----------------------------------------------------------------------------
                                 -0.05   data required time
                                 -0.39   data arrival time
-----------------------------------------------------------------------------
                                  0.44   slack (MET)


Startpoint: _158_ (rising edge-triggered flip-flop clocked by core_clock)
Endpoint: _180_ (rising edge-triggered flip-flop clocked by core_clock)
Path Group: core_clock
Path Type: min

Fanout     Cap    Slew   Delay    Time   Description
-----------------------------------------------------------------------------
                  0.00    0.00    0.00   clock core_clock (rise edge)
                          0.00    0.00   clock network delay (ideal)
                  0.00    0.00    0.00 ^ _158_/CLK (sky130_fd_sc_hd__dfxtp_2)
     2    0.01    0.08    0.33    0.33 ^ _158_/Q (sky130_fd_sc_hd__dfxtp_2)
                                         x13.b (net)
                  0.08    0.00    0.33 ^ _129_/A (sky130_fd_sc_hd__xor2_2)
     1    0.00    0.03    0.06    0.39 v _129_/X (sky130_fd_sc_hd__xor2_2)
                                         x13.sum (net)
                  0.03    0.00    0.39 v _180_/D (sky130_fd_sc_hd__dfxtp_2)
                                  0.39   data arrival time

                  0.00    0.00    0.00   clock core_clock (rise edge)
                          0.00    0.00   clock network delay (ideal)
                          0.00    0.00   clock reconvergence pessimism
                                  0.00 ^ _180_/CLK (sky130_fd_sc_hd__dfxtp_2)
                         -0.05   -0.05   library hold time
                                 -0.05   data required time
-----------------------------------------------------------------------------
                                 -0.05   data required time
                                 -0.39   data arrival time
-----------------------------------------------------------------------------
                                  0.44   slack (MET)


Startpoint: _164_ (rising edge-triggered flip-flop clocked by core_clock)
Endpoint: _183_ (rising edge-triggered flip-flop clocked by core_clock)
Path Group: core_clock
Path Type: min

Fanout     Cap    Slew   Delay    Time   Description
-----------------------------------------------------------------------------
                  0.00    0.00    0.00   clock core_clock (rise edge)
                          0.00    0.00   clock network delay (ideal)
                  0.00    0.00    0.00 ^ _164_/CLK (sky130_fd_sc_hd__dfxtp_2)
     2    0.01    0.08    0.33    0.33 ^ _164_/Q (sky130_fd_sc_hd__dfxtp_2)
                                         x17.b (net)
                  0.08    0.00    0.33 ^ _125_/A (sky130_fd_sc_hd__xor2_2)
     1    0.00    0.03    0.06    0.39 v _125_/X (sky130_fd_sc_hd__xor2_2)
                                         x17.sum (net)
                  0.03    0.00    0.39 v _183_/D (sky130_fd_sc_hd__dfxtp_2)
                                  0.39   data arrival time

                  0.00    0.00    0.00   clock core_clock (rise edge)
                          0.00    0.00   clock network delay (ideal)
                          0.00    0.00   clock reconvergence pessimism
                                  0.00 ^ _183_/CLK (sky130_fd_sc_hd__dfxtp_2)
                         -0.05   -0.05   library hold time
                                 -0.05   data required time
-----------------------------------------------------------------------------
                                 -0.05   data required time
                                 -0.39   data arrival time
-----------------------------------------------------------------------------
                                  0.44   slack (MET)


Startpoint: _166_ (rising edge-triggered flip-flop clocked by core_clock)
Endpoint: _184_ (rising edge-triggered flip-flop clocked by core_clock)
Path Group: core_clock
Path Type: min

Fanout     Cap    Slew   Delay    Time   Description
-----------------------------------------------------------------------------
                  0.00    0.00    0.00   clock core_clock (rise edge)
                          0.00    0.00   clock network delay (ideal)
                  0.00    0.00    0.00 ^ _166_/CLK (sky130_fd_sc_hd__dfxtp_2)
     2    0.01    0.08    0.33    0.33 ^ _166_/Q (sky130_fd_sc_hd__dfxtp_2)
                                         x18.b (net)
                  0.08    0.00    0.33 ^ _126_/A (sky130_fd_sc_hd__xor2_2)
     1    0.00    0.03    0.06    0.39 v _126_/X (sky130_fd_sc_hd__xor2_2)
                                         x18.sum (net)
                  0.03    0.00    0.39 v _184_/D (sky130_fd_sc_hd__dfxtp_2)
                                  0.39   data arrival time

                  0.00    0.00    0.00   clock core_clock (rise edge)
                          0.00    0.00   clock network delay (ideal)
                          0.00    0.00   clock reconvergence pessimism
                                  0.00 ^ _184_/CLK (sky130_fd_sc_hd__dfxtp_2)
                         -0.05   -0.05   library hold time
                                 -0.05   data required time
-----------------------------------------------------------------------------
                                 -0.05   data required time
                                 -0.39   data arrival time
-----------------------------------------------------------------------------
                                  0.44   slack (MET)


Startpoint: _146_ (rising edge-triggered flip-flop clocked by core_clock)
Endpoint: _174_ (rising edge-triggered flip-flop clocked by core_clock)
Path Group: core_clock
Path Type: min

Fanout     Cap    Slew   Delay    Time   Description
-----------------------------------------------------------------------------
                  0.00    0.00    0.00   clock core_clock (rise edge)
                          0.00    0.00   clock network delay (ideal)
                  0.00    0.00    0.00 ^ _146_/CLK (sky130_fd_sc_hd__dfxtp_2)
     2    0.02    0.10    0.34    0.34 ^ _146_/Q (sky130_fd_sc_hd__dfxtp_2)
                                         x25.B (net)
                  0.10    0.00    0.34 ^ _132_/A (sky130_fd_sc_hd__xnor2_2)
     1    0.00    0.02    0.07    0.41 v _132_/Y (sky130_fd_sc_hd__xnor2_2)
                                         x6.sum (net)
                  0.02    0.00    0.41 v _174_/D (sky130_fd_sc_hd__dfxtp_2)
                                  0.41   data arrival time

                  0.00    0.00    0.00   clock core_clock (rise edge)
                          0.00    0.00   clock network delay (ideal)
                          0.00    0.00   clock reconvergence pessimism
                                  0.00 ^ _174_/CLK (sky130_fd_sc_hd__dfxtp_2)
                         -0.05   -0.05   library hold time
                                 -0.05   data required time
-----------------------------------------------------------------------------
                                 -0.05   data required time
                                 -0.41   data arrival time
-----------------------------------------------------------------------------
                                  0.46   slack (MET)


Startpoint: _168_ (rising edge-triggered flip-flop clocked by core_clock)
Endpoint: _186_ (rising edge-triggered flip-flop clocked by core_clock)
Path Group: core_clock
Path Type: min

Fanout     Cap    Slew   Delay    Time   Description
-----------------------------------------------------------------------------
                  0.00    0.00    0.00   clock core_clock (rise edge)
                          0.00    0.00   clock network delay (ideal)
                  0.00    0.00    0.00 ^ _168_/CLK (sky130_fd_sc_hd__dfxtp_2)
     2    0.01    0.08    0.33    0.33 ^ _168_/Q (sky130_fd_sc_hd__dfxtp_2)
                                         x19.b (net)
                  0.08    0.00    0.33 ^ _115_/A1 (sky130_fd_sc_hd__a21o_4)
     1    0.00    0.02    0.11    0.44 ^ _115_/X (sky130_fd_sc_hd__a21o_4)
                                         x20.out (net)
                  0.02    0.00    0.44 ^ _186_/D (sky130_fd_sc_hd__dfxtp_2)
                                  0.44   data arrival time

                  0.00    0.00    0.00   clock core_clock (rise edge)
                          0.00    0.00   clock network delay (ideal)
                          0.00    0.00   clock reconvergence pessimism
                                  0.00 ^ _186_/CLK (sky130_fd_sc_hd__dfxtp_2)
                         -0.03   -0.03   library hold time
                                 -0.03   data required time
-----------------------------------------------------------------------------
                                 -0.03   data required time
                                 -0.44   data arrival time
-----------------------------------------------------------------------------
                                  0.47   slack (MET)


Startpoint: _138_ (rising edge-triggered flip-flop clocked by core_clock)
Endpoint: _170_ (rising edge-triggered flip-flop clocked by core_clock)
Path Group: core_clock
Path Type: min

Fanout     Cap    Slew   Delay    Time   Description
-----------------------------------------------------------------------------
                  0.00    0.00    0.00   clock core_clock (rise edge)
                          0.00    0.00   clock network delay (ideal)
                  0.00    0.00    0.00 ^ _138_/CLK (sky130_fd_sc_hd__dfxtp_2)
     3    0.02    0.12    0.36    0.36 ^ _138_/Q (sky130_fd_sc_hd__dfxtp_2)
                                         x1.b (net)
                  0.12    0.00    0.36 ^ _117_/A (sky130_fd_sc_hd__xnor2_2)
     1    0.00    0.02    0.07    0.43 v _117_/Y (sky130_fd_sc_hd__xnor2_2)
                                         x1.sum (net)
                  0.02    0.00    0.43 v _170_/D (sky130_fd_sc_hd__dfxtp_2)
                                  0.43   data arrival time

                  0.00    0.00    0.00   clock core_clock (rise edge)
                          0.00    0.00   clock network delay (ideal)
                          0.00    0.00   clock reconvergence pessimism
                                  0.00 ^ _170_/CLK (sky130_fd_sc_hd__dfxtp_2)
                         -0.05   -0.05   library hold time
                                 -0.05   data required time
-----------------------------------------------------------------------------
                                 -0.05   data required time
                                 -0.43   data arrival time
-----------------------------------------------------------------------------
                                  0.48   slack (MET)


Startpoint: _142_ (rising edge-triggered flip-flop clocked by core_clock)
Endpoint: _172_ (rising edge-triggered flip-flop clocked by core_clock)
Path Group: core_clock
Path Type: min

Fanout     Cap    Slew   Delay    Time   Description
-----------------------------------------------------------------------------
                  0.00    0.00    0.00   clock core_clock (rise edge)
                          0.00    0.00   clock network delay (ideal)
                  0.00    0.00    0.00 ^ _142_/CLK (sky130_fd_sc_hd__dfxtp_2)
     3    0.02    0.12    0.36    0.36 ^ _142_/Q (sky130_fd_sc_hd__dfxtp_2)
                                         x23.B (net)
                  0.12    0.00    0.36 ^ _122_/A (sky130_fd_sc_hd__xor2_2)
     1    0.00    0.03    0.07    0.43 v _122_/X (sky130_fd_sc_hd__xor2_2)
                                         x3.sum (net)
                  0.03    0.00    0.43 v _172_/D (sky130_fd_sc_hd__dfxtp_2)
                                  0.43   data arrival time

                  0.00    0.00    0.00   clock core_clock (rise edge)
                          0.00    0.00   clock network delay (ideal)
                          0.00    0.00   clock reconvergence pessimism
                                  0.00 ^ _172_/CLK (sky130_fd_sc_hd__dfxtp_2)
                         -0.05   -0.05   library hold time
                                 -0.05   data required time
-----------------------------------------------------------------------------
                                 -0.05   data required time
                                 -0.43   data arrival time
-----------------------------------------------------------------------------
                                  0.48   slack (MET)


Startpoint: _144_ (rising edge-triggered flip-flop clocked by core_clock)
Endpoint: _173_ (rising edge-triggered flip-flop clocked by core_clock)
Path Group: core_clock
Path Type: min

Fanout     Cap    Slew   Delay    Time   Description
-----------------------------------------------------------------------------
                  0.00    0.00    0.00   clock core_clock (rise edge)
                          0.00    0.00   clock network delay (ideal)
                  0.00    0.00    0.00 ^ _144_/CLK (sky130_fd_sc_hd__dfxtp_2)
     3    0.02    0.12    0.36    0.36 ^ _144_/Q (sky130_fd_sc_hd__dfxtp_2)
                                         x24.B (net)
                  0.12    0.00    0.36 ^ _123_/A (sky130_fd_sc_hd__xor2_2)
     1    0.00    0.03    0.07    0.43 v _123_/X (sky130_fd_sc_hd__xor2_2)
                                         x4.sum (net)
                  0.03    0.00    0.43 v _173_/D (sky130_fd_sc_hd__dfxtp_2)
                                  0.43   data arrival time

                  0.00    0.00    0.00   clock core_clock (rise edge)
                          0.00    0.00   clock network delay (ideal)
                          0.00    0.00   clock reconvergence pessimism
                                  0.00 ^ _173_/CLK (sky130_fd_sc_hd__dfxtp_2)
                         -0.05   -0.05   library hold time
                                 -0.05   data required time
-----------------------------------------------------------------------------
                                 -0.05   data required time
                                 -0.43   data arrival time
-----------------------------------------------------------------------------
                                  0.48   slack (MET)


Startpoint: _140_ (rising edge-triggered flip-flop clocked by core_clock)
Endpoint: _171_ (rising edge-triggered flip-flop clocked by core_clock)
Path Group: core_clock
Path Type: min

Fanout     Cap    Slew   Delay    Time   Description
-----------------------------------------------------------------------------
                  0.00    0.00    0.00   clock core_clock (rise edge)
                          0.00    0.00   clock network delay (ideal)
                  0.00    0.00    0.00 ^ _140_/CLK (sky130_fd_sc_hd__dfxtp_2)
     3    0.01    0.05    0.31    0.31 v _140_/Q (sky130_fd_sc_hd__dfxtp_2)
                                         x2.b (net)
                  0.05    0.00    0.31 v _067_/A (sky130_fd_sc_hd__nand2_2)
     3    0.01    0.07    0.08    0.39 ^ _067_/Y (sky130_fd_sc_hd__nand2_2)
                                         _019_ (net)
                  0.07    0.00    0.39 ^ _119_/A (sky130_fd_sc_hd__and2_2)
     1    0.00    0.03    0.13    0.52 ^ _119_/X (sky130_fd_sc_hd__and2_2)
                                         _009_ (net)
                  0.03    0.00    0.52 ^ _120_/A (sky130_fd_sc_hd__buf_1)
     1    0.00    0.03    0.07    0.59 ^ _120_/X (sky130_fd_sc_hd__buf_1)
                                         x2.sum (net)
                  0.03    0.00    0.59 ^ _171_/D (sky130_fd_sc_hd__dfxtp_2)
                                  0.59   data arrival time

                  0.00    0.00    0.00   clock core_clock (rise edge)
                          0.00    0.00   clock network delay (ideal)
                          0.00    0.00   clock reconvergence pessimism
                                  0.00 ^ _171_/CLK (sky130_fd_sc_hd__dfxtp_2)
                         -0.03   -0.03   library hold time
                                 -0.03   data required time
-----------------------------------------------------------------------------
                                 -0.03   data required time
                                 -0.59   data arrival time
-----------------------------------------------------------------------------
                                  0.62   slack (MET)



worst slack corner Typical: 0.4292
