
===========================================================================
 report_power
============================================================================
======================= Fastest Corner ===================================

Group                  Internal  Switching    Leakage      Total
                          Power      Power      Power      Power (Watts)
----------------------------------------------------------------
Sequential             9.40e-04   4.29e-05   7.44e-10   9.83e-04  50.3%
Combinational          1.01e-04   7.72e-05   5.67e-10   1.78e-04   9.1%
Clock                  5.03e-04   2.88e-04   7.95e-10   7.91e-04  40.5%
Macro                  0.00e+00   0.00e+00   0.00e+00   0.00e+00   0.0%
Pad                    0.00e+00   0.00e+00   0.00e+00   0.00e+00   0.0%
----------------------------------------------------------------
Total                  1.54e-03   4.08e-04   2.11e-09   1.95e-03 100.0%
                          79.1%      20.9%       0.0%

======================= Slowest Corner ===================================

Group                  Internal  Switching    Leakage      Total
                          Power      Power      Power      Power (Watts)
----------------------------------------------------------------
Sequential             6.30e-04   2.83e-05   7.36e-07   6.59e-04  49.5%
Combinational          7.68e-05   5.08e-05   6.61e-07   1.28e-04   9.6%
Clock                  3.61e-04   1.83e-04   1.27e-07   5.45e-04  40.9%
Macro                  0.00e+00   0.00e+00   0.00e+00   0.00e+00   0.0%
Pad                    0.00e+00   0.00e+00   0.00e+00   0.00e+00   0.0%
----------------------------------------------------------------
Total                  1.07e-03   2.62e-04   1.52e-06   1.33e-03 100.0%
                          80.2%      19.7%       0.1%

======================= Typical Corner ===================================

Group                  Internal  Switching    Leakage      Total
                          Power      Power      Power      Power (Watts)
----------------------------------------------------------------
Sequential             8.10e-04   3.62e-05   4.22e-10   8.46e-04  50.2%
Combinational          9.32e-05   6.48e-05   3.80e-10   1.58e-04   9.4%
Clock                  4.40e-04   2.41e-04   4.53e-10   6.81e-04  40.4%
Macro                  0.00e+00   0.00e+00   0.00e+00   0.00e+00   0.0%
Pad                    0.00e+00   0.00e+00   0.00e+00   0.00e+00   0.0%
----------------------------------------------------------------
Total                  1.34e-03   3.42e-04   1.25e-09   1.69e-03 100.0%
                          79.7%      20.3%       0.0%

