
===========================================================================
 report_power
============================================================================
======================= Fastest Corner ===================================

Group                  Internal  Switching    Leakage      Total
                          Power      Power      Power      Power (Watts)
----------------------------------------------------------------
Sequential             8.40e-04   4.74e-05   7.29e-10   8.87e-04  47.2%
Combinational          1.04e-04   8.60e-05   5.42e-10   1.90e-04  10.1%
Clock                  5.42e-04   2.61e-04   9.83e-10   8.03e-04  42.7%
Macro                  0.00e+00   0.00e+00   0.00e+00   0.00e+00   0.0%
Pad                    0.00e+00   0.00e+00   0.00e+00   0.00e+00   0.0%
----------------------------------------------------------------
Total                  1.49e-03   3.95e-04   2.25e-09   1.88e-03 100.0%
                          79.0%      21.0%       0.0%

======================= Slowest Corner ===================================

Group                  Internal  Switching    Leakage      Total
                          Power      Power      Power      Power (Watts)
----------------------------------------------------------------
Sequential             5.63e-04   3.14e-05   7.33e-07   5.95e-04  46.3%
Combinational          7.73e-05   5.68e-05   6.41e-07   1.35e-04  10.5%
Clock                  3.89e-04   1.66e-04   1.49e-07   5.55e-04  43.2%
Macro                  0.00e+00   0.00e+00   0.00e+00   0.00e+00   0.0%
Pad                    0.00e+00   0.00e+00   0.00e+00   0.00e+00   0.0%
----------------------------------------------------------------
Total                  1.03e-03   2.54e-04   1.52e-06   1.29e-03 100.0%
                          80.1%      19.8%       0.1%

======================= Typical Corner ===================================

Group                  Internal  Switching    Leakage      Total
                          Power      Power      Power      Power (Watts)
----------------------------------------------------------------
Sequential             7.24e-04   4.02e-05   4.22e-10   7.64e-04  47.1%
Combinational          9.40e-05   7.26e-05   3.90e-10   1.67e-04  10.3%
Clock                  4.74e-04   2.19e-04   5.97e-10   6.93e-04  42.7%
Macro                  0.00e+00   0.00e+00   0.00e+00   0.00e+00   0.0%
Pad                    0.00e+00   0.00e+00   0.00e+00   0.00e+00   0.0%
----------------------------------------------------------------
Total                  1.29e-03   3.32e-04   1.41e-09   1.62e-03 100.0%
                          79.6%      20.4%       0.0%

