
===========================================================================
report_checks -unconstrained
===========================================================================
======================= Typical Corner ===================================

Startpoint: _169_ (rising edge-triggered flip-flop clocked by core_clock)
Endpoint: _186_ (rising edge-triggered flip-flop clocked by core_clock)
Path Group: core_clock
Path Type: max

Fanout     Cap    Slew   Delay    Time   Description
-----------------------------------------------------------------------------
                          0.00    0.00   clock core_clock (rise edge)
                          0.00    0.00   clock source latency
     1    0.01    0.00    0.00    0.00 ^ clk (in)
                                         clk (net)
                  0.00    0.00    0.00 ^ clkbuf_0_clk/A (sky130_fd_sc_hd__clkbuf_16)
     4    0.03    0.05    0.12    0.12 ^ clkbuf_0_clk/X (sky130_fd_sc_hd__clkbuf_16)
                                         clknet_0_clk (net)
                  0.05    0.00    0.12 ^ clkbuf_2_1__f_clk/A (sky130_fd_sc_hd__clkbuf_16)
    16    0.04    0.06    0.14    0.27 ^ clkbuf_2_1__f_clk/X (sky130_fd_sc_hd__clkbuf_16)
                                         clknet_2_1__leaf_clk (net)
                  0.06    0.00    0.27 ^ _169_/CLK (sky130_fd_sc_hd__dfxtp_1)
     2    0.01    0.04    0.31    0.58 v _169_/Q (sky130_fd_sc_hd__dfxtp_1)
                                         x1.cin (net)
                  0.04    0.00    0.58 v _062_/A (sky130_fd_sc_hd__or2_4)
     2    0.01    0.05    0.25    0.82 v _062_/X (sky130_fd_sc_hd__or2_4)
                                         _014_ (net)
                  0.05    0.00    0.82 v _064_/A1 (sky130_fd_sc_hd__a21bo_1)
     2    0.01    0.05    0.18    1.01 v _064_/X (sky130_fd_sc_hd__a21bo_1)
                                         _016_ (net)
                  0.05    0.00    1.01 v _066_/B (sky130_fd_sc_hd__xor2_1)
     2    0.01    0.06    0.15    1.16 v _066_/X (sky130_fd_sc_hd__xor2_1)
                                         _018_ (net)
                  0.06    0.00    1.16 v _067_/A (sky130_fd_sc_hd__nand2_1)
     3    0.01    0.08    0.09    1.25 ^ _067_/Y (sky130_fd_sc_hd__nand2_1)
                                         _019_ (net)
                  0.08    0.00    1.25 ^ _068_/B (sky130_fd_sc_hd__nand3b_1)
     2    0.01    0.08    0.09    1.34 v _068_/Y (sky130_fd_sc_hd__nand3b_1)
                                         _020_ (net)
                  0.08    0.00    1.34 v _070_/A2 (sky130_fd_sc_hd__a21o_1)
     2    0.01    0.07    0.22    1.56 v _070_/X (sky130_fd_sc_hd__a21o_1)
                                         _022_ (net)
                  0.07    0.00    1.56 v _077_/A1 (sky130_fd_sc_hd__a21bo_1)
     1    0.00    0.04    0.17    1.74 v _077_/X (sky130_fd_sc_hd__a21bo_1)
                                         _029_ (net)
                  0.04    0.00    1.74 v _078_/B1 (sky130_fd_sc_hd__a21o_1)
     2    0.01    0.05    0.16    1.90 v _078_/X (sky130_fd_sc_hd__a21o_1)
                                         _030_ (net)
                  0.05    0.00    1.90 v _080_/A2 (sky130_fd_sc_hd__a21o_1)
     2    0.01    0.05    0.19    2.09 v _080_/X (sky130_fd_sc_hd__a21o_1)
                                         _032_ (net)
                  0.05    0.00    2.09 v _082_/A1 (sky130_fd_sc_hd__a21oi_2)
     2    0.01    0.13    0.15    2.24 ^ _082_/Y (sky130_fd_sc_hd__a21oi_2)
                                         _034_ (net)
                  0.13    0.00    2.24 ^ _084_/A_N (sky130_fd_sc_hd__and2b_1)
     1    0.01    0.05    0.21    2.44 v _084_/X (sky130_fd_sc_hd__and2b_1)
                                         _036_ (net)
                  0.05    0.00    2.44 v _085_/B1 (sky130_fd_sc_hd__a21oi_2)
     2    0.01    0.13    0.14    2.58 ^ _085_/Y (sky130_fd_sc_hd__a21oi_2)
                                         _037_ (net)
                  0.13    0.00    2.58 ^ _087_/A_N (sky130_fd_sc_hd__and2b_1)
     1    0.01    0.04    0.20    2.79 v _087_/X (sky130_fd_sc_hd__and2b_1)
                                         _039_ (net)
                  0.04    0.00    2.79 v _088_/B1 (sky130_fd_sc_hd__a21oi_2)
     2    0.01    0.14    0.14    2.92 ^ _088_/Y (sky130_fd_sc_hd__a21oi_2)
                                         _040_ (net)
                  0.14    0.00    2.92 ^ _090_/A_N (sky130_fd_sc_hd__and2b_1)
     1    0.00    0.03    0.19    3.12 v _090_/X (sky130_fd_sc_hd__and2b_1)
                                         _042_ (net)
                  0.03    0.00    3.12 v _091_/B1 (sky130_fd_sc_hd__a21o_1)
     2    0.01    0.07    0.19    3.30 v _091_/X (sky130_fd_sc_hd__a21o_1)
                                         _043_ (net)
                  0.07    0.00    3.31 v _092_/B (sky130_fd_sc_hd__xnor2_2)
     2    0.01    0.05    0.14    3.44 v _092_/Y (sky130_fd_sc_hd__xnor2_2)
                                         _044_ (net)
                  0.05    0.00    3.45 v _094_/A2 (sky130_fd_sc_hd__o21a_1)
     2    0.01    0.07    0.21    3.65 v _094_/X (sky130_fd_sc_hd__o21a_1)
                                         _046_ (net)
                  0.07    0.00    3.65 v _095_/B (sky130_fd_sc_hd__xnor2_2)
     2    0.01    0.18    0.18    3.84 ^ _095_/Y (sky130_fd_sc_hd__xnor2_2)
                                         _047_ (net)
                  0.18    0.00    3.84 ^ _097_/A1 (sky130_fd_sc_hd__a21oi_2)
     2    0.01    0.06    0.09    3.93 v _097_/Y (sky130_fd_sc_hd__a21oi_2)
                                         _049_ (net)
                  0.06    0.00    3.93 v _098_/A (sky130_fd_sc_hd__xnor2_1)
     2    0.01    0.22    0.24    4.16 ^ _098_/Y (sky130_fd_sc_hd__xnor2_1)
                                         _050_ (net)
                  0.22    0.00    4.16 ^ _100_/A2 (sky130_fd_sc_hd__a21oi_2)
     2    0.01    0.07    0.10    4.27 v _100_/Y (sky130_fd_sc_hd__a21oi_2)
                                         _052_ (net)
                  0.07    0.00    4.27 v _101_/B (sky130_fd_sc_hd__xnor2_1)
     2    0.01    0.25    0.24    4.50 ^ _101_/Y (sky130_fd_sc_hd__xnor2_1)
                                         _053_ (net)
                  0.25    0.00    4.50 ^ _103_/A2 (sky130_fd_sc_hd__a21o_1)
     2    0.01    0.11    0.21    4.71 ^ _103_/X (sky130_fd_sc_hd__a21o_1)
                                         _055_ (net)
                  0.11    0.00    4.72 ^ _104_/B (sky130_fd_sc_hd__xnor2_2)
     2    0.01    0.14    0.13    4.84 ^ _104_/Y (sky130_fd_sc_hd__xnor2_2)
                                         _056_ (net)
                  0.14    0.00    4.84 ^ _106_/A2 (sky130_fd_sc_hd__o21a_1)
     2    0.01    0.12    0.18    5.02 ^ _106_/X (sky130_fd_sc_hd__o21a_1)
                                         _058_ (net)
                  0.12    0.00    5.02 ^ _108_/A_N (sky130_fd_sc_hd__and2b_1)
     1    0.01    0.05    0.20    5.23 v _108_/X (sky130_fd_sc_hd__and2b_1)
                                         _000_ (net)
                  0.05    0.00    5.23 v _109_/B1 (sky130_fd_sc_hd__a21oi_2)
     2    0.01    0.14    0.14    5.37 ^ _109_/Y (sky130_fd_sc_hd__a21oi_2)
                                         _001_ (net)
                  0.14    0.00    5.37 ^ _111_/A_N (sky130_fd_sc_hd__and2b_1)
     1    0.01    0.04    0.21    5.58 v _111_/X (sky130_fd_sc_hd__and2b_1)
                                         _003_ (net)
                  0.04    0.00    5.58 v _112_/B1 (sky130_fd_sc_hd__a21oi_2)
     2    0.01    0.15    0.14    5.72 ^ _112_/Y (sky130_fd_sc_hd__a21oi_2)
                                         _004_ (net)
                  0.15    0.00    5.72 ^ _114_/A_N (sky130_fd_sc_hd__and2b_1)
     1    0.00    0.04    0.20    5.92 v _114_/X (sky130_fd_sc_hd__and2b_1)
                                         _006_ (net)
                  0.04    0.00    5.92 v _115_/B1 (sky130_fd_sc_hd__a21o_1)
     1    0.00    0.03    0.15    6.07 v _115_/X (sky130_fd_sc_hd__a21o_1)
                                         x20.out (net)
                  0.03    0.00    6.07 v _186_/D (sky130_fd_sc_hd__dfxtp_1)
                                  6.07   data arrival time

                          6.60    6.60   clock core_clock (rise edge)
                          0.00    6.60   clock source latency
     1    0.01    0.00    0.00    6.60 ^ clk (in)
                                         clk (net)
                  0.00    0.00    6.60 ^ clkbuf_0_clk/A (sky130_fd_sc_hd__clkbuf_16)
     4    0.03    0.05    0.12    6.72 ^ clkbuf_0_clk/X (sky130_fd_sc_hd__clkbuf_16)
                                         clknet_0_clk (net)
                  0.05    0.00    6.72 ^ clkbuf_2_3__f_clk/A (sky130_fd_sc_hd__clkbuf_16)
    10    0.04    0.06    0.14    6.86 ^ clkbuf_2_3__f_clk/X (sky130_fd_sc_hd__clkbuf_16)
                                         clknet_2_3__leaf_clk (net)
                  0.06    0.00    6.86 ^ _186_/CLK (sky130_fd_sc_hd__dfxtp_1)
                          0.00    6.86   clock reconvergence pessimism
                         -0.10    6.76   library setup time
                                  6.76   data required time
-----------------------------------------------------------------------------
                                  6.76   data required time
                                 -6.07   data arrival time
-----------------------------------------------------------------------------
                                  0.69   slack (MET)




===========================================================================
report_checks --slack_max -0.01
============================================================================
======================= Typical Corner ===================================

No paths found.


===========================================================================
 report_check_types -max_slew -max_cap -max_fanout -violators
============================================================================
======================= Typical Corner ===================================


max slew violations count Typical: 0
max fanout violations count Typical: 0
max cap violations count Typical: 0

===========================================================================
report_parasitic_annotation -report_unannotated
============================================================================
Found 3 unannotated drivers.
 clkload0/Y
 clkload1/Y
 clkload2/Y
Found 36 partially unannotated drivers.
 a1
 a3
 b1
 clk
 _071_/X
 _116_/Y
 _137_/Q
 _139_/Q
 _141_/Q
 _143_/Q
 _145_/Q
 _146_/Q
 _147_/Q
 _149_/Q
 _151_/Q
 _153_/Q
 _155_/Q
 _157_/Q
 _159_/Q
 _162_/Q
 _164_/Q
 _168_/Q
 _181_/Q
 clkbuf_0_clk/X
 input13/X
 input15/X
 input2/X
 input3/X
 input6/X
 output34/X
 output35/X
 output38/X
 output40/X
 output42/X
 output43/X
 output50/X

===========================================================================
max slew violation count 0
max fanout violation count 0
max cap violation count 0
============================================================================

===========================================================================
check_setup -verbose -unconstrained_endpoints -multiple_clock -no_clock -no_input_delay -loops -generated_clocks
===========================================================================
Warning: There are 33 input ports missing set_input_delay.
  a1
  a10
  a11
  a12
  a13
  a14
  a15
  a16
  a2
  a3
  a4
  a5
  a6
  a7
  a8
  a9
  b1
  b10
  b11
  b12
  b13
  b14
  b15
  b16
  b2
  b3
  b4
  b5
  b6
  b7
  b8
  b9
  cin
Warning: There are 50 unconstrained endpoints.
  cout
  s1
  s10
  s11
  s12
  s13
  s14
  s15
  s16
  s2
  s3
  s4
  s5
  s6
  s7
  s8
  s9
  _137_/D
  _138_/D
  _139_/D
  _140_/D
  _141_/D
  _142_/D
  _143_/D
  _144_/D
  _145_/D
  _146_/D
  _147_/D
  _148_/D
  _149_/D
  _150_/D
  _151_/D
  _152_/D
  _153_/D
  _154_/D
  _155_/D
  _156_/D
  _157_/D
  _158_/D
  _159_/D
  _160_/D
  _161_/D
  _162_/D
  _163_/D
  _164_/D
  _165_/D
  _166_/D
  _167_/D
  _168_/D
  _169_/D
