
===========================================================================
report_checks -path_delay max (Setup)
============================================================================
======================= Typical Corner ===================================

Startpoint: _188_ (rising edge-triggered flip-flop clocked by core_clock)
Endpoint: _170_ (rising edge-triggered flip-flop clocked by core_clock)
Path Group: core_clock
Path Type: max

Fanout     Cap    Slew   Delay    Time   Description
-----------------------------------------------------------------------------
                          0.00    0.00   clock core_clock (rise edge)
                          0.00    0.00   clock source latency
     1    0.01    0.00    0.00    0.00 ^ clk (in)
                                         clk (net)
                  0.00    0.00    0.00 ^ clkbuf_0_clk/A (sky130_fd_sc_hd__clkbuf_16)
     4    0.03    0.05    0.12    0.12 ^ clkbuf_0_clk/X (sky130_fd_sc_hd__clkbuf_16)
                                         clknet_0_clk (net)
                  0.05    0.00    0.12 ^ clkbuf_2_1__f_clk/A (sky130_fd_sc_hd__clkbuf_16)
    17    0.04    0.06    0.15    0.27 ^ clkbuf_2_1__f_clk/X (sky130_fd_sc_hd__clkbuf_16)
                                         clknet_2_1__leaf_clk (net)
                  0.06    0.00    0.27 ^ _188_/CLK (sky130_fd_sc_hd__dfxtp_1)
     2    0.01    0.07    0.33    0.60 ^ _188_/Q (sky130_fd_sc_hd__dfxtp_1)
                                         b_q[0] (net)
                  0.07    0.00    0.60 ^ _076_/B (sky130_fd_sc_hd__nand2_1)
     2    0.01    0.05    0.07    0.66 v _076_/Y (sky130_fd_sc_hd__nand2_1)
                                         _035_ (net)
                  0.05    0.00    0.66 v _079_/B1_N (sky130_fd_sc_hd__a21bo_1)
     2    0.01    0.10    0.22    0.89 ^ _079_/X (sky130_fd_sc_hd__a21bo_1)
                                         _037_ (net)
                  0.10    0.00    0.89 ^ _084_/A1 (sky130_fd_sc_hd__a21boi_2)
     3    0.01    0.06    0.08    0.96 v _084_/Y (sky130_fd_sc_hd__a21boi_2)
                                         _041_ (net)
                  0.06    0.00    0.97 v _100_/A1 (sky130_fd_sc_hd__o31a_1)
     4    0.02    0.10    0.35    1.32 v _100_/X (sky130_fd_sc_hd__o31a_1)
                                         _055_ (net)
                  0.10    0.00    1.32 v _121_/A1 (sky130_fd_sc_hd__o31a_1)
     4    0.02    0.10    0.37    1.70 v _121_/X (sky130_fd_sc_hd__o31a_1)
                                         _072_ (net)
                  0.10    0.00    1.70 v _145_/A1 (sky130_fd_sc_hd__o31ai_2)
     3    0.01    0.31    0.36    2.05 ^ _145_/Y (sky130_fd_sc_hd__o31ai_2)
                                         _017_ (net)
                  0.31    0.00    2.05 ^ _158_/A1 (sky130_fd_sc_hd__a211oi_1)
     2    0.01    0.11    0.15    2.21 v _158_/Y (sky130_fd_sc_hd__a211oi_1)
                                         _028_ (net)
                  0.11    0.00    2.21 v _164_/A3 (sky130_fd_sc_hd__o31a_1)
     2    0.01    0.07    0.29    2.49 v _164_/X (sky130_fd_sc_hd__o31a_1)
                                         _033_ (net)
                  0.07    0.00    2.49 v _165_/B (sky130_fd_sc_hd__xor2_1)
     1    0.00    0.05    0.15    2.64 v _165_/X (sky130_fd_sc_hd__xor2_1)
                                         sum_d[15] (net)
                  0.05    0.00    2.64 v _170_/D (sky130_fd_sc_hd__dfxtp_1)
                                  2.64   data arrival time

                          5.00    5.00   clock core_clock (rise edge)
                          0.00    5.00   clock source latency
     1    0.01    0.00    0.00    5.00 ^ clk (in)
                                         clk (net)
                  0.00    0.00    5.00 ^ clkbuf_0_clk/A (sky130_fd_sc_hd__clkbuf_16)
     4    0.03    0.05    0.12    5.12 ^ clkbuf_0_clk/X (sky130_fd_sc_hd__clkbuf_16)
                                         clknet_0_clk (net)
                  0.05    0.00    5.12 ^ clkbuf_2_3__f_clk/A (sky130_fd_sc_hd__clkbuf_16)
    10    0.04    0.06    0.14    5.26 ^ clkbuf_2_3__f_clk/X (sky130_fd_sc_hd__clkbuf_16)
                                         clknet_2_3__leaf_clk (net)
                  0.06    0.00    5.27 ^ _170_/CLK (sky130_fd_sc_hd__dfxtp_1)
                          0.00    5.27   clock reconvergence pessimism
                         -0.11    5.16   library setup time
                                  5.16   data required time
-----------------------------------------------------------------------------
                                  5.16   data required time
                                 -2.64   data arrival time
-----------------------------------------------------------------------------
                                  2.52   slack (MET)


Startpoint: _188_ (rising edge-triggered flip-flop clocked by core_clock)
Endpoint: _171_ (rising edge-triggered flip-flop clocked by core_clock)
Path Group: core_clock
Path Type: max

Fanout     Cap    Slew   Delay    Time   Description
-----------------------------------------------------------------------------
                          0.00    0.00   clock core_clock (rise edge)
                          0.00    0.00   clock source latency
     1    0.01    0.00    0.00    0.00 ^ clk (in)
                                         clk (net)
                  0.00    0.00    0.00 ^ clkbuf_0_clk/A (sky130_fd_sc_hd__clkbuf_16)
     4    0.03    0.05    0.12    0.12 ^ clkbuf_0_clk/X (sky130_fd_sc_hd__clkbuf_16)
                                         clknet_0_clk (net)
                  0.05    0.00    0.12 ^ clkbuf_2_1__f_clk/A (sky130_fd_sc_hd__clkbuf_16)
    17    0.04    0.06    0.15    0.27 ^ clkbuf_2_1__f_clk/X (sky130_fd_sc_hd__clkbuf_16)
                                         clknet_2_1__leaf_clk (net)
                  0.06    0.00    0.27 ^ _188_/CLK (sky130_fd_sc_hd__dfxtp_1)
     2    0.01    0.07    0.33    0.60 ^ _188_/Q (sky130_fd_sc_hd__dfxtp_1)
                                         b_q[0] (net)
                  0.07    0.00    0.60 ^ _076_/B (sky130_fd_sc_hd__nand2_1)
     2    0.01    0.05    0.07    0.66 v _076_/Y (sky130_fd_sc_hd__nand2_1)
                                         _035_ (net)
                  0.05    0.00    0.66 v _079_/B1_N (sky130_fd_sc_hd__a21bo_1)
     2    0.01    0.10    0.22    0.89 ^ _079_/X (sky130_fd_sc_hd__a21bo_1)
                                         _037_ (net)
                  0.10    0.00    0.89 ^ _084_/A1 (sky130_fd_sc_hd__a21boi_2)
     3    0.01    0.06    0.08    0.96 v _084_/Y (sky130_fd_sc_hd__a21boi_2)
                                         _041_ (net)
                  0.06    0.00    0.97 v _100_/A1 (sky130_fd_sc_hd__o31a_1)
     4    0.02    0.10    0.35    1.32 v _100_/X (sky130_fd_sc_hd__o31a_1)
                                         _055_ (net)
                  0.10    0.00    1.32 v _121_/A1 (sky130_fd_sc_hd__o31a_1)
     4    0.02    0.10    0.37    1.70 v _121_/X (sky130_fd_sc_hd__o31a_1)
                                         _072_ (net)
                  0.10    0.00    1.70 v _145_/A1 (sky130_fd_sc_hd__o31ai_2)
     3    0.01    0.31    0.36    2.05 ^ _145_/Y (sky130_fd_sc_hd__o31ai_2)
                                         _017_ (net)
                  0.31    0.00    2.05 ^ _158_/A1 (sky130_fd_sc_hd__a211oi_1)
     2    0.01    0.11    0.15    2.21 v _158_/Y (sky130_fd_sc_hd__a211oi_1)
                                         _028_ (net)
                  0.11    0.00    2.21 v _164_/A3 (sky130_fd_sc_hd__o31a_1)
     2    0.01    0.07    0.29    2.49 v _164_/X (sky130_fd_sc_hd__o31a_1)
                                         _033_ (net)
                  0.07    0.00    2.49 v _166_/A2 (sky130_fd_sc_hd__o21ai_1)
     1    0.01    0.15    0.16    2.65 ^ _166_/Y (sky130_fd_sc_hd__o21ai_1)
                                         sum_d[16] (net)
                  0.15    0.00    2.65 ^ _171_/D (sky130_fd_sc_hd__dfxtp_1)
                                  2.65   data arrival time

                          5.00    5.00   clock core_clock (rise edge)
                          0.00    5.00   clock source latency
     1    0.01    0.00    0.00    5.00 ^ clk (in)
                                         clk (net)
                  0.00    0.00    5.00 ^ clkbuf_0_clk/A (sky130_fd_sc_hd__clkbuf_16)
     4    0.03    0.05    0.12    5.12 ^ clkbuf_0_clk/X (sky130_fd_sc_hd__clkbuf_16)
                                         clknet_0_clk (net)
                  0.05    0.00    5.12 ^ clkbuf_2_1__f_clk/A (sky130_fd_sc_hd__clkbuf_16)
    17    0.04    0.06    0.15    5.27 ^ clkbuf_2_1__f_clk/X (sky130_fd_sc_hd__clkbuf_16)
                                         clknet_2_1__leaf_clk (net)
                  0.06    0.00    5.27 ^ _171_/CLK (sky130_fd_sc_hd__dfxtp_1)
                          0.00    5.27   clock reconvergence pessimism
                         -0.08    5.19   library setup time
                                  5.19   data required time
-----------------------------------------------------------------------------
                                  5.19   data required time
                                 -2.65   data arrival time
-----------------------------------------------------------------------------
                                  2.54   slack (MET)


Startpoint: _188_ (rising edge-triggered flip-flop clocked by core_clock)
Endpoint: _169_ (rising edge-triggered flip-flop clocked by core_clock)
Path Group: core_clock
Path Type: max

Fanout     Cap    Slew   Delay    Time   Description
-----------------------------------------------------------------------------
                          0.00    0.00   clock core_clock (rise edge)
                          0.00    0.00   clock source latency
     1    0.01    0.00    0.00    0.00 ^ clk (in)
                                         clk (net)
                  0.00    0.00    0.00 ^ clkbuf_0_clk/A (sky130_fd_sc_hd__clkbuf_16)
     4    0.03    0.05    0.12    0.12 ^ clkbuf_0_clk/X (sky130_fd_sc_hd__clkbuf_16)
                                         clknet_0_clk (net)
                  0.05    0.00    0.12 ^ clkbuf_2_1__f_clk/A (sky130_fd_sc_hd__clkbuf_16)
    17    0.04    0.06    0.15    0.27 ^ clkbuf_2_1__f_clk/X (sky130_fd_sc_hd__clkbuf_16)
                                         clknet_2_1__leaf_clk (net)
                  0.06    0.00    0.27 ^ _188_/CLK (sky130_fd_sc_hd__dfxtp_1)
     2    0.01    0.07    0.33    0.60 ^ _188_/Q (sky130_fd_sc_hd__dfxtp_1)
                                         b_q[0] (net)
                  0.07    0.00    0.60 ^ _076_/B (sky130_fd_sc_hd__nand2_1)
     2    0.01    0.05    0.07    0.66 v _076_/Y (sky130_fd_sc_hd__nand2_1)
                                         _035_ (net)
                  0.05    0.00    0.66 v _079_/B1_N (sky130_fd_sc_hd__a21bo_1)
     2    0.01    0.10    0.22    0.89 ^ _079_/X (sky130_fd_sc_hd__a21bo_1)
                                         _037_ (net)
                  0.10    0.00    0.89 ^ _084_/A1 (sky130_fd_sc_hd__a21boi_2)
     3    0.01    0.06    0.08    0.96 v _084_/Y (sky130_fd_sc_hd__a21boi_2)
                                         _041_ (net)
                  0.06    0.00    0.97 v _100_/A1 (sky130_fd_sc_hd__o31a_1)
     4    0.02    0.10    0.35    1.32 v _100_/X (sky130_fd_sc_hd__o31a_1)
                                         _055_ (net)
                  0.10    0.00    1.32 v _121_/A1 (sky130_fd_sc_hd__o31a_1)
     4    0.02    0.10    0.37    1.70 v _121_/X (sky130_fd_sc_hd__o31a_1)
                                         _072_ (net)
                  0.10    0.00    1.70 v _145_/A1 (sky130_fd_sc_hd__o31ai_2)
     3    0.01    0.31    0.36    2.05 ^ _145_/Y (sky130_fd_sc_hd__o31ai_2)
                                         _017_ (net)
                  0.31    0.00    2.05 ^ _158_/A1 (sky130_fd_sc_hd__a211oi_1)
     2    0.01    0.11    0.15    2.21 v _158_/Y (sky130_fd_sc_hd__a211oi_1)
                                         _028_ (net)
                  0.11    0.00    2.21 v _159_/B (sky130_fd_sc_hd__nor2_1)
     1    0.01    0.12    0.14    2.35 ^ _159_/Y (sky130_fd_sc_hd__nor2_1)
                                         _029_ (net)
                  0.12    0.00    2.35 ^ _160_/B (sky130_fd_sc_hd__xnor2_1)
     1    0.01    0.17    0.15    2.50 ^ _160_/Y (sky130_fd_sc_hd__xnor2_1)
                                         sum_d[14] (net)
                  0.17    0.00    2.50 ^ _169_/D (sky130_fd_sc_hd__dfxtp_1)
                                  2.50   data arrival time

                          5.00    5.00   clock core_clock (rise edge)
                          0.00    5.00   clock source latency
     1    0.01    0.00    0.00    5.00 ^ clk (in)
                                         clk (net)
                  0.00    0.00    5.00 ^ clkbuf_0_clk/A (sky130_fd_sc_hd__clkbuf_16)
     4    0.03    0.05    0.12    5.12 ^ clkbuf_0_clk/X (sky130_fd_sc_hd__clkbuf_16)
                                         clknet_0_clk (net)
                  0.05    0.00    5.12 ^ clkbuf_2_1__f_clk/A (sky130_fd_sc_hd__clkbuf_16)
    17    0.04    0.06    0.15    5.27 ^ clkbuf_2_1__f_clk/X (sky130_fd_sc_hd__clkbuf_16)
                                         clknet_2_1__leaf_clk (net)
                  0.06    0.00    5.27 ^ _169_/CLK (sky130_fd_sc_hd__dfxtp_1)
                          0.00    5.27   clock reconvergence pessimism
                         -0.08    5.19   library setup time
                                  5.19   data required time
-----------------------------------------------------------------------------
                                  5.19   data required time
                                 -2.50   data arrival time
-----------------------------------------------------------------------------
                                  2.69   slack (MET)


Startpoint: _188_ (rising edge-triggered flip-flop clocked by core_clock)
Endpoint: _168_ (rising edge-triggered flip-flop clocked by core_clock)
Path Group: core_clock
Path Type: max

Fanout     Cap    Slew   Delay    Time   Description
-----------------------------------------------------------------------------
                          0.00    0.00   clock core_clock (rise edge)
                          0.00    0.00   clock source latency
     1    0.01    0.00    0.00    0.00 ^ clk (in)
                                         clk (net)
                  0.00    0.00    0.00 ^ clkbuf_0_clk/A (sky130_fd_sc_hd__clkbuf_16)
     4    0.03    0.05    0.12    0.12 ^ clkbuf_0_clk/X (sky130_fd_sc_hd__clkbuf_16)
                                         clknet_0_clk (net)
                  0.05    0.00    0.12 ^ clkbuf_2_1__f_clk/A (sky130_fd_sc_hd__clkbuf_16)
    17    0.04    0.06    0.15    0.27 ^ clkbuf_2_1__f_clk/X (sky130_fd_sc_hd__clkbuf_16)
                                         clknet_2_1__leaf_clk (net)
                  0.06    0.00    0.27 ^ _188_/CLK (sky130_fd_sc_hd__dfxtp_1)
     2    0.01    0.07    0.33    0.60 ^ _188_/Q (sky130_fd_sc_hd__dfxtp_1)
                                         b_q[0] (net)
                  0.07    0.00    0.60 ^ _076_/B (sky130_fd_sc_hd__nand2_1)
     2    0.01    0.05    0.07    0.66 v _076_/Y (sky130_fd_sc_hd__nand2_1)
                                         _035_ (net)
                  0.05    0.00    0.66 v _079_/B1_N (sky130_fd_sc_hd__a21bo_1)
     2    0.01    0.10    0.22    0.89 ^ _079_/X (sky130_fd_sc_hd__a21bo_1)
                                         _037_ (net)
                  0.10    0.00    0.89 ^ _084_/A1 (sky130_fd_sc_hd__a21boi_2)
     3    0.01    0.06    0.08    0.96 v _084_/Y (sky130_fd_sc_hd__a21boi_2)
                                         _041_ (net)
                  0.06    0.00    0.97 v _100_/A1 (sky130_fd_sc_hd__o31a_1)
     4    0.02    0.10    0.35    1.32 v _100_/X (sky130_fd_sc_hd__o31a_1)
                                         _055_ (net)
                  0.10    0.00    1.32 v _121_/A1 (sky130_fd_sc_hd__o31a_1)
     4    0.02    0.10    0.37    1.70 v _121_/X (sky130_fd_sc_hd__o31a_1)
                                         _072_ (net)
                  0.10    0.00    1.70 v _145_/A1 (sky130_fd_sc_hd__o31ai_2)
     3    0.01    0.31    0.36    2.05 ^ _145_/Y (sky130_fd_sc_hd__o31ai_2)
                                         _017_ (net)
                  0.31    0.00    2.05 ^ _153_/A1 (sky130_fd_sc_hd__a21o_1)
     1    0.01    0.06    0.18    2.23 ^ _153_/X (sky130_fd_sc_hd__a21o_1)
                                         _024_ (net)
                  0.06    0.00    2.23 ^ _154_/B (sky130_fd_sc_hd__xnor2_1)
     1    0.00    0.15    0.13    2.36 ^ _154_/Y (sky130_fd_sc_hd__xnor2_1)
                                         sum_d[13] (net)
                  0.15    0.00    2.36 ^ _168_/D (sky130_fd_sc_hd__dfxtp_1)
                                  2.36   data arrival time

                          5.00    5.00   clock core_clock (rise edge)
                          0.00    5.00   clock source latency
     1    0.01    0.00    0.00    5.00 ^ clk (in)
                                         clk (net)
                  0.00    0.00    5.00 ^ clkbuf_0_clk/A (sky130_fd_sc_hd__clkbuf_16)
     4    0.03    0.05    0.12    5.12 ^ clkbuf_0_clk/X (sky130_fd_sc_hd__clkbuf_16)
                                         clknet_0_clk (net)
                  0.05    0.00    5.12 ^ clkbuf_2_1__f_clk/A (sky130_fd_sc_hd__clkbuf_16)
    17    0.04    0.06    0.15    5.27 ^ clkbuf_2_1__f_clk/X (sky130_fd_sc_hd__clkbuf_16)
                                         clknet_2_1__leaf_clk (net)
                  0.06    0.00    5.27 ^ _168_/CLK (sky130_fd_sc_hd__dfxtp_1)
                          0.00    5.27   clock reconvergence pessimism
                         -0.08    5.19   library setup time
                                  5.19   data required time
-----------------------------------------------------------------------------
                                  5.19   data required time
                                 -2.36   data arrival time
-----------------------------------------------------------------------------
                                  2.84   slack (MET)


Startpoint: _188_ (rising edge-triggered flip-flop clocked by core_clock)
Endpoint: _216_ (rising edge-triggered flip-flop clocked by core_clock)
Path Group: core_clock
Path Type: max

Fanout     Cap    Slew   Delay    Time   Description
-----------------------------------------------------------------------------
                          0.00    0.00   clock core_clock (rise edge)
                          0.00    0.00   clock source latency
     1    0.01    0.00    0.00    0.00 ^ clk (in)
                                         clk (net)
                  0.00    0.00    0.00 ^ clkbuf_0_clk/A (sky130_fd_sc_hd__clkbuf_16)
     4    0.03    0.05    0.12    0.12 ^ clkbuf_0_clk/X (sky130_fd_sc_hd__clkbuf_16)
                                         clknet_0_clk (net)
                  0.05    0.00    0.12 ^ clkbuf_2_1__f_clk/A (sky130_fd_sc_hd__clkbuf_16)
    17    0.04    0.06    0.15    0.27 ^ clkbuf_2_1__f_clk/X (sky130_fd_sc_hd__clkbuf_16)
                                         clknet_2_1__leaf_clk (net)
                  0.06    0.00    0.27 ^ _188_/CLK (sky130_fd_sc_hd__dfxtp_1)
     2    0.01    0.07    0.33    0.60 ^ _188_/Q (sky130_fd_sc_hd__dfxtp_1)
                                         b_q[0] (net)
                  0.07    0.00    0.60 ^ _076_/B (sky130_fd_sc_hd__nand2_1)
     2    0.01    0.05    0.07    0.66 v _076_/Y (sky130_fd_sc_hd__nand2_1)
                                         _035_ (net)
                  0.05    0.00    0.66 v _079_/B1_N (sky130_fd_sc_hd__a21bo_1)
     2    0.01    0.10    0.22    0.89 ^ _079_/X (sky130_fd_sc_hd__a21bo_1)
                                         _037_ (net)
                  0.10    0.00    0.89 ^ _084_/A1 (sky130_fd_sc_hd__a21boi_2)
     3    0.01    0.06    0.08    0.96 v _084_/Y (sky130_fd_sc_hd__a21boi_2)
                                         _041_ (net)
                  0.06    0.00    0.97 v _100_/A1 (sky130_fd_sc_hd__o31a_1)
     4    0.02    0.10    0.35    1.32 v _100_/X (sky130_fd_sc_hd__o31a_1)
                                         _055_ (net)
                  0.10    0.00    1.32 v _121_/A1 (sky130_fd_sc_hd__o31a_1)
     4    0.02    0.10    0.37    1.70 v _121_/X (sky130_fd_sc_hd__o31a_1)
                                         _072_ (net)
                  0.10    0.00    1.70 v _133_/A1 (sky130_fd_sc_hd__o21a_1)
     2    0.01    0.06    0.23    1.93 v _133_/X (sky130_fd_sc_hd__o21a_1)
                                         _007_ (net)
                  0.06    0.00    1.93 v _138_/A2 (sky130_fd_sc_hd__o21a_1)
     1    0.01    0.05    0.18    2.11 v _138_/X (sky130_fd_sc_hd__o21a_1)
                                         _011_ (net)
                  0.05    0.00    2.11 v _139_/B (sky130_fd_sc_hd__xnor2_1)
     1    0.00    0.07    0.13    2.24 v _139_/Y (sky130_fd_sc_hd__xnor2_1)
                                         sum_d[11] (net)
                  0.07    0.00    2.24 v _216_/D (sky130_fd_sc_hd__dfxtp_1)
                                  2.24   data arrival time

                          5.00    5.00   clock core_clock (rise edge)
                          0.00    5.00   clock source latency
     1    0.01    0.00    0.00    5.00 ^ clk (in)
                                         clk (net)
                  0.00    0.00    5.00 ^ clkbuf_0_clk/A (sky130_fd_sc_hd__clkbuf_16)
     4    0.03    0.05    0.12    5.12 ^ clkbuf_0_clk/X (sky130_fd_sc_hd__clkbuf_16)
                                         clknet_0_clk (net)
                  0.05    0.00    5.12 ^ clkbuf_2_1__f_clk/A (sky130_fd_sc_hd__clkbuf_16)
    17    0.04    0.06    0.15    5.27 ^ clkbuf_2_1__f_clk/X (sky130_fd_sc_hd__clkbuf_16)
                                         clknet_2_1__leaf_clk (net)
                  0.06    0.00    5.27 ^ _216_/CLK (sky130_fd_sc_hd__dfxtp_1)
                          0.00    5.27   clock reconvergence pessimism
                         -0.12    5.15   library setup time
                                  5.15   data required time
-----------------------------------------------------------------------------
                                  5.15   data required time
                                 -2.24   data arrival time
-----------------------------------------------------------------------------
                                  2.91   slack (MET)


Startpoint: _188_ (rising edge-triggered flip-flop clocked by core_clock)
Endpoint: _167_ (rising edge-triggered flip-flop clocked by core_clock)
Path Group: core_clock
Path Type: max

Fanout     Cap    Slew   Delay    Time   Description
-----------------------------------------------------------------------------
                          0.00    0.00   clock core_clock (rise edge)
                          0.00    0.00   clock source latency
     1    0.01    0.00    0.00    0.00 ^ clk (in)
                                         clk (net)
                  0.00    0.00    0.00 ^ clkbuf_0_clk/A (sky130_fd_sc_hd__clkbuf_16)
     4    0.03    0.05    0.12    0.12 ^ clkbuf_0_clk/X (sky130_fd_sc_hd__clkbuf_16)
                                         clknet_0_clk (net)
                  0.05    0.00    0.12 ^ clkbuf_2_1__f_clk/A (sky130_fd_sc_hd__clkbuf_16)
    17    0.04    0.06    0.15    0.27 ^ clkbuf_2_1__f_clk/X (sky130_fd_sc_hd__clkbuf_16)
                                         clknet_2_1__leaf_clk (net)
                  0.06    0.00    0.27 ^ _188_/CLK (sky130_fd_sc_hd__dfxtp_1)
     2    0.01    0.07    0.33    0.60 ^ _188_/Q (sky130_fd_sc_hd__dfxtp_1)
                                         b_q[0] (net)
                  0.07    0.00    0.60 ^ _076_/B (sky130_fd_sc_hd__nand2_1)
     2    0.01    0.05    0.07    0.66 v _076_/Y (sky130_fd_sc_hd__nand2_1)
                                         _035_ (net)
                  0.05    0.00    0.66 v _079_/B1_N (sky130_fd_sc_hd__a21bo_1)
     2    0.01    0.10    0.22    0.89 ^ _079_/X (sky130_fd_sc_hd__a21bo_1)
                                         _037_ (net)
                  0.10    0.00    0.89 ^ _084_/A1 (sky130_fd_sc_hd__a21boi_2)
     3    0.01    0.06    0.08    0.96 v _084_/Y (sky130_fd_sc_hd__a21boi_2)
                                         _041_ (net)
                  0.06    0.00    0.97 v _100_/A1 (sky130_fd_sc_hd__o31a_1)
     4    0.02    0.10    0.35    1.32 v _100_/X (sky130_fd_sc_hd__o31a_1)
                                         _055_ (net)
                  0.10    0.00    1.32 v _121_/A1 (sky130_fd_sc_hd__o31a_1)
     4    0.02    0.10    0.37    1.70 v _121_/X (sky130_fd_sc_hd__o31a_1)
                                         _072_ (net)
                  0.10    0.00    1.70 v _145_/A1 (sky130_fd_sc_hd__o31ai_2)
     3    0.01    0.31    0.36    2.05 ^ _145_/Y (sky130_fd_sc_hd__o31ai_2)
                                         _017_ (net)
                  0.31    0.00    2.05 ^ _149_/A (sky130_fd_sc_hd__xor2_1)
     1    0.01    0.16    0.21    2.27 ^ _149_/X (sky130_fd_sc_hd__xor2_1)
                                         sum_d[12] (net)
                  0.16    0.00    2.27 ^ _167_/D (sky130_fd_sc_hd__dfxtp_1)
                                  2.27   data arrival time

                          5.00    5.00   clock core_clock (rise edge)
                          0.00    5.00   clock source latency
     1    0.01    0.00    0.00    5.00 ^ clk (in)
                                         clk (net)
                  0.00    0.00    5.00 ^ clkbuf_0_clk/A (sky130_fd_sc_hd__clkbuf_16)
     4    0.03    0.05    0.12    5.12 ^ clkbuf_0_clk/X (sky130_fd_sc_hd__clkbuf_16)
                                         clknet_0_clk (net)
                  0.05    0.00    5.12 ^ clkbuf_2_1__f_clk/A (sky130_fd_sc_hd__clkbuf_16)
    17    0.04    0.06    0.15    5.27 ^ clkbuf_2_1__f_clk/X (sky130_fd_sc_hd__clkbuf_16)
                                         clknet_2_1__leaf_clk (net)
                  0.06    0.00    5.27 ^ _167_/CLK (sky130_fd_sc_hd__dfxtp_1)
                          0.00    5.27   clock reconvergence pessimism
                         -0.08    5.19   library setup time
                                  5.19   data required time
-----------------------------------------------------------------------------
                                  5.19   data required time
                                 -2.27   data arrival time
-----------------------------------------------------------------------------
                                  2.92   slack (MET)


Startpoint: _188_ (rising edge-triggered flip-flop clocked by core_clock)
Endpoint: _215_ (rising edge-triggered flip-flop clocked by core_clock)
Path Group: core_clock
Path Type: max

Fanout     Cap    Slew   Delay    Time   Description
-----------------------------------------------------------------------------
                          0.00    0.00   clock core_clock (rise edge)
                          0.00    0.00   clock source latency
     1    0.01    0.00    0.00    0.00 ^ clk (in)
                                         clk (net)
                  0.00    0.00    0.00 ^ clkbuf_0_clk/A (sky130_fd_sc_hd__clkbuf_16)
     4    0.03    0.05    0.12    0.12 ^ clkbuf_0_clk/X (sky130_fd_sc_hd__clkbuf_16)
                                         clknet_0_clk (net)
                  0.05    0.00    0.12 ^ clkbuf_2_1__f_clk/A (sky130_fd_sc_hd__clkbuf_16)
    17    0.04    0.06    0.15    0.27 ^ clkbuf_2_1__f_clk/X (sky130_fd_sc_hd__clkbuf_16)
                                         clknet_2_1__leaf_clk (net)
                  0.06    0.00    0.27 ^ _188_/CLK (sky130_fd_sc_hd__dfxtp_1)
     2    0.01    0.07    0.33    0.60 ^ _188_/Q (sky130_fd_sc_hd__dfxtp_1)
                                         b_q[0] (net)
                  0.07    0.00    0.60 ^ _076_/B (sky130_fd_sc_hd__nand2_1)
     2    0.01    0.05    0.07    0.66 v _076_/Y (sky130_fd_sc_hd__nand2_1)
                                         _035_ (net)
                  0.05    0.00    0.66 v _079_/B1_N (sky130_fd_sc_hd__a21bo_1)
     2    0.01    0.10    0.22    0.89 ^ _079_/X (sky130_fd_sc_hd__a21bo_1)
                                         _037_ (net)
                  0.10    0.00    0.89 ^ _084_/A1 (sky130_fd_sc_hd__a21boi_2)
     3    0.01    0.06    0.08    0.96 v _084_/Y (sky130_fd_sc_hd__a21boi_2)
                                         _041_ (net)
                  0.06    0.00    0.97 v _100_/A1 (sky130_fd_sc_hd__o31a_1)
     4    0.02    0.10    0.35    1.32 v _100_/X (sky130_fd_sc_hd__o31a_1)
                                         _055_ (net)
                  0.10    0.00    1.32 v _121_/A1 (sky130_fd_sc_hd__o31a_1)
     4    0.02    0.10    0.37    1.70 v _121_/X (sky130_fd_sc_hd__o31a_1)
                                         _072_ (net)
                  0.10    0.00    1.70 v _133_/A1 (sky130_fd_sc_hd__o21a_1)
     2    0.01    0.06    0.23    1.93 v _133_/X (sky130_fd_sc_hd__o21a_1)
                                         _007_ (net)
                  0.06    0.00    1.93 v _134_/B (sky130_fd_sc_hd__xnor2_1)
     1    0.00    0.06    0.13    2.06 v _134_/Y (sky130_fd_sc_hd__xnor2_1)
                                         sum_d[10] (net)
                  0.06    0.00    2.06 v _215_/D (sky130_fd_sc_hd__dfxtp_1)
                                  2.06   data arrival time

                          5.00    5.00   clock core_clock (rise edge)
                          0.00    5.00   clock source latency
     1    0.01    0.00    0.00    5.00 ^ clk (in)
                                         clk (net)
                  0.00    0.00    5.00 ^ clkbuf_0_clk/A (sky130_fd_sc_hd__clkbuf_16)
     4    0.03    0.05    0.12    5.12 ^ clkbuf_0_clk/X (sky130_fd_sc_hd__clkbuf_16)
                                         clknet_0_clk (net)
                  0.05    0.00    5.12 ^ clkbuf_2_1__f_clk/A (sky130_fd_sc_hd__clkbuf_16)
    17    0.04    0.06    0.15    5.27 ^ clkbuf_2_1__f_clk/X (sky130_fd_sc_hd__clkbuf_16)
                                         clknet_2_1__leaf_clk (net)
                  0.06    0.00    5.27 ^ _215_/CLK (sky130_fd_sc_hd__dfxtp_1)
                          0.00    5.27   clock reconvergence pessimism
                         -0.11    5.16   library setup time
                                  5.16   data required time
-----------------------------------------------------------------------------
                                  5.16   data required time
                                 -2.06   data arrival time
-----------------------------------------------------------------------------
                                  3.10   slack (MET)


Startpoint: _188_ (rising edge-triggered flip-flop clocked by core_clock)
Endpoint: _214_ (rising edge-triggered flip-flop clocked by core_clock)
Path Group: core_clock
Path Type: max

Fanout     Cap    Slew   Delay    Time   Description
-----------------------------------------------------------------------------
                          0.00    0.00   clock core_clock (rise edge)
                          0.00    0.00   clock source latency
     1    0.01    0.00    0.00    0.00 ^ clk (in)
                                         clk (net)
                  0.00    0.00    0.00 ^ clkbuf_0_clk/A (sky130_fd_sc_hd__clkbuf_16)
     4    0.03    0.05    0.12    0.12 ^ clkbuf_0_clk/X (sky130_fd_sc_hd__clkbuf_16)
                                         clknet_0_clk (net)
                  0.05    0.00    0.12 ^ clkbuf_2_1__f_clk/A (sky130_fd_sc_hd__clkbuf_16)
    17    0.04    0.06    0.15    0.27 ^ clkbuf_2_1__f_clk/X (sky130_fd_sc_hd__clkbuf_16)
                                         clknet_2_1__leaf_clk (net)
                  0.06    0.00    0.27 ^ _188_/CLK (sky130_fd_sc_hd__dfxtp_1)
     2    0.01    0.07    0.33    0.60 ^ _188_/Q (sky130_fd_sc_hd__dfxtp_1)
                                         b_q[0] (net)
                  0.07    0.00    0.60 ^ _076_/B (sky130_fd_sc_hd__nand2_1)
     2    0.01    0.05    0.07    0.66 v _076_/Y (sky130_fd_sc_hd__nand2_1)
                                         _035_ (net)
                  0.05    0.00    0.66 v _079_/B1_N (sky130_fd_sc_hd__a21bo_1)
     2    0.01    0.10    0.22    0.89 ^ _079_/X (sky130_fd_sc_hd__a21bo_1)
                                         _037_ (net)
                  0.10    0.00    0.89 ^ _084_/A1 (sky130_fd_sc_hd__a21boi_2)
     3    0.01    0.06    0.08    0.96 v _084_/Y (sky130_fd_sc_hd__a21boi_2)
                                         _041_ (net)
                  0.06    0.00    0.97 v _100_/A1 (sky130_fd_sc_hd__o31a_1)
     4    0.02    0.10    0.35    1.32 v _100_/X (sky130_fd_sc_hd__o31a_1)
                                         _055_ (net)
                  0.10    0.00    1.32 v _121_/A1 (sky130_fd_sc_hd__o31a_1)
     4    0.02    0.10    0.37    1.70 v _121_/X (sky130_fd_sc_hd__o31a_1)
                                         _072_ (net)
                  0.10    0.00    1.70 v _127_/A1 (sky130_fd_sc_hd__o21a_1)
     1    0.01    0.04    0.21    1.91 v _127_/X (sky130_fd_sc_hd__o21a_1)
                                         _002_ (net)
                  0.04    0.00    1.91 v _128_/B (sky130_fd_sc_hd__xnor2_1)
     1    0.00    0.06    0.12    2.03 v _128_/Y (sky130_fd_sc_hd__xnor2_1)
                                         sum_d[9] (net)
                  0.06    0.00    2.03 v _214_/D (sky130_fd_sc_hd__dfxtp_1)
                                  2.03   data arrival time

                          5.00    5.00   clock core_clock (rise edge)
                          0.00    5.00   clock source latency
     1    0.01    0.00    0.00    5.00 ^ clk (in)
                                         clk (net)
                  0.00    0.00    5.00 ^ clkbuf_0_clk/A (sky130_fd_sc_hd__clkbuf_16)
     4    0.03    0.05    0.12    5.12 ^ clkbuf_0_clk/X (sky130_fd_sc_hd__clkbuf_16)
                                         clknet_0_clk (net)
                  0.05    0.00    5.12 ^ clkbuf_2_1__f_clk/A (sky130_fd_sc_hd__clkbuf_16)
    17    0.04    0.06    0.15    5.27 ^ clkbuf_2_1__f_clk/X (sky130_fd_sc_hd__clkbuf_16)
                                         clknet_2_1__leaf_clk (net)
                  0.06    0.00    5.27 ^ _214_/CLK (sky130_fd_sc_hd__dfxtp_1)
                          0.00    5.27   clock reconvergence pessimism
                         -0.11    5.16   library setup time
                                  5.16   data required time
-----------------------------------------------------------------------------
                                  5.16   data required time
                                 -2.03   data arrival time
-----------------------------------------------------------------------------
                                  3.13   slack (MET)


Startpoint: _188_ (rising edge-triggered flip-flop clocked by core_clock)
Endpoint: _213_ (rising edge-triggered flip-flop clocked by core_clock)
Path Group: core_clock
Path Type: max

Fanout     Cap    Slew   Delay    Time   Description
-----------------------------------------------------------------------------
                          0.00    0.00   clock core_clock (rise edge)
                          0.00    0.00   clock source latency
     1    0.01    0.00    0.00    0.00 ^ clk (in)
                                         clk (net)
                  0.00    0.00    0.00 ^ clkbuf_0_clk/A (sky130_fd_sc_hd__clkbuf_16)
     4    0.03    0.05    0.12    0.12 ^ clkbuf_0_clk/X (sky130_fd_sc_hd__clkbuf_16)
                                         clknet_0_clk (net)
                  0.05    0.00    0.12 ^ clkbuf_2_1__f_clk/A (sky130_fd_sc_hd__clkbuf_16)
    17    0.04    0.06    0.15    0.27 ^ clkbuf_2_1__f_clk/X (sky130_fd_sc_hd__clkbuf_16)
                                         clknet_2_1__leaf_clk (net)
                  0.06    0.00    0.27 ^ _188_/CLK (sky130_fd_sc_hd__dfxtp_1)
     2    0.01    0.07    0.33    0.60 ^ _188_/Q (sky130_fd_sc_hd__dfxtp_1)
                                         b_q[0] (net)
                  0.07    0.00    0.60 ^ _076_/B (sky130_fd_sc_hd__nand2_1)
     2    0.01    0.05    0.07    0.66 v _076_/Y (sky130_fd_sc_hd__nand2_1)
                                         _035_ (net)
                  0.05    0.00    0.66 v _079_/B1_N (sky130_fd_sc_hd__a21bo_1)
     2    0.01    0.10    0.22    0.89 ^ _079_/X (sky130_fd_sc_hd__a21bo_1)
                                         _037_ (net)
                  0.10    0.00    0.89 ^ _084_/A1 (sky130_fd_sc_hd__a21boi_2)
     3    0.01    0.06    0.08    0.96 v _084_/Y (sky130_fd_sc_hd__a21boi_2)
                                         _041_ (net)
                  0.06    0.00    0.97 v _100_/A1 (sky130_fd_sc_hd__o31a_1)
     4    0.02    0.10    0.35    1.32 v _100_/X (sky130_fd_sc_hd__o31a_1)
                                         _055_ (net)
                  0.10    0.00    1.32 v _121_/A1 (sky130_fd_sc_hd__o31a_1)
     4    0.02    0.10    0.37    1.70 v _121_/X (sky130_fd_sc_hd__o31a_1)
                                         _072_ (net)
                  0.10    0.00    1.70 v _125_/A (sky130_fd_sc_hd__xor2_1)
     1    0.00    0.06    0.18    1.87 v _125_/X (sky130_fd_sc_hd__xor2_1)
                                         sum_d[8] (net)
                  0.06    0.00    1.87 v _213_/D (sky130_fd_sc_hd__dfxtp_1)
                                  1.87   data arrival time

                          5.00    5.00   clock core_clock (rise edge)
                          0.00    5.00   clock source latency
     1    0.01    0.00    0.00    5.00 ^ clk (in)
                                         clk (net)
                  0.00    0.00    5.00 ^ clkbuf_0_clk/A (sky130_fd_sc_hd__clkbuf_16)
     4    0.03    0.05    0.12    5.12 ^ clkbuf_0_clk/X (sky130_fd_sc_hd__clkbuf_16)
                                         clknet_0_clk (net)
                  0.05    0.00    5.12 ^ clkbuf_2_3__f_clk/A (sky130_fd_sc_hd__clkbuf_16)
    10    0.04    0.06    0.14    5.26 ^ clkbuf_2_3__f_clk/X (sky130_fd_sc_hd__clkbuf_16)
                                         clknet_2_3__leaf_clk (net)
                  0.06    0.00    5.27 ^ _213_/CLK (sky130_fd_sc_hd__dfxtp_1)
                          0.00    5.27   clock reconvergence pessimism
                         -0.11    5.15   library setup time
                                  5.15   data required time
-----------------------------------------------------------------------------
                                  5.15   data required time
                                 -1.87   data arrival time
-----------------------------------------------------------------------------
                                  3.28   slack (MET)


Startpoint: _172_ (rising edge-triggered flip-flop clocked by core_clock)
Endpoint: _212_ (rising edge-triggered flip-flop clocked by core_clock)
Path Group: core_clock
Path Type: max

Fanout     Cap    Slew   Delay    Time   Description
-----------------------------------------------------------------------------
                          0.00    0.00   clock core_clock (rise edge)
                          0.00    0.00   clock source latency
     1    0.01    0.00    0.00    0.00 ^ clk (in)
                                         clk (net)
                  0.00    0.00    0.00 ^ clkbuf_0_clk/A (sky130_fd_sc_hd__clkbuf_16)
     4    0.03    0.05    0.12    0.12 ^ clkbuf_0_clk/X (sky130_fd_sc_hd__clkbuf_16)
                                         clknet_0_clk (net)
                  0.05    0.00    0.12 ^ clkbuf_2_1__f_clk/A (sky130_fd_sc_hd__clkbuf_16)
    17    0.04    0.06    0.15    0.27 ^ clkbuf_2_1__f_clk/X (sky130_fd_sc_hd__clkbuf_16)
                                         clknet_2_1__leaf_clk (net)
                  0.06    0.00    0.27 ^ _172_/CLK (sky130_fd_sc_hd__dfxtp_1)
     2    0.01    0.04    0.31    0.58 v _172_/Q (sky130_fd_sc_hd__dfxtp_1)
                                         a_q[0] (net)
                  0.04    0.00    0.58 v _075_/A (sky130_fd_sc_hd__or2_1)
     2    0.01    0.06    0.23    0.81 v _075_/X (sky130_fd_sc_hd__or2_1)
                                         _034_ (net)
                  0.06    0.00    0.81 v _079_/A2 (sky130_fd_sc_hd__a21bo_1)
     2    0.01    0.07    0.23    1.04 v _079_/X (sky130_fd_sc_hd__a21bo_1)
                                         _037_ (net)
                  0.07    0.00    1.04 v _084_/A1 (sky130_fd_sc_hd__a21boi_2)
     3    0.01    0.16    0.18    1.22 ^ _084_/Y (sky130_fd_sc_hd__a21boi_2)
                                         _041_ (net)
                  0.16    0.00    1.22 ^ _100_/A1 (sky130_fd_sc_hd__o31a_1)
     4    0.02    0.17    0.25    1.47 ^ _100_/X (sky130_fd_sc_hd__o31a_1)
                                         _055_ (net)
                  0.17    0.00    1.47 ^ _111_/A1 (sky130_fd_sc_hd__o21a_1)
     2    0.01    0.10    0.19    1.66 ^ _111_/X (sky130_fd_sc_hd__o21a_1)
                                         _064_ (net)
                  0.10    0.00    1.66 ^ _117_/A2 (sky130_fd_sc_hd__o21a_1)
     1    0.01    0.06    0.13    1.79 ^ _117_/X (sky130_fd_sc_hd__o21a_1)
                                         _069_ (net)
                  0.06    0.00    1.79 ^ _118_/B (sky130_fd_sc_hd__xnor2_1)
     1    0.00    0.11    0.11    1.90 ^ _118_/Y (sky130_fd_sc_hd__xnor2_1)
                                         sum_d[7] (net)
                  0.11    0.00    1.90 ^ _212_/D (sky130_fd_sc_hd__dfxtp_1)
                                  1.90   data arrival time

                          5.00    5.00   clock core_clock (rise edge)
                          0.00    5.00   clock source latency
     1    0.01    0.00    0.00    5.00 ^ clk (in)
                                         clk (net)
                  0.00    0.00    5.00 ^ clkbuf_0_clk/A (sky130_fd_sc_hd__clkbuf_16)
     4    0.03    0.05    0.12    5.12 ^ clkbuf_0_clk/X (sky130_fd_sc_hd__clkbuf_16)
                                         clknet_0_clk (net)
                  0.05    0.00    5.12 ^ clkbuf_2_0__f_clk/A (sky130_fd_sc_hd__clkbuf_16)
    14    0.04    0.06    0.15    5.27 ^ clkbuf_2_0__f_clk/X (sky130_fd_sc_hd__clkbuf_16)
                                         clknet_2_0__leaf_clk (net)
                  0.06    0.00    5.27 ^ _212_/CLK (sky130_fd_sc_hd__dfxtp_1)
                          0.00    5.27   clock reconvergence pessimism
                         -0.07    5.20   library setup time
                                  5.20   data required time
-----------------------------------------------------------------------------
                                  5.20   data required time
                                 -1.90   data arrival time
-----------------------------------------------------------------------------
                                  3.30   slack (MET)


Startpoint: _172_ (rising edge-triggered flip-flop clocked by core_clock)
Endpoint: _211_ (rising edge-triggered flip-flop clocked by core_clock)
Path Group: core_clock
Path Type: max

Fanout     Cap    Slew   Delay    Time   Description
-----------------------------------------------------------------------------
                          0.00    0.00   clock core_clock (rise edge)
                          0.00    0.00   clock source latency
     1    0.01    0.00    0.00    0.00 ^ clk (in)
                                         clk (net)
                  0.00    0.00    0.00 ^ clkbuf_0_clk/A (sky130_fd_sc_hd__clkbuf_16)
     4    0.03    0.05    0.12    0.12 ^ clkbuf_0_clk/X (sky130_fd_sc_hd__clkbuf_16)
                                         clknet_0_clk (net)
                  0.05    0.00    0.12 ^ clkbuf_2_1__f_clk/A (sky130_fd_sc_hd__clkbuf_16)
    17    0.04    0.06    0.15    0.27 ^ clkbuf_2_1__f_clk/X (sky130_fd_sc_hd__clkbuf_16)
                                         clknet_2_1__leaf_clk (net)
                  0.06    0.00    0.27 ^ _172_/CLK (sky130_fd_sc_hd__dfxtp_1)
     2    0.01    0.04    0.31    0.58 v _172_/Q (sky130_fd_sc_hd__dfxtp_1)
                                         a_q[0] (net)
                  0.04    0.00    0.58 v _075_/A (sky130_fd_sc_hd__or2_1)
     2    0.01    0.06    0.23    0.81 v _075_/X (sky130_fd_sc_hd__or2_1)
                                         _034_ (net)
                  0.06    0.00    0.81 v _079_/A2 (sky130_fd_sc_hd__a21bo_1)
     2    0.01    0.07    0.23    1.04 v _079_/X (sky130_fd_sc_hd__a21bo_1)
                                         _037_ (net)
                  0.07    0.00    1.04 v _084_/A1 (sky130_fd_sc_hd__a21boi_2)
     3    0.01    0.16    0.18    1.22 ^ _084_/Y (sky130_fd_sc_hd__a21boi_2)
                                         _041_ (net)
                  0.16    0.00    1.22 ^ _100_/A1 (sky130_fd_sc_hd__o31a_1)
     4    0.02    0.17    0.25    1.47 ^ _100_/X (sky130_fd_sc_hd__o31a_1)
                                         _055_ (net)
                  0.17    0.00    1.47 ^ _111_/A1 (sky130_fd_sc_hd__o21a_1)
     2    0.01    0.10    0.19    1.66 ^ _111_/X (sky130_fd_sc_hd__o21a_1)
                                         _064_ (net)
                  0.10    0.00    1.66 ^ _112_/B (sky130_fd_sc_hd__xnor2_1)
     1    0.00    0.15    0.13    1.80 ^ _112_/Y (sky130_fd_sc_hd__xnor2_1)
                                         sum_d[6] (net)
                  0.15    0.00    1.80 ^ _211_/D (sky130_fd_sc_hd__dfxtp_1)
                                  1.80   data arrival time

                          5.00    5.00   clock core_clock (rise edge)
                          0.00    5.00   clock source latency
     1    0.01    0.00    0.00    5.00 ^ clk (in)
                                         clk (net)
                  0.00    0.00    5.00 ^ clkbuf_0_clk/A (sky130_fd_sc_hd__clkbuf_16)
     4    0.03    0.05    0.12    5.12 ^ clkbuf_0_clk/X (sky130_fd_sc_hd__clkbuf_16)
                                         clknet_0_clk (net)
                  0.05    0.00    5.12 ^ clkbuf_2_0__f_clk/A (sky130_fd_sc_hd__clkbuf_16)
    14    0.04    0.06    0.15    5.27 ^ clkbuf_2_0__f_clk/X (sky130_fd_sc_hd__clkbuf_16)
                                         clknet_2_0__leaf_clk (net)
                  0.06    0.00    5.27 ^ _211_/CLK (sky130_fd_sc_hd__dfxtp_1)
                          0.00    5.27   clock reconvergence pessimism
                         -0.08    5.19   library setup time
                                  5.19   data required time
-----------------------------------------------------------------------------
                                  5.19   data required time
                                 -1.80   data arrival time
-----------------------------------------------------------------------------
                                  3.39   slack (MET)


Startpoint: _172_ (rising edge-triggered flip-flop clocked by core_clock)
Endpoint: _210_ (rising edge-triggered flip-flop clocked by core_clock)
Path Group: core_clock
Path Type: max

Fanout     Cap    Slew   Delay    Time   Description
-----------------------------------------------------------------------------
                          0.00    0.00   clock core_clock (rise edge)
                          0.00    0.00   clock source latency
     1    0.01    0.00    0.00    0.00 ^ clk (in)
                                         clk (net)
                  0.00    0.00    0.00 ^ clkbuf_0_clk/A (sky130_fd_sc_hd__clkbuf_16)
     4    0.03    0.05    0.12    0.12 ^ clkbuf_0_clk/X (sky130_fd_sc_hd__clkbuf_16)
                                         clknet_0_clk (net)
                  0.05    0.00    0.12 ^ clkbuf_2_1__f_clk/A (sky130_fd_sc_hd__clkbuf_16)
    17    0.04    0.06    0.15    0.27 ^ clkbuf_2_1__f_clk/X (sky130_fd_sc_hd__clkbuf_16)
                                         clknet_2_1__leaf_clk (net)
                  0.06    0.00    0.27 ^ _172_/CLK (sky130_fd_sc_hd__dfxtp_1)
     2    0.01    0.04    0.31    0.58 v _172_/Q (sky130_fd_sc_hd__dfxtp_1)
                                         a_q[0] (net)
                  0.04    0.00    0.58 v _075_/A (sky130_fd_sc_hd__or2_1)
     2    0.01    0.06    0.23    0.81 v _075_/X (sky130_fd_sc_hd__or2_1)
                                         _034_ (net)
                  0.06    0.00    0.81 v _079_/A2 (sky130_fd_sc_hd__a21bo_1)
     2    0.01    0.07    0.23    1.04 v _079_/X (sky130_fd_sc_hd__a21bo_1)
                                         _037_ (net)
                  0.07    0.00    1.04 v _084_/A1 (sky130_fd_sc_hd__a21boi_2)
     3    0.01    0.16    0.18    1.22 ^ _084_/Y (sky130_fd_sc_hd__a21boi_2)
                                         _041_ (net)
                  0.16    0.00    1.22 ^ _100_/A1 (sky130_fd_sc_hd__o31a_1)
     4    0.02    0.17    0.25    1.47 ^ _100_/X (sky130_fd_sc_hd__o31a_1)
                                         _055_ (net)
                  0.17    0.00    1.47 ^ _103_/A2 (sky130_fd_sc_hd__o21a_1)
     1    0.01    0.07    0.16    1.63 ^ _103_/X (sky130_fd_sc_hd__o21a_1)
                                         _057_ (net)
                  0.07    0.00    1.63 ^ _104_/B (sky130_fd_sc_hd__xnor2_1)
     1    0.00    0.13    0.12    1.75 ^ _104_/Y (sky130_fd_sc_hd__xnor2_1)
                                         sum_d[5] (net)
                  0.13    0.00    1.75 ^ _210_/D (sky130_fd_sc_hd__dfxtp_1)
                                  1.75   data arrival time

                          5.00    5.00   clock core_clock (rise edge)
                          0.00    5.00   clock source latency
     1    0.01    0.00    0.00    5.00 ^ clk (in)
                                         clk (net)
                  0.00    0.00    5.00 ^ clkbuf_0_clk/A (sky130_fd_sc_hd__clkbuf_16)
     4    0.03    0.05    0.12    5.12 ^ clkbuf_0_clk/X (sky130_fd_sc_hd__clkbuf_16)
                                         clknet_0_clk (net)
                  0.05    0.00    5.12 ^ clkbuf_2_2__f_clk/A (sky130_fd_sc_hd__clkbuf_16)
    12    0.04    0.06    0.14    5.26 ^ clkbuf_2_2__f_clk/X (sky130_fd_sc_hd__clkbuf_16)
                                         clknet_2_2__leaf_clk (net)
                  0.06    0.00    5.27 ^ _210_/CLK (sky130_fd_sc_hd__dfxtp_1)
                          0.00    5.27   clock reconvergence pessimism
                         -0.07    5.20   library setup time
                                  5.20   data required time
-----------------------------------------------------------------------------
                                  5.20   data required time
                                 -1.75   data arrival time
-----------------------------------------------------------------------------
                                  3.45   slack (MET)


Startpoint: _172_ (rising edge-triggered flip-flop clocked by core_clock)
Endpoint: _209_ (rising edge-triggered flip-flop clocked by core_clock)
Path Group: core_clock
Path Type: max

Fanout     Cap    Slew   Delay    Time   Description
-----------------------------------------------------------------------------
                          0.00    0.00   clock core_clock (rise edge)
                          0.00    0.00   clock source latency
     1    0.01    0.00    0.00    0.00 ^ clk (in)
                                         clk (net)
                  0.00    0.00    0.00 ^ clkbuf_0_clk/A (sky130_fd_sc_hd__clkbuf_16)
     4    0.03    0.05    0.12    0.12 ^ clkbuf_0_clk/X (sky130_fd_sc_hd__clkbuf_16)
                                         clknet_0_clk (net)
                  0.05    0.00    0.12 ^ clkbuf_2_1__f_clk/A (sky130_fd_sc_hd__clkbuf_16)
    17    0.04    0.06    0.15    0.27 ^ clkbuf_2_1__f_clk/X (sky130_fd_sc_hd__clkbuf_16)
                                         clknet_2_1__leaf_clk (net)
                  0.06    0.00    0.27 ^ _172_/CLK (sky130_fd_sc_hd__dfxtp_1)
     2    0.01    0.04    0.31    0.58 v _172_/Q (sky130_fd_sc_hd__dfxtp_1)
                                         a_q[0] (net)
                  0.04    0.00    0.58 v _075_/A (sky130_fd_sc_hd__or2_1)
     2    0.01    0.06    0.23    0.81 v _075_/X (sky130_fd_sc_hd__or2_1)
                                         _034_ (net)
                  0.06    0.00    0.81 v _079_/A2 (sky130_fd_sc_hd__a21bo_1)
     2    0.01    0.07    0.23    1.04 v _079_/X (sky130_fd_sc_hd__a21bo_1)
                                         _037_ (net)
                  0.07    0.00    1.04 v _084_/A1 (sky130_fd_sc_hd__a21boi_2)
     3    0.01    0.16    0.18    1.22 ^ _084_/Y (sky130_fd_sc_hd__a21boi_2)
                                         _041_ (net)
                  0.16    0.00    1.22 ^ _100_/A1 (sky130_fd_sc_hd__o31a_1)
     4    0.02    0.17    0.25    1.47 ^ _100_/X (sky130_fd_sc_hd__o31a_1)
                                         _055_ (net)
                  0.17    0.00    1.47 ^ _101_/B (sky130_fd_sc_hd__xnor2_1)
     1    0.00    0.13    0.14    1.61 ^ _101_/Y (sky130_fd_sc_hd__xnor2_1)
                                         sum_d[4] (net)
                  0.13    0.00    1.62 ^ _209_/D (sky130_fd_sc_hd__dfxtp_1)
                                  1.62   data arrival time

                          5.00    5.00   clock core_clock (rise edge)
                          0.00    5.00   clock source latency
     1    0.01    0.00    0.00    5.00 ^ clk (in)
                                         clk (net)
                  0.00    0.00    5.00 ^ clkbuf_0_clk/A (sky130_fd_sc_hd__clkbuf_16)
     4    0.03    0.05    0.12    5.12 ^ clkbuf_0_clk/X (sky130_fd_sc_hd__clkbuf_16)
                                         clknet_0_clk (net)
                  0.05    0.00    5.12 ^ clkbuf_2_2__f_clk/A (sky130_fd_sc_hd__clkbuf_16)
    12    0.04    0.06    0.14    5.26 ^ clkbuf_2_2__f_clk/X (sky130_fd_sc_hd__clkbuf_16)
                                         clknet_2_2__leaf_clk (net)
                  0.06    0.00    5.27 ^ _209_/CLK (sky130_fd_sc_hd__dfxtp_1)
                          0.00    5.27   clock reconvergence pessimism
                         -0.07    5.20   library setup time
                                  5.20   data required time
-----------------------------------------------------------------------------
                                  5.20   data required time
                                 -1.62   data arrival time
-----------------------------------------------------------------------------
                                  3.58   slack (MET)


Startpoint: _172_ (rising edge-triggered flip-flop clocked by core_clock)
Endpoint: _208_ (rising edge-triggered flip-flop clocked by core_clock)
Path Group: core_clock
Path Type: max

Fanout     Cap    Slew   Delay    Time   Description
-----------------------------------------------------------------------------
                          0.00    0.00   clock core_clock (rise edge)
                          0.00    0.00   clock source latency
     1    0.01    0.00    0.00    0.00 ^ clk (in)
                                         clk (net)
                  0.00    0.00    0.00 ^ clkbuf_0_clk/A (sky130_fd_sc_hd__clkbuf_16)
     4    0.03    0.05    0.12    0.12 ^ clkbuf_0_clk/X (sky130_fd_sc_hd__clkbuf_16)
                                         clknet_0_clk (net)
                  0.05    0.00    0.12 ^ clkbuf_2_1__f_clk/A (sky130_fd_sc_hd__clkbuf_16)
    17    0.04    0.06    0.15    0.27 ^ clkbuf_2_1__f_clk/X (sky130_fd_sc_hd__clkbuf_16)
                                         clknet_2_1__leaf_clk (net)
                  0.06    0.00    0.27 ^ _172_/CLK (sky130_fd_sc_hd__dfxtp_1)
     2    0.01    0.04    0.31    0.58 v _172_/Q (sky130_fd_sc_hd__dfxtp_1)
                                         a_q[0] (net)
                  0.04    0.00    0.58 v _075_/A (sky130_fd_sc_hd__or2_1)
     2    0.01    0.06    0.23    0.81 v _075_/X (sky130_fd_sc_hd__or2_1)
                                         _034_ (net)
                  0.06    0.00    0.81 v _079_/A2 (sky130_fd_sc_hd__a21bo_1)
     2    0.01    0.07    0.23    1.04 v _079_/X (sky130_fd_sc_hd__a21bo_1)
                                         _037_ (net)
                  0.07    0.00    1.04 v _084_/A1 (sky130_fd_sc_hd__a21boi_2)
     3    0.01    0.16    0.18    1.22 ^ _084_/Y (sky130_fd_sc_hd__a21boi_2)
                                         _041_ (net)
                  0.16    0.00    1.22 ^ _092_/A1 (sky130_fd_sc_hd__o21a_1)
     1    0.01    0.06    0.16    1.39 ^ _092_/X (sky130_fd_sc_hd__o21a_1)
                                         _048_ (net)
                  0.06    0.00    1.39 ^ _093_/B (sky130_fd_sc_hd__xnor2_1)
     1    0.00    0.12    0.11    1.50 ^ _093_/Y (sky130_fd_sc_hd__xnor2_1)
                                         sum_d[3] (net)
                  0.12    0.00    1.50 ^ _208_/D (sky130_fd_sc_hd__dfxtp_1)
                                  1.50   data arrival time

                          5.00    5.00   clock core_clock (rise edge)
                          0.00    5.00   clock source latency
     1    0.01    0.00    0.00    5.00 ^ clk (in)
                                         clk (net)
                  0.00    0.00    5.00 ^ clkbuf_0_clk/A (sky130_fd_sc_hd__clkbuf_16)
     4    0.03    0.05    0.12    5.12 ^ clkbuf_0_clk/X (sky130_fd_sc_hd__clkbuf_16)
                                         clknet_0_clk (net)
                  0.05    0.00    5.12 ^ clkbuf_2_0__f_clk/A (sky130_fd_sc_hd__clkbuf_16)
    14    0.04    0.06    0.15    5.27 ^ clkbuf_2_0__f_clk/X (sky130_fd_sc_hd__clkbuf_16)
                                         clknet_2_0__leaf_clk (net)
                  0.06    0.00    5.27 ^ _208_/CLK (sky130_fd_sc_hd__dfxtp_1)
                          0.00    5.27   clock reconvergence pessimism
                         -0.07    5.20   library setup time
                                  5.20   data required time
-----------------------------------------------------------------------------
                                  5.20   data required time
                                 -1.50   data arrival time
-----------------------------------------------------------------------------
                                  3.70   slack (MET)


Startpoint: _172_ (rising edge-triggered flip-flop clocked by core_clock)
Endpoint: _207_ (rising edge-triggered flip-flop clocked by core_clock)
Path Group: core_clock
Path Type: max

Fanout     Cap    Slew   Delay    Time   Description
-----------------------------------------------------------------------------
                          0.00    0.00   clock core_clock (rise edge)
                          0.00    0.00   clock source latency
     1    0.01    0.00    0.00    0.00 ^ clk (in)
                                         clk (net)
                  0.00    0.00    0.00 ^ clkbuf_0_clk/A (sky130_fd_sc_hd__clkbuf_16)
     4    0.03    0.05    0.12    0.12 ^ clkbuf_0_clk/X (sky130_fd_sc_hd__clkbuf_16)
                                         clknet_0_clk (net)
                  0.05    0.00    0.12 ^ clkbuf_2_1__f_clk/A (sky130_fd_sc_hd__clkbuf_16)
    17    0.04    0.06    0.15    0.27 ^ clkbuf_2_1__f_clk/X (sky130_fd_sc_hd__clkbuf_16)
                                         clknet_2_1__leaf_clk (net)
                  0.06    0.00    0.27 ^ _172_/CLK (sky130_fd_sc_hd__dfxtp_1)
     2    0.01    0.04    0.31    0.58 v _172_/Q (sky130_fd_sc_hd__dfxtp_1)
                                         a_q[0] (net)
                  0.04    0.00    0.58 v _075_/A (sky130_fd_sc_hd__or2_1)
     2    0.01    0.06    0.23    0.81 v _075_/X (sky130_fd_sc_hd__or2_1)
                                         _034_ (net)
                  0.06    0.00    0.81 v _079_/A2 (sky130_fd_sc_hd__a21bo_1)
     2    0.01    0.07    0.23    1.04 v _079_/X (sky130_fd_sc_hd__a21bo_1)
                                         _037_ (net)
                  0.07    0.00    1.04 v _084_/A1 (sky130_fd_sc_hd__a21boi_2)
     3    0.01    0.16    0.18    1.22 ^ _084_/Y (sky130_fd_sc_hd__a21boi_2)
                                         _041_ (net)
                  0.16    0.00    1.22 ^ _088_/A (sky130_fd_sc_hd__xor2_1)
     1    0.00    0.09    0.14    1.36 ^ _088_/X (sky130_fd_sc_hd__xor2_1)
                                         sum_d[2] (net)
                  0.09    0.00    1.36 ^ _207_/D (sky130_fd_sc_hd__dfxtp_1)
                                  1.36   data arrival time

                          5.00    5.00   clock core_clock (rise edge)
                          0.00    5.00   clock source latency
     1    0.01    0.00    0.00    5.00 ^ clk (in)
                                         clk (net)
                  0.00    0.00    5.00 ^ clkbuf_0_clk/A (sky130_fd_sc_hd__clkbuf_16)
     4    0.03    0.05    0.12    5.12 ^ clkbuf_0_clk/X (sky130_fd_sc_hd__clkbuf_16)
                                         clknet_0_clk (net)
                  0.05    0.00    5.12 ^ clkbuf_2_0__f_clk/A (sky130_fd_sc_hd__clkbuf_16)
    14    0.04    0.06    0.15    5.27 ^ clkbuf_2_0__f_clk/X (sky130_fd_sc_hd__clkbuf_16)
                                         clknet_2_0__leaf_clk (net)
                  0.06    0.00    5.27 ^ _207_/CLK (sky130_fd_sc_hd__dfxtp_1)
                          0.00    5.27   clock reconvergence pessimism
                         -0.06    5.21   library setup time
                                  5.21   data required time
-----------------------------------------------------------------------------
                                  5.21   data required time
                                 -1.36   data arrival time
-----------------------------------------------------------------------------
                                  3.84   slack (MET)


Startpoint: _172_ (rising edge-triggered flip-flop clocked by core_clock)
Endpoint: _206_ (rising edge-triggered flip-flop clocked by core_clock)
Path Group: core_clock
Path Type: max

Fanout     Cap    Slew   Delay    Time   Description
-----------------------------------------------------------------------------
                          0.00    0.00   clock core_clock (rise edge)
                          0.00    0.00   clock source latency
     1    0.01    0.00    0.00    0.00 ^ clk (in)
                                         clk (net)
                  0.00    0.00    0.00 ^ clkbuf_0_clk/A (sky130_fd_sc_hd__clkbuf_16)
     4    0.03    0.05    0.12    0.12 ^ clkbuf_0_clk/X (sky130_fd_sc_hd__clkbuf_16)
                                         clknet_0_clk (net)
                  0.05    0.00    0.12 ^ clkbuf_2_1__f_clk/A (sky130_fd_sc_hd__clkbuf_16)
    17    0.04    0.06    0.15    0.27 ^ clkbuf_2_1__f_clk/X (sky130_fd_sc_hd__clkbuf_16)
                                         clknet_2_1__leaf_clk (net)
                  0.06    0.00    0.27 ^ _172_/CLK (sky130_fd_sc_hd__dfxtp_1)
     2    0.01    0.04    0.31    0.58 v _172_/Q (sky130_fd_sc_hd__dfxtp_1)
                                         a_q[0] (net)
                  0.04    0.00    0.58 v _075_/A (sky130_fd_sc_hd__or2_1)
     2    0.01    0.06    0.23    0.81 v _075_/X (sky130_fd_sc_hd__or2_1)
                                         _034_ (net)
                  0.06    0.00    0.81 v _079_/A2 (sky130_fd_sc_hd__a21bo_1)
     2    0.01    0.07    0.23    1.04 v _079_/X (sky130_fd_sc_hd__a21bo_1)
                                         _037_ (net)
                  0.07    0.00    1.04 v _083_/A (sky130_fd_sc_hd__xnor2_1)
     1    0.00    0.04    0.12    1.16 v _083_/Y (sky130_fd_sc_hd__xnor2_1)
                                         sum_d[1] (net)
                  0.04    0.00    1.16 v _206_/D (sky130_fd_sc_hd__dfxtp_1)
                                  1.16   data arrival time

                          5.00    5.00   clock core_clock (rise edge)
                          0.00    5.00   clock source latency
     1    0.01    0.00    0.00    5.00 ^ clk (in)
                                         clk (net)
                  0.00    0.00    5.00 ^ clkbuf_0_clk/A (sky130_fd_sc_hd__clkbuf_16)
     4    0.03    0.05    0.12    5.12 ^ clkbuf_0_clk/X (sky130_fd_sc_hd__clkbuf_16)
                                         clknet_0_clk (net)
                  0.05    0.00    5.12 ^ clkbuf_2_0__f_clk/A (sky130_fd_sc_hd__clkbuf_16)
    14    0.04    0.06    0.15    5.27 ^ clkbuf_2_0__f_clk/X (sky130_fd_sc_hd__clkbuf_16)
                                         clknet_2_0__leaf_clk (net)
                  0.06    0.00    5.27 ^ _206_/CLK (sky130_fd_sc_hd__dfxtp_1)
                          0.00    5.27   clock reconvergence pessimism
                         -0.10    5.16   library setup time
                                  5.16   data required time
-----------------------------------------------------------------------------
                                  5.16   data required time
                                 -1.16   data arrival time
-----------------------------------------------------------------------------
                                  4.00   slack (MET)


Startpoint: _172_ (rising edge-triggered flip-flop clocked by core_clock)
Endpoint: _205_ (rising edge-triggered flip-flop clocked by core_clock)
Path Group: core_clock
Path Type: max

Fanout     Cap    Slew   Delay    Time   Description
-----------------------------------------------------------------------------
                          0.00    0.00   clock core_clock (rise edge)
                          0.00    0.00   clock source latency
     1    0.01    0.00    0.00    0.00 ^ clk (in)
                                         clk (net)
                  0.00    0.00    0.00 ^ clkbuf_0_clk/A (sky130_fd_sc_hd__clkbuf_16)
     4    0.03    0.05    0.12    0.12 ^ clkbuf_0_clk/X (sky130_fd_sc_hd__clkbuf_16)
                                         clknet_0_clk (net)
                  0.05    0.00    0.12 ^ clkbuf_2_1__f_clk/A (sky130_fd_sc_hd__clkbuf_16)
    17    0.04    0.06    0.15    0.27 ^ clkbuf_2_1__f_clk/X (sky130_fd_sc_hd__clkbuf_16)
                                         clknet_2_1__leaf_clk (net)
                  0.06    0.00    0.27 ^ _172_/CLK (sky130_fd_sc_hd__dfxtp_1)
     2    0.01    0.04    0.31    0.58 v _172_/Q (sky130_fd_sc_hd__dfxtp_1)
                                         a_q[0] (net)
                  0.04    0.00    0.58 v _075_/A (sky130_fd_sc_hd__or2_1)
     2    0.01    0.06    0.23    0.81 v _075_/X (sky130_fd_sc_hd__or2_1)
                                         _034_ (net)
                  0.06    0.00    0.81 v _077_/A (sky130_fd_sc_hd__nand2_1)
     1    0.01    0.06    0.07    0.89 ^ _077_/Y (sky130_fd_sc_hd__nand2_1)
                                         _036_ (net)
                  0.06    0.00    0.89 ^ _078_/B (sky130_fd_sc_hd__xnor2_1)
     1    0.00    0.10    0.10    0.99 ^ _078_/Y (sky130_fd_sc_hd__xnor2_1)
                                         sum_d[0] (net)
                  0.10    0.00    0.99 ^ _205_/D (sky130_fd_sc_hd__dfxtp_1)
                                  0.99   data arrival time

                          5.00    5.00   clock core_clock (rise edge)
                          0.00    5.00   clock source latency
     1    0.01    0.00    0.00    5.00 ^ clk (in)
                                         clk (net)
                  0.00    0.00    5.00 ^ clkbuf_0_clk/A (sky130_fd_sc_hd__clkbuf_16)
     4    0.03    0.05    0.12    5.12 ^ clkbuf_0_clk/X (sky130_fd_sc_hd__clkbuf_16)
                                         clknet_0_clk (net)
                  0.05    0.00    5.12 ^ clkbuf_2_0__f_clk/A (sky130_fd_sc_hd__clkbuf_16)
    14    0.04    0.06    0.15    5.27 ^ clkbuf_2_0__f_clk/X (sky130_fd_sc_hd__clkbuf_16)
                                         clknet_2_0__leaf_clk (net)
                  0.06    0.00    5.27 ^ _205_/CLK (sky130_fd_sc_hd__dfxtp_1)
                          0.00    5.27   clock reconvergence pessimism
                         -0.06    5.20   library setup time
                                  5.20   data required time
-----------------------------------------------------------------------------
                                  5.20   data required time
                                 -0.99   data arrival time
-----------------------------------------------------------------------------
                                  4.22   slack (MET)



worst slack corner Typical: 2.5150
