
===========================================================================
report_checks -unconstrained
===========================================================================
======================= Typical Corner ===================================

Startpoint: _165_ (rising edge-triggered flip-flop clocked by core_clock)
Endpoint: _157_ (rising edge-triggered flip-flop clocked by core_clock)
Path Group: core_clock
Path Type: max

Fanout     Cap    Slew   Delay    Time   Description
-----------------------------------------------------------------------------
                  0.00    0.00    0.00   clock core_clock (rise edge)
                          0.00    0.00   clock network delay (ideal)
                  0.00    0.00    0.00 ^ _165_/CLK (sky130_fd_sc_hd__dfxtp_2)
     2    0.00    0.02    0.29    0.29 v _165_/Q (sky130_fd_sc_hd__dfxtp_2)
                                         x12.A (net)
                  0.02    0.00    0.29 v _084_/B (sky130_fd_sc_hd__and2_2)
     2    0.00    0.04    0.18    0.46 v _084_/X (sky130_fd_sc_hd__and2_2)
                                         _035_ (net)
                  0.04    0.00    0.46 v _086_/A (sky130_fd_sc_hd__or2b_2)
     3    0.01    0.08    0.32    0.78 v _086_/X (sky130_fd_sc_hd__or2b_2)
                                         _037_ (net)
                  0.08    0.00    0.78 v _088_/B (sky130_fd_sc_hd__nor3b_2)
     2    0.01    0.22    0.23    1.01 ^ _088_/Y (sky130_fd_sc_hd__nor3b_2)
                                         _039_ (net)
                  0.22    0.00    1.01 ^ _094_/A2 (sky130_fd_sc_hd__a21oi_2)
     3    0.01    0.06    0.10    1.11 v _094_/Y (sky130_fd_sc_hd__a21oi_2)
                                         _045_ (net)
                  0.06    0.00    1.11 v _100_/A (sky130_fd_sc_hd__or4_2)
     2    0.01    0.13    0.70    1.81 v _100_/X (sky130_fd_sc_hd__or4_2)
                                         _051_ (net)
                  0.13    0.00    1.81 v _105_/A2 (sky130_fd_sc_hd__a211oi_2)
     3    0.01    0.19    0.27    2.07 ^ _105_/Y (sky130_fd_sc_hd__a211oi_2)
                                         _056_ (net)
                  0.19    0.00    2.07 ^ _139_/A1_N (sky130_fd_sc_hd__a2bb2o_2)
     1    0.00    0.04    0.29    2.37 v _139_/X (sky130_fd_sc_hd__a2bb2o_2)
                                         _012_ (net)
                  0.04    0.00    2.37 v _140_/B1 (sky130_fd_sc_hd__o21a_2)
     1    0.00    0.03    0.10    2.47 v _140_/X (sky130_fd_sc_hd__o21a_2)
                                         x77.S (net)
                  0.03    0.00    2.47 v _157_/D (sky130_fd_sc_hd__dfxtp_2)
                                  2.47   data arrival time

                  0.00    2.60    2.60   clock core_clock (rise edge)
                          0.00    2.60   clock network delay (ideal)
                          0.00    2.60   clock reconvergence pessimism
                                  2.60 ^ _157_/CLK (sky130_fd_sc_hd__dfxtp_2)
                         -0.12    2.48   library setup time
                                  2.48   data required time
-----------------------------------------------------------------------------
                                  2.48   data required time
                                 -2.47   data arrival time
-----------------------------------------------------------------------------
                                  0.01   slack (MET)




===========================================================================
report_checks --slack_max -0.01
============================================================================
======================= Typical Corner ===================================

No paths found.


===========================================================================
 report_check_types -max_slew -max_cap -max_fanout -violators
============================================================================
======================= Typical Corner ===================================


max slew violations count Typical: 0
max fanout violations count Typical: 0
max cap violations count Typical: 0

===========================================================================
report_parasitic_annotation -report_unannotated
============================================================================
Found 164 unannotated drivers.
 a1
 a10
 a11
 a12
 a13
 a14
 a15
 a16
 a2
 a3
 a4
 a5
 a6
 a7
 a8
 a9
 b1
 b10
 b11
 b12
 b13
 b14
 b15
 b16
 b2
 b3
 b4
 b5
 b6
 b7
 b8
 b9
 cin
 clk
 _063_/Y
 _064_/Y
 _065_/Y
 _066_/Y
 _067_/Y
 _068_/Y
 _069_/X
 _070_/Y
 _071_/Y
 _072_/Y
 _073_/X
 _074_/X
 _075_/Y
 _076_/Y
 _077_/Y
 _078_/X
 _079_/X
 _080_/X
 _081_/X
 _082_/X
 _083_/Y
 _084_/X
 _085_/Y
 _086_/X
 _087_/X
 _088_/Y
 _089_/Y
 _090_/Y
 _091_/Y
 _092_/Y
 _093_/X
 _094_/Y
 _095_/Y
 _096_/X
 _097_/Y
 _098_/X
 _099_/X
 _100_/X
 _101_/Y
 _102_/Y
 _103_/X
 _104_/X
 _105_/Y
 _106_/X
 _107_/X
 _108_/X
 _109_/X
 _110_/X
 _111_/X
 _112_/X
 _113_/X
 _114_/X
 _115_/Y
 _116_/X
 _117_/Y
 _118_/X
 _119_/X
 _120_/X
 _121_/X
 _122_/Y
 _123_/Y
 _124_/X
 _125_/Y
 _126_/X
 _127_/Y
 _128_/Y
 _129_/Y
 _130_/X
 _131_/Y
 _132_/Y
 _133_/Y
 _134_/Y
 _135_/Y
 _136_/Y
 _137_/Y
 _138_/X
 _139_/X
 _140_/X
 _141_/Y
 _142_/Y
 _143_/Q
 _144_/Q
 _145_/Q
 _146_/Q
 _147_/Q
 _148_/Q
 _149_/Q
 _150_/Q
 _151_/Q
 _152_/Q
 _153_/Q
 _154_/Q
 _155_/Q
 _156_/Q
 _157_/Q
 _158_/Q
 _159_/Q
 _160_/Q
 _161_/Q
 _162_/Q
 _163_/Q
 _164_/Q
 _165_/Q
 _166_/Q
 _167_/Q
 _168_/Q
 _169_/Q
 _170_/Q
 _171_/Q
 _172_/Q
 _173_/Q
 _174_/Q
 _175_/Q
 _176_/Q
 _177_/Q
 _178_/Q
 _179_/Q
 _180_/Q
 _181_/Q
 _182_/Q
 _183_/Q
 _184_/Q
 _185_/Q
 _186_/Q
 _187_/Q
 _188_/Q
 _189_/Q
 _190_/Q
 _191_/Q
 _192_/Q
Found 0 partially unannotated drivers.

===========================================================================
max slew violation count 0
max fanout violation count 0
max cap violation count 0
============================================================================

===========================================================================
check_setup -verbose -unconstrained_endpoints -multiple_clock -no_clock -no_input_delay -loops -generated_clocks
===========================================================================
Warning: There are 33 input ports missing set_input_delay.
  a1
  a10
  a11
  a12
  a13
  a14
  a15
  a16
  a2
  a3
  a4
  a5
  a6
  a7
  a8
  a9
  b1
  b10
  b11
  b12
  b13
  b14
  b15
  b16
  b2
  b3
  b4
  b5
  b6
  b7
  b8
  b9
  cin
Warning: There are 50 unconstrained endpoints.
  cout
  s1
  s10
  s11
  s12
  s13
  s14
  s15
  s16
  s2
  s3
  s4
  s5
  s6
  s7
  s8
  s9
  _160_/D
  _161_/D
  _162_/D
  _163_/D
  _164_/D
  _165_/D
  _166_/D
  _167_/D
  _168_/D
  _169_/D
  _170_/D
  _171_/D
  _172_/D
  _173_/D
  _174_/D
  _175_/D
  _176_/D
  _177_/D
  _178_/D
  _179_/D
  _180_/D
  _181_/D
  _182_/D
  _183_/D
  _184_/D
  _185_/D
  _186_/D
  _187_/D
  _188_/D
  _189_/D
  _190_/D
  _191_/D
  _192_/D
