
===========================================================================
report_checks -path_delay max (Setup)
============================================================================
======================= Typical Corner ===================================

Startpoint: _137_ (rising edge-triggered flip-flop clocked by core_clock)
Endpoint: _186_ (rising edge-triggered flip-flop clocked by core_clock)
Path Group: core_clock
Path Type: max

Fanout     Cap    Slew   Delay    Time   Description
-----------------------------------------------------------------------------
                  0.00    0.00    0.00   clock core_clock (rise edge)
                          0.00    0.00   clock network delay (ideal)
                  0.00    0.00    0.00 ^ _137_/CLK (sky130_fd_sc_hd__dfxtp_1)
     3    0.01    0.06    0.30    0.30 v _137_/Q (sky130_fd_sc_hd__dfxtp_1)
                                         x1.a (net)
                  0.06    0.00    0.30 v _062_/B (sky130_fd_sc_hd__or2_1)
     2    0.01    0.06    0.22    0.52 v _062_/X (sky130_fd_sc_hd__or2_1)
                                         _014_ (net)
                  0.06    0.00    0.52 v _064_/A2 (sky130_fd_sc_hd__a21bo_1)
     2    0.01    0.05    0.21    0.73 v _064_/X (sky130_fd_sc_hd__a21bo_1)
                                         _016_ (net)
                  0.05    0.00    0.73 v _066_/B (sky130_fd_sc_hd__xor2_1)
     2    0.00    0.06    0.15    0.88 v _066_/X (sky130_fd_sc_hd__xor2_1)
                                         _018_ (net)
                  0.06    0.00    0.88 v _067_/B (sky130_fd_sc_hd__nand2_1)
     3    0.01    0.08    0.09    0.97 ^ _067_/Y (sky130_fd_sc_hd__nand2_1)
                                         _019_ (net)
                  0.08    0.00    0.97 ^ _068_/C (sky130_fd_sc_hd__nand3b_1)
     2    0.00    0.07    0.09    1.06 v _068_/Y (sky130_fd_sc_hd__nand3b_1)
                                         _020_ (net)
                  0.07    0.00    1.06 v _070_/A2 (sky130_fd_sc_hd__a21o_1)
     2    0.01    0.05    0.20    1.27 v _070_/X (sky130_fd_sc_hd__a21o_1)
                                         _022_ (net)
                  0.05    0.00    1.27 v _071_/B (sky130_fd_sc_hd__xor2_1)
     2    0.01    0.08    0.16    1.43 v _071_/X (sky130_fd_sc_hd__xor2_1)
                                         _023_ (net)
                  0.08    0.00    1.43 v _078_/A2 (sky130_fd_sc_hd__a21o_1)
     2    0.00    0.04    0.19    1.62 v _078_/X (sky130_fd_sc_hd__a21o_1)
                                         _030_ (net)
                  0.04    0.00    1.62 v _080_/A1 (sky130_fd_sc_hd__a21o_1)
     2    0.00    0.04    0.16    1.78 v _080_/X (sky130_fd_sc_hd__a21o_1)
                                         _032_ (net)
                  0.04    0.00    1.78 v _082_/A2 (sky130_fd_sc_hd__a21oi_1)
     2    0.01    0.19    0.19    1.97 ^ _082_/Y (sky130_fd_sc_hd__a21oi_1)
                                         _034_ (net)
                  0.19    0.00    1.97 ^ _084_/A_N (sky130_fd_sc_hd__and2b_1)
     1    0.00    0.03    0.20    2.17 v _084_/X (sky130_fd_sc_hd__and2b_1)
                                         _036_ (net)
                  0.03    0.00    2.17 v _085_/B1 (sky130_fd_sc_hd__a21oi_1)
     2    0.01    0.19    0.17    2.34 ^ _085_/Y (sky130_fd_sc_hd__a21oi_1)
                                         _037_ (net)
                  0.19    0.00    2.34 ^ _087_/A_N (sky130_fd_sc_hd__and2b_1)
     1    0.00    0.03    0.20    2.54 v _087_/X (sky130_fd_sc_hd__and2b_1)
                                         _039_ (net)
                  0.03    0.00    2.54 v _088_/B1 (sky130_fd_sc_hd__a21oi_1)
     2    0.01    0.18    0.16    2.71 ^ _088_/Y (sky130_fd_sc_hd__a21oi_1)
                                         _040_ (net)
                  0.18    0.00    2.71 ^ _090_/A_N (sky130_fd_sc_hd__and2b_1)
     1    0.00    0.03    0.20    2.91 v _090_/X (sky130_fd_sc_hd__and2b_1)
                                         _042_ (net)
                  0.03    0.00    2.91 v _091_/B1 (sky130_fd_sc_hd__a21o_1)
     2    0.01    0.05    0.17    3.08 v _091_/X (sky130_fd_sc_hd__a21o_1)
                                         _043_ (net)
                  0.05    0.00    3.08 v _092_/B (sky130_fd_sc_hd__xnor2_1)
     2    0.01    0.22    0.21    3.28 ^ _092_/Y (sky130_fd_sc_hd__xnor2_1)
                                         _044_ (net)
                  0.22    0.00    3.28 ^ _094_/A2 (sky130_fd_sc_hd__o21a_1)
     2    0.01    0.08    0.17    3.45 ^ _094_/X (sky130_fd_sc_hd__o21a_1)
                                         _046_ (net)
                  0.08    0.00    3.45 ^ _096_/A_N (sky130_fd_sc_hd__and2b_1)
     1    0.00    0.03    0.18    3.63 v _096_/X (sky130_fd_sc_hd__and2b_1)
                                         _048_ (net)
                  0.03    0.00    3.63 v _097_/B1 (sky130_fd_sc_hd__a21oi_1)
     2    0.01    0.18    0.16    3.79 ^ _097_/Y (sky130_fd_sc_hd__a21oi_1)
                                         _049_ (net)
                  0.18    0.00    3.79 ^ _099_/A_N (sky130_fd_sc_hd__and2b_1)
     1    0.00    0.03    0.20    3.99 v _099_/X (sky130_fd_sc_hd__and2b_1)
                                         _051_ (net)
                  0.03    0.00    3.99 v _100_/B1 (sky130_fd_sc_hd__a21oi_1)
     2    0.01    0.19    0.17    4.16 ^ _100_/Y (sky130_fd_sc_hd__a21oi_1)
                                         _052_ (net)
                  0.19    0.00    4.16 ^ _102_/A_N (sky130_fd_sc_hd__and2b_1)
     1    0.00    0.03    0.20    4.36 v _102_/X (sky130_fd_sc_hd__and2b_1)
                                         _054_ (net)
                  0.03    0.00    4.36 v _103_/B1 (sky130_fd_sc_hd__a21o_1)
     2    0.01    0.05    0.17    4.52 v _103_/X (sky130_fd_sc_hd__a21o_1)
                                         _055_ (net)
                  0.05    0.00    4.52 v _104_/B (sky130_fd_sc_hd__xnor2_1)
     2    0.01    0.22    0.21    4.73 ^ _104_/Y (sky130_fd_sc_hd__xnor2_1)
                                         _056_ (net)
                  0.22    0.00    4.73 ^ _106_/A2 (sky130_fd_sc_hd__o21a_1)
     2    0.01    0.08    0.17    4.90 ^ _106_/X (sky130_fd_sc_hd__o21a_1)
                                         _058_ (net)
                  0.08    0.00    4.90 ^ _108_/A_N (sky130_fd_sc_hd__and2b_1)
     1    0.00    0.03    0.17    5.07 v _108_/X (sky130_fd_sc_hd__and2b_1)
                                         _000_ (net)
                  0.03    0.00    5.07 v _109_/B1 (sky130_fd_sc_hd__a21oi_1)
     2    0.01    0.20    0.17    5.25 ^ _109_/Y (sky130_fd_sc_hd__a21oi_1)
                                         _001_ (net)
                  0.20    0.00    5.25 ^ _111_/A_N (sky130_fd_sc_hd__and2b_1)
     1    0.00    0.03    0.20    5.45 v _111_/X (sky130_fd_sc_hd__and2b_1)
                                         _003_ (net)
                  0.03    0.00    5.45 v _112_/B1 (sky130_fd_sc_hd__a21oi_1)
     2    0.01    0.20    0.18    5.63 ^ _112_/Y (sky130_fd_sc_hd__a21oi_1)
                                         _004_ (net)
                  0.20    0.00    5.63 ^ _114_/A_N (sky130_fd_sc_hd__and2b_1)
     1    0.00    0.04    0.21    5.84 v _114_/X (sky130_fd_sc_hd__and2b_1)
                                         _006_ (net)
                  0.04    0.00    5.84 v _115_/B1 (sky130_fd_sc_hd__a21o_1)
     1    0.00    0.03    0.14    5.98 v _115_/X (sky130_fd_sc_hd__a21o_1)
                                         x20.out (net)
                  0.03    0.00    5.98 v _186_/D (sky130_fd_sc_hd__dfxtp_1)
                                  5.98   data arrival time

                  0.00    6.60    6.60   clock core_clock (rise edge)
                          0.00    6.60   clock network delay (ideal)
                          0.00    6.60   clock reconvergence pessimism
                                  6.60 ^ _186_/CLK (sky130_fd_sc_hd__dfxtp_1)
                         -0.11    6.49   library setup time
                                  6.49   data required time
-----------------------------------------------------------------------------
                                  6.49   data required time
                                 -5.98   data arrival time
-----------------------------------------------------------------------------
                                  0.51   slack (MET)


Startpoint: _137_ (rising edge-triggered flip-flop clocked by core_clock)
Endpoint: _185_ (rising edge-triggered flip-flop clocked by core_clock)
Path Group: core_clock
Path Type: max

Fanout     Cap    Slew   Delay    Time   Description
-----------------------------------------------------------------------------
                  0.00    0.00    0.00   clock core_clock (rise edge)
                          0.00    0.00   clock network delay (ideal)
                  0.00    0.00    0.00 ^ _137_/CLK (sky130_fd_sc_hd__dfxtp_1)
     3    0.01    0.06    0.30    0.30 v _137_/Q (sky130_fd_sc_hd__dfxtp_1)
                                         x1.a (net)
                  0.06    0.00    0.30 v _062_/B (sky130_fd_sc_hd__or2_1)
     2    0.01    0.06    0.22    0.52 v _062_/X (sky130_fd_sc_hd__or2_1)
                                         _014_ (net)
                  0.06    0.00    0.52 v _064_/A2 (sky130_fd_sc_hd__a21bo_1)
     2    0.01    0.05    0.21    0.73 v _064_/X (sky130_fd_sc_hd__a21bo_1)
                                         _016_ (net)
                  0.05    0.00    0.73 v _066_/B (sky130_fd_sc_hd__xor2_1)
     2    0.00    0.06    0.15    0.88 v _066_/X (sky130_fd_sc_hd__xor2_1)
                                         _018_ (net)
                  0.06    0.00    0.88 v _067_/B (sky130_fd_sc_hd__nand2_1)
     3    0.01    0.08    0.09    0.97 ^ _067_/Y (sky130_fd_sc_hd__nand2_1)
                                         _019_ (net)
                  0.08    0.00    0.97 ^ _068_/C (sky130_fd_sc_hd__nand3b_1)
     2    0.00    0.07    0.09    1.06 v _068_/Y (sky130_fd_sc_hd__nand3b_1)
                                         _020_ (net)
                  0.07    0.00    1.06 v _070_/A2 (sky130_fd_sc_hd__a21o_1)
     2    0.01    0.05    0.20    1.27 v _070_/X (sky130_fd_sc_hd__a21o_1)
                                         _022_ (net)
                  0.05    0.00    1.27 v _071_/B (sky130_fd_sc_hd__xor2_1)
     2    0.01    0.08    0.16    1.43 v _071_/X (sky130_fd_sc_hd__xor2_1)
                                         _023_ (net)
                  0.08    0.00    1.43 v _078_/A2 (sky130_fd_sc_hd__a21o_1)
     2    0.00    0.04    0.19    1.62 v _078_/X (sky130_fd_sc_hd__a21o_1)
                                         _030_ (net)
                  0.04    0.00    1.62 v _080_/A1 (sky130_fd_sc_hd__a21o_1)
     2    0.00    0.04    0.16    1.78 v _080_/X (sky130_fd_sc_hd__a21o_1)
                                         _032_ (net)
                  0.04    0.00    1.78 v _082_/A2 (sky130_fd_sc_hd__a21oi_1)
     2    0.01    0.19    0.19    1.97 ^ _082_/Y (sky130_fd_sc_hd__a21oi_1)
                                         _034_ (net)
                  0.19    0.00    1.97 ^ _084_/A_N (sky130_fd_sc_hd__and2b_1)
     1    0.00    0.03    0.20    2.17 v _084_/X (sky130_fd_sc_hd__and2b_1)
                                         _036_ (net)
                  0.03    0.00    2.17 v _085_/B1 (sky130_fd_sc_hd__a21oi_1)
     2    0.01    0.19    0.17    2.34 ^ _085_/Y (sky130_fd_sc_hd__a21oi_1)
                                         _037_ (net)
                  0.19    0.00    2.34 ^ _087_/A_N (sky130_fd_sc_hd__and2b_1)
     1    0.00    0.03    0.20    2.54 v _087_/X (sky130_fd_sc_hd__and2b_1)
                                         _039_ (net)
                  0.03    0.00    2.54 v _088_/B1 (sky130_fd_sc_hd__a21oi_1)
     2    0.01    0.18    0.16    2.71 ^ _088_/Y (sky130_fd_sc_hd__a21oi_1)
                                         _040_ (net)
                  0.18    0.00    2.71 ^ _090_/A_N (sky130_fd_sc_hd__and2b_1)
     1    0.00    0.03    0.20    2.91 v _090_/X (sky130_fd_sc_hd__and2b_1)
                                         _042_ (net)
                  0.03    0.00    2.91 v _091_/B1 (sky130_fd_sc_hd__a21o_1)
     2    0.01    0.05    0.17    3.08 v _091_/X (sky130_fd_sc_hd__a21o_1)
                                         _043_ (net)
                  0.05    0.00    3.08 v _092_/B (sky130_fd_sc_hd__xnor2_1)
     2    0.01    0.22    0.21    3.28 ^ _092_/Y (sky130_fd_sc_hd__xnor2_1)
                                         _044_ (net)
                  0.22    0.00    3.28 ^ _094_/A2 (sky130_fd_sc_hd__o21a_1)
     2    0.01    0.08    0.17    3.45 ^ _094_/X (sky130_fd_sc_hd__o21a_1)
                                         _046_ (net)
                  0.08    0.00    3.45 ^ _096_/A_N (sky130_fd_sc_hd__and2b_1)
     1    0.00    0.03    0.18    3.63 v _096_/X (sky130_fd_sc_hd__and2b_1)
                                         _048_ (net)
                  0.03    0.00    3.63 v _097_/B1 (sky130_fd_sc_hd__a21oi_1)
     2    0.01    0.18    0.16    3.79 ^ _097_/Y (sky130_fd_sc_hd__a21oi_1)
                                         _049_ (net)
                  0.18    0.00    3.79 ^ _099_/A_N (sky130_fd_sc_hd__and2b_1)
     1    0.00    0.03    0.20    3.99 v _099_/X (sky130_fd_sc_hd__and2b_1)
                                         _051_ (net)
                  0.03    0.00    3.99 v _100_/B1 (sky130_fd_sc_hd__a21oi_1)
     2    0.01    0.19    0.17    4.16 ^ _100_/Y (sky130_fd_sc_hd__a21oi_1)
                                         _052_ (net)
                  0.19    0.00    4.16 ^ _102_/A_N (sky130_fd_sc_hd__and2b_1)
     1    0.00    0.03    0.20    4.36 v _102_/X (sky130_fd_sc_hd__and2b_1)
                                         _054_ (net)
                  0.03    0.00    4.36 v _103_/B1 (sky130_fd_sc_hd__a21o_1)
     2    0.01    0.05    0.17    4.52 v _103_/X (sky130_fd_sc_hd__a21o_1)
                                         _055_ (net)
                  0.05    0.00    4.52 v _104_/B (sky130_fd_sc_hd__xnor2_1)
     2    0.01    0.22    0.21    4.73 ^ _104_/Y (sky130_fd_sc_hd__xnor2_1)
                                         _056_ (net)
                  0.22    0.00    4.73 ^ _106_/A2 (sky130_fd_sc_hd__o21a_1)
     2    0.01    0.08    0.17    4.90 ^ _106_/X (sky130_fd_sc_hd__o21a_1)
                                         _058_ (net)
                  0.08    0.00    4.90 ^ _108_/A_N (sky130_fd_sc_hd__and2b_1)
     1    0.00    0.03    0.17    5.07 v _108_/X (sky130_fd_sc_hd__and2b_1)
                                         _000_ (net)
                  0.03    0.00    5.07 v _109_/B1 (sky130_fd_sc_hd__a21oi_1)
     2    0.01    0.20    0.17    5.25 ^ _109_/Y (sky130_fd_sc_hd__a21oi_1)
                                         _001_ (net)
                  0.20    0.00    5.25 ^ _111_/A_N (sky130_fd_sc_hd__and2b_1)
     1    0.00    0.03    0.20    5.45 v _111_/X (sky130_fd_sc_hd__and2b_1)
                                         _003_ (net)
                  0.03    0.00    5.45 v _112_/B1 (sky130_fd_sc_hd__a21oi_1)
     2    0.01    0.20    0.18    5.63 ^ _112_/Y (sky130_fd_sc_hd__a21oi_1)
                                         _004_ (net)
                  0.20    0.00    5.63 ^ _113_/B (sky130_fd_sc_hd__xnor2_1)
     2    0.01    0.21    0.18    5.81 ^ _113_/Y (sky130_fd_sc_hd__xnor2_1)
                                         _005_ (net)
                  0.21    0.00    5.81 ^ _135_/B (sky130_fd_sc_hd__xor2_1)
     1    0.00    0.13    0.17    5.98 ^ _135_/X (sky130_fd_sc_hd__xor2_1)
                                         x19.sum (net)
                  0.13    0.00    5.98 ^ _185_/D (sky130_fd_sc_hd__dfxtp_1)
                                  5.98   data arrival time

                  0.00    6.60    6.60   clock core_clock (rise edge)
                          0.00    6.60   clock network delay (ideal)
                          0.00    6.60   clock reconvergence pessimism
                                  6.60 ^ _185_/CLK (sky130_fd_sc_hd__dfxtp_1)
                         -0.08    6.52   library setup time
                                  6.52   data required time
-----------------------------------------------------------------------------
                                  6.52   data required time
                                 -5.98   data arrival time
-----------------------------------------------------------------------------
                                  0.54   slack (MET)


Startpoint: _137_ (rising edge-triggered flip-flop clocked by core_clock)
Endpoint: _184_ (rising edge-triggered flip-flop clocked by core_clock)
Path Group: core_clock
Path Type: max

Fanout     Cap    Slew   Delay    Time   Description
-----------------------------------------------------------------------------
                  0.00    0.00    0.00   clock core_clock (rise edge)
                          0.00    0.00   clock network delay (ideal)
                  0.00    0.00    0.00 ^ _137_/CLK (sky130_fd_sc_hd__dfxtp_1)
     3    0.01    0.06    0.30    0.30 v _137_/Q (sky130_fd_sc_hd__dfxtp_1)
                                         x1.a (net)
                  0.06    0.00    0.30 v _062_/B (sky130_fd_sc_hd__or2_1)
     2    0.01    0.06    0.22    0.52 v _062_/X (sky130_fd_sc_hd__or2_1)
                                         _014_ (net)
                  0.06    0.00    0.52 v _064_/A2 (sky130_fd_sc_hd__a21bo_1)
     2    0.01    0.05    0.21    0.73 v _064_/X (sky130_fd_sc_hd__a21bo_1)
                                         _016_ (net)
                  0.05    0.00    0.73 v _066_/B (sky130_fd_sc_hd__xor2_1)
     2    0.00    0.06    0.15    0.88 v _066_/X (sky130_fd_sc_hd__xor2_1)
                                         _018_ (net)
                  0.06    0.00    0.88 v _067_/B (sky130_fd_sc_hd__nand2_1)
     3    0.01    0.08    0.09    0.97 ^ _067_/Y (sky130_fd_sc_hd__nand2_1)
                                         _019_ (net)
                  0.08    0.00    0.97 ^ _068_/C (sky130_fd_sc_hd__nand3b_1)
     2    0.00    0.07    0.09    1.06 v _068_/Y (sky130_fd_sc_hd__nand3b_1)
                                         _020_ (net)
                  0.07    0.00    1.06 v _070_/A2 (sky130_fd_sc_hd__a21o_1)
     2    0.01    0.05    0.20    1.27 v _070_/X (sky130_fd_sc_hd__a21o_1)
                                         _022_ (net)
                  0.05    0.00    1.27 v _071_/B (sky130_fd_sc_hd__xor2_1)
     2    0.01    0.08    0.16    1.43 v _071_/X (sky130_fd_sc_hd__xor2_1)
                                         _023_ (net)
                  0.08    0.00    1.43 v _078_/A2 (sky130_fd_sc_hd__a21o_1)
     2    0.00    0.04    0.19    1.62 v _078_/X (sky130_fd_sc_hd__a21o_1)
                                         _030_ (net)
                  0.04    0.00    1.62 v _080_/A1 (sky130_fd_sc_hd__a21o_1)
     2    0.00    0.04    0.16    1.78 v _080_/X (sky130_fd_sc_hd__a21o_1)
                                         _032_ (net)
                  0.04    0.00    1.78 v _082_/A2 (sky130_fd_sc_hd__a21oi_1)
     2    0.01    0.19    0.19    1.97 ^ _082_/Y (sky130_fd_sc_hd__a21oi_1)
                                         _034_ (net)
                  0.19    0.00    1.97 ^ _084_/A_N (sky130_fd_sc_hd__and2b_1)
     1    0.00    0.03    0.20    2.17 v _084_/X (sky130_fd_sc_hd__and2b_1)
                                         _036_ (net)
                  0.03    0.00    2.17 v _085_/B1 (sky130_fd_sc_hd__a21oi_1)
     2    0.01    0.19    0.17    2.34 ^ _085_/Y (sky130_fd_sc_hd__a21oi_1)
                                         _037_ (net)
                  0.19    0.00    2.34 ^ _087_/A_N (sky130_fd_sc_hd__and2b_1)
     1    0.00    0.03    0.20    2.54 v _087_/X (sky130_fd_sc_hd__and2b_1)
                                         _039_ (net)
                  0.03    0.00    2.54 v _088_/B1 (sky130_fd_sc_hd__a21oi_1)
     2    0.01    0.18    0.16    2.71 ^ _088_/Y (sky130_fd_sc_hd__a21oi_1)
                                         _040_ (net)
                  0.18    0.00    2.71 ^ _090_/A_N (sky130_fd_sc_hd__and2b_1)
     1    0.00    0.03    0.20    2.91 v _090_/X (sky130_fd_sc_hd__and2b_1)
                                         _042_ (net)
                  0.03    0.00    2.91 v _091_/B1 (sky130_fd_sc_hd__a21o_1)
     2    0.01    0.05    0.17    3.08 v _091_/X (sky130_fd_sc_hd__a21o_1)
                                         _043_ (net)
                  0.05    0.00    3.08 v _092_/B (sky130_fd_sc_hd__xnor2_1)
     2    0.01    0.22    0.21    3.28 ^ _092_/Y (sky130_fd_sc_hd__xnor2_1)
                                         _044_ (net)
                  0.22    0.00    3.28 ^ _094_/A2 (sky130_fd_sc_hd__o21a_1)
     2    0.01    0.08    0.17    3.45 ^ _094_/X (sky130_fd_sc_hd__o21a_1)
                                         _046_ (net)
                  0.08    0.00    3.45 ^ _096_/A_N (sky130_fd_sc_hd__and2b_1)
     1    0.00    0.03    0.18    3.63 v _096_/X (sky130_fd_sc_hd__and2b_1)
                                         _048_ (net)
                  0.03    0.00    3.63 v _097_/B1 (sky130_fd_sc_hd__a21oi_1)
     2    0.01    0.18    0.16    3.79 ^ _097_/Y (sky130_fd_sc_hd__a21oi_1)
                                         _049_ (net)
                  0.18    0.00    3.79 ^ _099_/A_N (sky130_fd_sc_hd__and2b_1)
     1    0.00    0.03    0.20    3.99 v _099_/X (sky130_fd_sc_hd__and2b_1)
                                         _051_ (net)
                  0.03    0.00    3.99 v _100_/B1 (sky130_fd_sc_hd__a21oi_1)
     2    0.01    0.19    0.17    4.16 ^ _100_/Y (sky130_fd_sc_hd__a21oi_1)
                                         _052_ (net)
                  0.19    0.00    4.16 ^ _102_/A_N (sky130_fd_sc_hd__and2b_1)
     1    0.00    0.03    0.20    4.36 v _102_/X (sky130_fd_sc_hd__and2b_1)
                                         _054_ (net)
                  0.03    0.00    4.36 v _103_/B1 (sky130_fd_sc_hd__a21o_1)
     2    0.01    0.05    0.17    4.52 v _103_/X (sky130_fd_sc_hd__a21o_1)
                                         _055_ (net)
                  0.05    0.00    4.52 v _104_/B (sky130_fd_sc_hd__xnor2_1)
     2    0.01    0.22    0.21    4.73 ^ _104_/Y (sky130_fd_sc_hd__xnor2_1)
                                         _056_ (net)
                  0.22    0.00    4.73 ^ _106_/A2 (sky130_fd_sc_hd__o21a_1)
     2    0.01    0.08    0.17    4.90 ^ _106_/X (sky130_fd_sc_hd__o21a_1)
                                         _058_ (net)
                  0.08    0.00    4.90 ^ _108_/A_N (sky130_fd_sc_hd__and2b_1)
     1    0.00    0.03    0.17    5.07 v _108_/X (sky130_fd_sc_hd__and2b_1)
                                         _000_ (net)
                  0.03    0.00    5.07 v _109_/B1 (sky130_fd_sc_hd__a21oi_1)
     2    0.01    0.20    0.17    5.25 ^ _109_/Y (sky130_fd_sc_hd__a21oi_1)
                                         _001_ (net)
                  0.20    0.00    5.25 ^ _110_/B (sky130_fd_sc_hd__xnor2_1)
     2    0.01    0.22    0.18    5.42 ^ _110_/Y (sky130_fd_sc_hd__xnor2_1)
                                         _002_ (net)
                  0.22    0.00    5.42 ^ _126_/B (sky130_fd_sc_hd__xor2_1)
     1    0.01    0.16    0.20    5.62 ^ _126_/X (sky130_fd_sc_hd__xor2_1)
                                         x18.sum (net)
                  0.16    0.00    5.62 ^ _184_/D (sky130_fd_sc_hd__dfxtp_1)
                                  5.62   data arrival time

                  0.00    6.60    6.60   clock core_clock (rise edge)
                          0.00    6.60   clock network delay (ideal)
                          0.00    6.60   clock reconvergence pessimism
                                  6.60 ^ _184_/CLK (sky130_fd_sc_hd__dfxtp_1)
                         -0.09    6.51   library setup time
                                  6.51   data required time
-----------------------------------------------------------------------------
                                  6.51   data required time
                                 -5.62   data arrival time
-----------------------------------------------------------------------------
                                  0.89   slack (MET)


Startpoint: _137_ (rising edge-triggered flip-flop clocked by core_clock)
Endpoint: _183_ (rising edge-triggered flip-flop clocked by core_clock)
Path Group: core_clock
Path Type: max

Fanout     Cap    Slew   Delay    Time   Description
-----------------------------------------------------------------------------
                  0.00    0.00    0.00   clock core_clock (rise edge)
                          0.00    0.00   clock network delay (ideal)
                  0.00    0.00    0.00 ^ _137_/CLK (sky130_fd_sc_hd__dfxtp_1)
     3    0.01    0.06    0.30    0.30 v _137_/Q (sky130_fd_sc_hd__dfxtp_1)
                                         x1.a (net)
                  0.06    0.00    0.30 v _062_/B (sky130_fd_sc_hd__or2_1)
     2    0.01    0.06    0.22    0.52 v _062_/X (sky130_fd_sc_hd__or2_1)
                                         _014_ (net)
                  0.06    0.00    0.52 v _064_/A2 (sky130_fd_sc_hd__a21bo_1)
     2    0.01    0.05    0.21    0.73 v _064_/X (sky130_fd_sc_hd__a21bo_1)
                                         _016_ (net)
                  0.05    0.00    0.73 v _066_/B (sky130_fd_sc_hd__xor2_1)
     2    0.00    0.06    0.15    0.88 v _066_/X (sky130_fd_sc_hd__xor2_1)
                                         _018_ (net)
                  0.06    0.00    0.88 v _067_/B (sky130_fd_sc_hd__nand2_1)
     3    0.01    0.08    0.09    0.97 ^ _067_/Y (sky130_fd_sc_hd__nand2_1)
                                         _019_ (net)
                  0.08    0.00    0.97 ^ _068_/C (sky130_fd_sc_hd__nand3b_1)
     2    0.00    0.07    0.09    1.06 v _068_/Y (sky130_fd_sc_hd__nand3b_1)
                                         _020_ (net)
                  0.07    0.00    1.06 v _070_/A2 (sky130_fd_sc_hd__a21o_1)
     2    0.01    0.05    0.20    1.27 v _070_/X (sky130_fd_sc_hd__a21o_1)
                                         _022_ (net)
                  0.05    0.00    1.27 v _071_/B (sky130_fd_sc_hd__xor2_1)
     2    0.01    0.08    0.16    1.43 v _071_/X (sky130_fd_sc_hd__xor2_1)
                                         _023_ (net)
                  0.08    0.00    1.43 v _078_/A2 (sky130_fd_sc_hd__a21o_1)
     2    0.00    0.04    0.19    1.62 v _078_/X (sky130_fd_sc_hd__a21o_1)
                                         _030_ (net)
                  0.04    0.00    1.62 v _080_/A1 (sky130_fd_sc_hd__a21o_1)
     2    0.00    0.04    0.16    1.78 v _080_/X (sky130_fd_sc_hd__a21o_1)
                                         _032_ (net)
                  0.04    0.00    1.78 v _082_/A2 (sky130_fd_sc_hd__a21oi_1)
     2    0.01    0.19    0.19    1.97 ^ _082_/Y (sky130_fd_sc_hd__a21oi_1)
                                         _034_ (net)
                  0.19    0.00    1.97 ^ _084_/A_N (sky130_fd_sc_hd__and2b_1)
     1    0.00    0.03    0.20    2.17 v _084_/X (sky130_fd_sc_hd__and2b_1)
                                         _036_ (net)
                  0.03    0.00    2.17 v _085_/B1 (sky130_fd_sc_hd__a21oi_1)
     2    0.01    0.19    0.17    2.34 ^ _085_/Y (sky130_fd_sc_hd__a21oi_1)
                                         _037_ (net)
                  0.19    0.00    2.34 ^ _087_/A_N (sky130_fd_sc_hd__and2b_1)
     1    0.00    0.03    0.20    2.54 v _087_/X (sky130_fd_sc_hd__and2b_1)
                                         _039_ (net)
                  0.03    0.00    2.54 v _088_/B1 (sky130_fd_sc_hd__a21oi_1)
     2    0.01    0.18    0.16    2.71 ^ _088_/Y (sky130_fd_sc_hd__a21oi_1)
                                         _040_ (net)
                  0.18    0.00    2.71 ^ _090_/A_N (sky130_fd_sc_hd__and2b_1)
     1    0.00    0.03    0.20    2.91 v _090_/X (sky130_fd_sc_hd__and2b_1)
                                         _042_ (net)
                  0.03    0.00    2.91 v _091_/B1 (sky130_fd_sc_hd__a21o_1)
     2    0.01    0.05    0.17    3.08 v _091_/X (sky130_fd_sc_hd__a21o_1)
                                         _043_ (net)
                  0.05    0.00    3.08 v _092_/B (sky130_fd_sc_hd__xnor2_1)
     2    0.01    0.22    0.21    3.28 ^ _092_/Y (sky130_fd_sc_hd__xnor2_1)
                                         _044_ (net)
                  0.22    0.00    3.28 ^ _094_/A2 (sky130_fd_sc_hd__o21a_1)
     2    0.01    0.08    0.17    3.45 ^ _094_/X (sky130_fd_sc_hd__o21a_1)
                                         _046_ (net)
                  0.08    0.00    3.45 ^ _096_/A_N (sky130_fd_sc_hd__and2b_1)
     1    0.00    0.03    0.18    3.63 v _096_/X (sky130_fd_sc_hd__and2b_1)
                                         _048_ (net)
                  0.03    0.00    3.63 v _097_/B1 (sky130_fd_sc_hd__a21oi_1)
     2    0.01    0.18    0.16    3.79 ^ _097_/Y (sky130_fd_sc_hd__a21oi_1)
                                         _049_ (net)
                  0.18    0.00    3.79 ^ _099_/A_N (sky130_fd_sc_hd__and2b_1)
     1    0.00    0.03    0.20    3.99 v _099_/X (sky130_fd_sc_hd__and2b_1)
                                         _051_ (net)
                  0.03    0.00    3.99 v _100_/B1 (sky130_fd_sc_hd__a21oi_1)
     2    0.01    0.19    0.17    4.16 ^ _100_/Y (sky130_fd_sc_hd__a21oi_1)
                                         _052_ (net)
                  0.19    0.00    4.16 ^ _102_/A_N (sky130_fd_sc_hd__and2b_1)
     1    0.00    0.03    0.20    4.36 v _102_/X (sky130_fd_sc_hd__and2b_1)
                                         _054_ (net)
                  0.03    0.00    4.36 v _103_/B1 (sky130_fd_sc_hd__a21o_1)
     2    0.01    0.05    0.17    4.52 v _103_/X (sky130_fd_sc_hd__a21o_1)
                                         _055_ (net)
                  0.05    0.00    4.52 v _104_/B (sky130_fd_sc_hd__xnor2_1)
     2    0.01    0.08    0.15    4.67 v _104_/Y (sky130_fd_sc_hd__xnor2_1)
                                         _056_ (net)
                  0.08    0.00    4.67 v _106_/A2 (sky130_fd_sc_hd__o21a_1)
     2    0.01    0.05    0.19    4.86 v _106_/X (sky130_fd_sc_hd__o21a_1)
                                         _058_ (net)
                  0.05    0.00    4.86 v _107_/B (sky130_fd_sc_hd__xnor2_1)
     2    0.01    0.21    0.20    5.06 ^ _107_/Y (sky130_fd_sc_hd__xnor2_1)
                                         _059_ (net)
                  0.21    0.00    5.06 ^ _125_/B (sky130_fd_sc_hd__xor2_1)
     1    0.00    0.15    0.19    5.25 ^ _125_/X (sky130_fd_sc_hd__xor2_1)
                                         x17.sum (net)
                  0.15    0.00    5.25 ^ _183_/D (sky130_fd_sc_hd__dfxtp_1)
                                  5.25   data arrival time

                  0.00    6.60    6.60   clock core_clock (rise edge)
                          0.00    6.60   clock network delay (ideal)
                          0.00    6.60   clock reconvergence pessimism
                                  6.60 ^ _183_/CLK (sky130_fd_sc_hd__dfxtp_1)
                         -0.08    6.52   library setup time
                                  6.52   data required time
-----------------------------------------------------------------------------
                                  6.52   data required time
                                 -5.25   data arrival time
-----------------------------------------------------------------------------
                                  1.26   slack (MET)


Startpoint: _137_ (rising edge-triggered flip-flop clocked by core_clock)
Endpoint: _182_ (rising edge-triggered flip-flop clocked by core_clock)
Path Group: core_clock
Path Type: max

Fanout     Cap    Slew   Delay    Time   Description
-----------------------------------------------------------------------------
                  0.00    0.00    0.00   clock core_clock (rise edge)
                          0.00    0.00   clock network delay (ideal)
                  0.00    0.00    0.00 ^ _137_/CLK (sky130_fd_sc_hd__dfxtp_1)
     3    0.01    0.06    0.30    0.30 v _137_/Q (sky130_fd_sc_hd__dfxtp_1)
                                         x1.a (net)
                  0.06    0.00    0.30 v _062_/B (sky130_fd_sc_hd__or2_1)
     2    0.01    0.06    0.22    0.52 v _062_/X (sky130_fd_sc_hd__or2_1)
                                         _014_ (net)
                  0.06    0.00    0.52 v _064_/A2 (sky130_fd_sc_hd__a21bo_1)
     2    0.01    0.05    0.21    0.73 v _064_/X (sky130_fd_sc_hd__a21bo_1)
                                         _016_ (net)
                  0.05    0.00    0.73 v _066_/B (sky130_fd_sc_hd__xor2_1)
     2    0.00    0.06    0.15    0.88 v _066_/X (sky130_fd_sc_hd__xor2_1)
                                         _018_ (net)
                  0.06    0.00    0.88 v _067_/B (sky130_fd_sc_hd__nand2_1)
     3    0.01    0.08    0.09    0.97 ^ _067_/Y (sky130_fd_sc_hd__nand2_1)
                                         _019_ (net)
                  0.08    0.00    0.97 ^ _068_/C (sky130_fd_sc_hd__nand3b_1)
     2    0.00    0.07    0.09    1.06 v _068_/Y (sky130_fd_sc_hd__nand3b_1)
                                         _020_ (net)
                  0.07    0.00    1.06 v _070_/A2 (sky130_fd_sc_hd__a21o_1)
     2    0.01    0.05    0.20    1.27 v _070_/X (sky130_fd_sc_hd__a21o_1)
                                         _022_ (net)
                  0.05    0.00    1.27 v _071_/B (sky130_fd_sc_hd__xor2_1)
     2    0.01    0.08    0.16    1.43 v _071_/X (sky130_fd_sc_hd__xor2_1)
                                         _023_ (net)
                  0.08    0.00    1.43 v _078_/A2 (sky130_fd_sc_hd__a21o_1)
     2    0.00    0.04    0.19    1.62 v _078_/X (sky130_fd_sc_hd__a21o_1)
                                         _030_ (net)
                  0.04    0.00    1.62 v _080_/A1 (sky130_fd_sc_hd__a21o_1)
     2    0.00    0.04    0.16    1.78 v _080_/X (sky130_fd_sc_hd__a21o_1)
                                         _032_ (net)
                  0.04    0.00    1.78 v _082_/A2 (sky130_fd_sc_hd__a21oi_1)
     2    0.01    0.19    0.19    1.97 ^ _082_/Y (sky130_fd_sc_hd__a21oi_1)
                                         _034_ (net)
                  0.19    0.00    1.97 ^ _084_/A_N (sky130_fd_sc_hd__and2b_1)
     1    0.00    0.03    0.20    2.17 v _084_/X (sky130_fd_sc_hd__and2b_1)
                                         _036_ (net)
                  0.03    0.00    2.17 v _085_/B1 (sky130_fd_sc_hd__a21oi_1)
     2    0.01    0.19    0.17    2.34 ^ _085_/Y (sky130_fd_sc_hd__a21oi_1)
                                         _037_ (net)
                  0.19    0.00    2.34 ^ _087_/A_N (sky130_fd_sc_hd__and2b_1)
     1    0.00    0.03    0.20    2.54 v _087_/X (sky130_fd_sc_hd__and2b_1)
                                         _039_ (net)
                  0.03    0.00    2.54 v _088_/B1 (sky130_fd_sc_hd__a21oi_1)
     2    0.01    0.18    0.16    2.71 ^ _088_/Y (sky130_fd_sc_hd__a21oi_1)
                                         _040_ (net)
                  0.18    0.00    2.71 ^ _090_/A_N (sky130_fd_sc_hd__and2b_1)
     1    0.00    0.03    0.20    2.91 v _090_/X (sky130_fd_sc_hd__and2b_1)
                                         _042_ (net)
                  0.03    0.00    2.91 v _091_/B1 (sky130_fd_sc_hd__a21o_1)
     2    0.01    0.05    0.17    3.08 v _091_/X (sky130_fd_sc_hd__a21o_1)
                                         _043_ (net)
                  0.05    0.00    3.08 v _092_/B (sky130_fd_sc_hd__xnor2_1)
     2    0.01    0.22    0.21    3.28 ^ _092_/Y (sky130_fd_sc_hd__xnor2_1)
                                         _044_ (net)
                  0.22    0.00    3.28 ^ _094_/A2 (sky130_fd_sc_hd__o21a_1)
     2    0.01    0.08    0.17    3.45 ^ _094_/X (sky130_fd_sc_hd__o21a_1)
                                         _046_ (net)
                  0.08    0.00    3.45 ^ _096_/A_N (sky130_fd_sc_hd__and2b_1)
     1    0.00    0.03    0.18    3.63 v _096_/X (sky130_fd_sc_hd__and2b_1)
                                         _048_ (net)
                  0.03    0.00    3.63 v _097_/B1 (sky130_fd_sc_hd__a21oi_1)
     2    0.01    0.18    0.16    3.79 ^ _097_/Y (sky130_fd_sc_hd__a21oi_1)
                                         _049_ (net)
                  0.18    0.00    3.79 ^ _099_/A_N (sky130_fd_sc_hd__and2b_1)
     1    0.00    0.03    0.20    3.99 v _099_/X (sky130_fd_sc_hd__and2b_1)
                                         _051_ (net)
                  0.03    0.00    3.99 v _100_/B1 (sky130_fd_sc_hd__a21oi_1)
     2    0.01    0.19    0.17    4.16 ^ _100_/Y (sky130_fd_sc_hd__a21oi_1)
                                         _052_ (net)
                  0.19    0.00    4.16 ^ _102_/A_N (sky130_fd_sc_hd__and2b_1)
     1    0.00    0.03    0.20    4.36 v _102_/X (sky130_fd_sc_hd__and2b_1)
                                         _054_ (net)
                  0.03    0.00    4.36 v _103_/B1 (sky130_fd_sc_hd__a21o_1)
     2    0.01    0.05    0.17    4.52 v _103_/X (sky130_fd_sc_hd__a21o_1)
                                         _055_ (net)
                  0.05    0.00    4.52 v _104_/B (sky130_fd_sc_hd__xnor2_1)
     2    0.01    0.22    0.21    4.73 ^ _104_/Y (sky130_fd_sc_hd__xnor2_1)
                                         _056_ (net)
                  0.22    0.00    4.73 ^ _124_/B (sky130_fd_sc_hd__xnor2_1)
     1    0.01    0.17    0.17    4.90 ^ _124_/Y (sky130_fd_sc_hd__xnor2_1)
                                         x16.sum (net)
                  0.17    0.00    4.90 ^ _182_/D (sky130_fd_sc_hd__dfxtp_1)
                                  4.90   data arrival time

                  0.00    6.60    6.60   clock core_clock (rise edge)
                          0.00    6.60   clock network delay (ideal)
                          0.00    6.60   clock reconvergence pessimism
                                  6.60 ^ _182_/CLK (sky130_fd_sc_hd__dfxtp_1)
                         -0.09    6.51   library setup time
                                  6.51   data required time
-----------------------------------------------------------------------------
                                  6.51   data required time
                                 -4.90   data arrival time
-----------------------------------------------------------------------------
                                  1.61   slack (MET)


Startpoint: _137_ (rising edge-triggered flip-flop clocked by core_clock)
Endpoint: _181_ (rising edge-triggered flip-flop clocked by core_clock)
Path Group: core_clock
Path Type: max

Fanout     Cap    Slew   Delay    Time   Description
-----------------------------------------------------------------------------
                  0.00    0.00    0.00   clock core_clock (rise edge)
                          0.00    0.00   clock network delay (ideal)
                  0.00    0.00    0.00 ^ _137_/CLK (sky130_fd_sc_hd__dfxtp_1)
     3    0.01    0.06    0.30    0.30 v _137_/Q (sky130_fd_sc_hd__dfxtp_1)
                                         x1.a (net)
                  0.06    0.00    0.30 v _062_/B (sky130_fd_sc_hd__or2_1)
     2    0.01    0.06    0.22    0.52 v _062_/X (sky130_fd_sc_hd__or2_1)
                                         _014_ (net)
                  0.06    0.00    0.52 v _064_/A2 (sky130_fd_sc_hd__a21bo_1)
     2    0.01    0.05    0.21    0.73 v _064_/X (sky130_fd_sc_hd__a21bo_1)
                                         _016_ (net)
                  0.05    0.00    0.73 v _066_/B (sky130_fd_sc_hd__xor2_1)
     2    0.00    0.06    0.15    0.88 v _066_/X (sky130_fd_sc_hd__xor2_1)
                                         _018_ (net)
                  0.06    0.00    0.88 v _067_/B (sky130_fd_sc_hd__nand2_1)
     3    0.01    0.08    0.09    0.97 ^ _067_/Y (sky130_fd_sc_hd__nand2_1)
                                         _019_ (net)
                  0.08    0.00    0.97 ^ _068_/C (sky130_fd_sc_hd__nand3b_1)
     2    0.00    0.07    0.09    1.06 v _068_/Y (sky130_fd_sc_hd__nand3b_1)
                                         _020_ (net)
                  0.07    0.00    1.06 v _070_/A2 (sky130_fd_sc_hd__a21o_1)
     2    0.01    0.05    0.20    1.27 v _070_/X (sky130_fd_sc_hd__a21o_1)
                                         _022_ (net)
                  0.05    0.00    1.27 v _071_/B (sky130_fd_sc_hd__xor2_1)
     2    0.01    0.08    0.16    1.43 v _071_/X (sky130_fd_sc_hd__xor2_1)
                                         _023_ (net)
                  0.08    0.00    1.43 v _078_/A2 (sky130_fd_sc_hd__a21o_1)
     2    0.00    0.04    0.19    1.62 v _078_/X (sky130_fd_sc_hd__a21o_1)
                                         _030_ (net)
                  0.04    0.00    1.62 v _080_/A1 (sky130_fd_sc_hd__a21o_1)
     2    0.00    0.04    0.16    1.78 v _080_/X (sky130_fd_sc_hd__a21o_1)
                                         _032_ (net)
                  0.04    0.00    1.78 v _082_/A2 (sky130_fd_sc_hd__a21oi_1)
     2    0.01    0.19    0.19    1.97 ^ _082_/Y (sky130_fd_sc_hd__a21oi_1)
                                         _034_ (net)
                  0.19    0.00    1.97 ^ _084_/A_N (sky130_fd_sc_hd__and2b_1)
     1    0.00    0.03    0.20    2.17 v _084_/X (sky130_fd_sc_hd__and2b_1)
                                         _036_ (net)
                  0.03    0.00    2.17 v _085_/B1 (sky130_fd_sc_hd__a21oi_1)
     2    0.01    0.19    0.17    2.34 ^ _085_/Y (sky130_fd_sc_hd__a21oi_1)
                                         _037_ (net)
                  0.19    0.00    2.34 ^ _087_/A_N (sky130_fd_sc_hd__and2b_1)
     1    0.00    0.03    0.20    2.54 v _087_/X (sky130_fd_sc_hd__and2b_1)
                                         _039_ (net)
                  0.03    0.00    2.54 v _088_/B1 (sky130_fd_sc_hd__a21oi_1)
     2    0.01    0.18    0.16    2.71 ^ _088_/Y (sky130_fd_sc_hd__a21oi_1)
                                         _040_ (net)
                  0.18    0.00    2.71 ^ _090_/A_N (sky130_fd_sc_hd__and2b_1)
     1    0.00    0.03    0.20    2.91 v _090_/X (sky130_fd_sc_hd__and2b_1)
                                         _042_ (net)
                  0.03    0.00    2.91 v _091_/B1 (sky130_fd_sc_hd__a21o_1)
     2    0.01    0.05    0.17    3.08 v _091_/X (sky130_fd_sc_hd__a21o_1)
                                         _043_ (net)
                  0.05    0.00    3.08 v _092_/B (sky130_fd_sc_hd__xnor2_1)
     2    0.01    0.22    0.21    3.28 ^ _092_/Y (sky130_fd_sc_hd__xnor2_1)
                                         _044_ (net)
                  0.22    0.00    3.28 ^ _094_/A2 (sky130_fd_sc_hd__o21a_1)
     2    0.01    0.08    0.17    3.45 ^ _094_/X (sky130_fd_sc_hd__o21a_1)
                                         _046_ (net)
                  0.08    0.00    3.45 ^ _096_/A_N (sky130_fd_sc_hd__and2b_1)
     1    0.00    0.03    0.18    3.63 v _096_/X (sky130_fd_sc_hd__and2b_1)
                                         _048_ (net)
                  0.03    0.00    3.63 v _097_/B1 (sky130_fd_sc_hd__a21oi_1)
     2    0.01    0.18    0.16    3.79 ^ _097_/Y (sky130_fd_sc_hd__a21oi_1)
                                         _049_ (net)
                  0.18    0.00    3.79 ^ _099_/A_N (sky130_fd_sc_hd__and2b_1)
     1    0.00    0.03    0.20    3.99 v _099_/X (sky130_fd_sc_hd__and2b_1)
                                         _051_ (net)
                  0.03    0.00    3.99 v _100_/B1 (sky130_fd_sc_hd__a21oi_1)
     2    0.01    0.19    0.17    4.16 ^ _100_/Y (sky130_fd_sc_hd__a21oi_1)
                                         _052_ (net)
                  0.19    0.00    4.16 ^ _101_/B (sky130_fd_sc_hd__xnor2_1)
     2    0.01    0.22    0.18    4.34 ^ _101_/Y (sky130_fd_sc_hd__xnor2_1)
                                         _053_ (net)
                  0.22    0.00    4.34 ^ _130_/B (sky130_fd_sc_hd__xor2_1)
     1    0.00    0.10    0.16    4.49 ^ _130_/X (sky130_fd_sc_hd__xor2_1)
                                         x14.sum (net)
                  0.10    0.00    4.49 ^ _181_/D (sky130_fd_sc_hd__dfxtp_1)
                                  4.49   data arrival time

                  0.00    6.60    6.60   clock core_clock (rise edge)
                          0.00    6.60   clock network delay (ideal)
                          0.00    6.60   clock reconvergence pessimism
                                  6.60 ^ _181_/CLK (sky130_fd_sc_hd__dfxtp_1)
                         -0.07    6.53   library setup time
                                  6.53   data required time
-----------------------------------------------------------------------------
                                  6.53   data required time
                                 -4.49   data arrival time
-----------------------------------------------------------------------------
                                  2.03   slack (MET)


Startpoint: _137_ (rising edge-triggered flip-flop clocked by core_clock)
Endpoint: _180_ (rising edge-triggered flip-flop clocked by core_clock)
Path Group: core_clock
Path Type: max

Fanout     Cap    Slew   Delay    Time   Description
-----------------------------------------------------------------------------
                  0.00    0.00    0.00   clock core_clock (rise edge)
                          0.00    0.00   clock network delay (ideal)
                  0.00    0.00    0.00 ^ _137_/CLK (sky130_fd_sc_hd__dfxtp_1)
     3    0.01    0.06    0.30    0.30 v _137_/Q (sky130_fd_sc_hd__dfxtp_1)
                                         x1.a (net)
                  0.06    0.00    0.30 v _062_/B (sky130_fd_sc_hd__or2_1)
     2    0.01    0.06    0.22    0.52 v _062_/X (sky130_fd_sc_hd__or2_1)
                                         _014_ (net)
                  0.06    0.00    0.52 v _064_/A2 (sky130_fd_sc_hd__a21bo_1)
     2    0.01    0.05    0.21    0.73 v _064_/X (sky130_fd_sc_hd__a21bo_1)
                                         _016_ (net)
                  0.05    0.00    0.73 v _066_/B (sky130_fd_sc_hd__xor2_1)
     2    0.00    0.06    0.15    0.88 v _066_/X (sky130_fd_sc_hd__xor2_1)
                                         _018_ (net)
                  0.06    0.00    0.88 v _067_/B (sky130_fd_sc_hd__nand2_1)
     3    0.01    0.08    0.09    0.97 ^ _067_/Y (sky130_fd_sc_hd__nand2_1)
                                         _019_ (net)
                  0.08    0.00    0.97 ^ _068_/C (sky130_fd_sc_hd__nand3b_1)
     2    0.00    0.07    0.09    1.06 v _068_/Y (sky130_fd_sc_hd__nand3b_1)
                                         _020_ (net)
                  0.07    0.00    1.06 v _070_/A2 (sky130_fd_sc_hd__a21o_1)
     2    0.01    0.05    0.20    1.27 v _070_/X (sky130_fd_sc_hd__a21o_1)
                                         _022_ (net)
                  0.05    0.00    1.27 v _071_/B (sky130_fd_sc_hd__xor2_1)
     2    0.01    0.08    0.16    1.43 v _071_/X (sky130_fd_sc_hd__xor2_1)
                                         _023_ (net)
                  0.08    0.00    1.43 v _078_/A2 (sky130_fd_sc_hd__a21o_1)
     2    0.00    0.04    0.19    1.62 v _078_/X (sky130_fd_sc_hd__a21o_1)
                                         _030_ (net)
                  0.04    0.00    1.62 v _080_/A1 (sky130_fd_sc_hd__a21o_1)
     2    0.00    0.04    0.16    1.78 v _080_/X (sky130_fd_sc_hd__a21o_1)
                                         _032_ (net)
                  0.04    0.00    1.78 v _082_/A2 (sky130_fd_sc_hd__a21oi_1)
     2    0.01    0.19    0.19    1.97 ^ _082_/Y (sky130_fd_sc_hd__a21oi_1)
                                         _034_ (net)
                  0.19    0.00    1.97 ^ _084_/A_N (sky130_fd_sc_hd__and2b_1)
     1    0.00    0.03    0.20    2.17 v _084_/X (sky130_fd_sc_hd__and2b_1)
                                         _036_ (net)
                  0.03    0.00    2.17 v _085_/B1 (sky130_fd_sc_hd__a21oi_1)
     2    0.01    0.19    0.17    2.34 ^ _085_/Y (sky130_fd_sc_hd__a21oi_1)
                                         _037_ (net)
                  0.19    0.00    2.34 ^ _087_/A_N (sky130_fd_sc_hd__and2b_1)
     1    0.00    0.03    0.20    2.54 v _087_/X (sky130_fd_sc_hd__and2b_1)
                                         _039_ (net)
                  0.03    0.00    2.54 v _088_/B1 (sky130_fd_sc_hd__a21oi_1)
     2    0.01    0.18    0.16    2.71 ^ _088_/Y (sky130_fd_sc_hd__a21oi_1)
                                         _040_ (net)
                  0.18    0.00    2.71 ^ _090_/A_N (sky130_fd_sc_hd__and2b_1)
     1    0.00    0.03    0.20    2.91 v _090_/X (sky130_fd_sc_hd__and2b_1)
                                         _042_ (net)
                  0.03    0.00    2.91 v _091_/B1 (sky130_fd_sc_hd__a21o_1)
     2    0.01    0.05    0.17    3.08 v _091_/X (sky130_fd_sc_hd__a21o_1)
                                         _043_ (net)
                  0.05    0.00    3.08 v _092_/B (sky130_fd_sc_hd__xnor2_1)
     2    0.01    0.22    0.21    3.28 ^ _092_/Y (sky130_fd_sc_hd__xnor2_1)
                                         _044_ (net)
                  0.22    0.00    3.28 ^ _094_/A2 (sky130_fd_sc_hd__o21a_1)
     2    0.01    0.08    0.17    3.45 ^ _094_/X (sky130_fd_sc_hd__o21a_1)
                                         _046_ (net)
                  0.08    0.00    3.45 ^ _096_/A_N (sky130_fd_sc_hd__and2b_1)
     1    0.00    0.03    0.18    3.63 v _096_/X (sky130_fd_sc_hd__and2b_1)
                                         _048_ (net)
                  0.03    0.00    3.63 v _097_/B1 (sky130_fd_sc_hd__a21oi_1)
     2    0.01    0.18    0.16    3.79 ^ _097_/Y (sky130_fd_sc_hd__a21oi_1)
                                         _049_ (net)
                  0.18    0.00    3.79 ^ _098_/B (sky130_fd_sc_hd__xnor2_1)
     2    0.01    0.21    0.17    3.96 ^ _098_/Y (sky130_fd_sc_hd__xnor2_1)
                                         _050_ (net)
                  0.21    0.00    3.96 ^ _129_/B (sky130_fd_sc_hd__xor2_1)
     1    0.00    0.11    0.16    4.13 ^ _129_/X (sky130_fd_sc_hd__xor2_1)
                                         x13.sum (net)
                  0.11    0.00    4.13 ^ _180_/D (sky130_fd_sc_hd__dfxtp_1)
                                  4.13   data arrival time

                  0.00    6.60    6.60   clock core_clock (rise edge)
                          0.00    6.60   clock network delay (ideal)
                          0.00    6.60   clock reconvergence pessimism
                                  6.60 ^ _180_/CLK (sky130_fd_sc_hd__dfxtp_1)
                         -0.08    6.52   library setup time
                                  6.52   data required time
-----------------------------------------------------------------------------
                                  6.52   data required time
                                 -4.13   data arrival time
-----------------------------------------------------------------------------
                                  2.40   slack (MET)


Startpoint: _137_ (rising edge-triggered flip-flop clocked by core_clock)
Endpoint: _179_ (rising edge-triggered flip-flop clocked by core_clock)
Path Group: core_clock
Path Type: max

Fanout     Cap    Slew   Delay    Time   Description
-----------------------------------------------------------------------------
                  0.00    0.00    0.00   clock core_clock (rise edge)
                          0.00    0.00   clock network delay (ideal)
                  0.00    0.00    0.00 ^ _137_/CLK (sky130_fd_sc_hd__dfxtp_1)
     3    0.01    0.06    0.30    0.30 v _137_/Q (sky130_fd_sc_hd__dfxtp_1)
                                         x1.a (net)
                  0.06    0.00    0.30 v _062_/B (sky130_fd_sc_hd__or2_1)
     2    0.01    0.06    0.22    0.52 v _062_/X (sky130_fd_sc_hd__or2_1)
                                         _014_ (net)
                  0.06    0.00    0.52 v _064_/A2 (sky130_fd_sc_hd__a21bo_1)
     2    0.01    0.05    0.21    0.73 v _064_/X (sky130_fd_sc_hd__a21bo_1)
                                         _016_ (net)
                  0.05    0.00    0.73 v _066_/B (sky130_fd_sc_hd__xor2_1)
     2    0.00    0.06    0.15    0.88 v _066_/X (sky130_fd_sc_hd__xor2_1)
                                         _018_ (net)
                  0.06    0.00    0.88 v _067_/B (sky130_fd_sc_hd__nand2_1)
     3    0.01    0.08    0.09    0.97 ^ _067_/Y (sky130_fd_sc_hd__nand2_1)
                                         _019_ (net)
                  0.08    0.00    0.97 ^ _068_/C (sky130_fd_sc_hd__nand3b_1)
     2    0.00    0.07    0.09    1.06 v _068_/Y (sky130_fd_sc_hd__nand3b_1)
                                         _020_ (net)
                  0.07    0.00    1.06 v _070_/A2 (sky130_fd_sc_hd__a21o_1)
     2    0.01    0.05    0.20    1.27 v _070_/X (sky130_fd_sc_hd__a21o_1)
                                         _022_ (net)
                  0.05    0.00    1.27 v _071_/B (sky130_fd_sc_hd__xor2_1)
     2    0.01    0.08    0.16    1.43 v _071_/X (sky130_fd_sc_hd__xor2_1)
                                         _023_ (net)
                  0.08    0.00    1.43 v _078_/A2 (sky130_fd_sc_hd__a21o_1)
     2    0.00    0.04    0.19    1.62 v _078_/X (sky130_fd_sc_hd__a21o_1)
                                         _030_ (net)
                  0.04    0.00    1.62 v _080_/A1 (sky130_fd_sc_hd__a21o_1)
     2    0.00    0.04    0.16    1.78 v _080_/X (sky130_fd_sc_hd__a21o_1)
                                         _032_ (net)
                  0.04    0.00    1.78 v _082_/A2 (sky130_fd_sc_hd__a21oi_1)
     2    0.01    0.19    0.19    1.97 ^ _082_/Y (sky130_fd_sc_hd__a21oi_1)
                                         _034_ (net)
                  0.19    0.00    1.97 ^ _084_/A_N (sky130_fd_sc_hd__and2b_1)
     1    0.00    0.03    0.20    2.17 v _084_/X (sky130_fd_sc_hd__and2b_1)
                                         _036_ (net)
                  0.03    0.00    2.17 v _085_/B1 (sky130_fd_sc_hd__a21oi_1)
     2    0.01    0.19    0.17    2.34 ^ _085_/Y (sky130_fd_sc_hd__a21oi_1)
                                         _037_ (net)
                  0.19    0.00    2.34 ^ _087_/A_N (sky130_fd_sc_hd__and2b_1)
     1    0.00    0.03    0.20    2.54 v _087_/X (sky130_fd_sc_hd__and2b_1)
                                         _039_ (net)
                  0.03    0.00    2.54 v _088_/B1 (sky130_fd_sc_hd__a21oi_1)
     2    0.01    0.18    0.16    2.71 ^ _088_/Y (sky130_fd_sc_hd__a21oi_1)
                                         _040_ (net)
                  0.18    0.00    2.71 ^ _090_/A_N (sky130_fd_sc_hd__and2b_1)
     1    0.00    0.03    0.20    2.91 v _090_/X (sky130_fd_sc_hd__and2b_1)
                                         _042_ (net)
                  0.03    0.00    2.91 v _091_/B1 (sky130_fd_sc_hd__a21o_1)
     2    0.01    0.05    0.17    3.08 v _091_/X (sky130_fd_sc_hd__a21o_1)
                                         _043_ (net)
                  0.05    0.00    3.08 v _092_/B (sky130_fd_sc_hd__xnor2_1)
     2    0.01    0.08    0.15    3.22 v _092_/Y (sky130_fd_sc_hd__xnor2_1)
                                         _044_ (net)
                  0.08    0.00    3.22 v _094_/A2 (sky130_fd_sc_hd__o21a_1)
     2    0.01    0.05    0.20    3.42 v _094_/X (sky130_fd_sc_hd__o21a_1)
                                         _046_ (net)
                  0.05    0.00    3.42 v _095_/B (sky130_fd_sc_hd__xnor2_1)
     2    0.01    0.21    0.20    3.62 ^ _095_/Y (sky130_fd_sc_hd__xnor2_1)
                                         _047_ (net)
                  0.21    0.00    3.62 ^ _128_/B (sky130_fd_sc_hd__xor2_1)
     1    0.00    0.11    0.16    3.78 ^ _128_/X (sky130_fd_sc_hd__xor2_1)
                                         x12.sum (net)
                  0.11    0.00    3.78 ^ _179_/D (sky130_fd_sc_hd__dfxtp_1)
                                  3.78   data arrival time

                  0.00    6.60    6.60   clock core_clock (rise edge)
                          0.00    6.60   clock network delay (ideal)
                          0.00    6.60   clock reconvergence pessimism
                                  6.60 ^ _179_/CLK (sky130_fd_sc_hd__dfxtp_1)
                         -0.08    6.52   library setup time
                                  6.52   data required time
-----------------------------------------------------------------------------
                                  6.52   data required time
                                 -3.78   data arrival time
-----------------------------------------------------------------------------
                                  2.75   slack (MET)


Startpoint: _137_ (rising edge-triggered flip-flop clocked by core_clock)
Endpoint: _178_ (rising edge-triggered flip-flop clocked by core_clock)
Path Group: core_clock
Path Type: max

Fanout     Cap    Slew   Delay    Time   Description
-----------------------------------------------------------------------------
                  0.00    0.00    0.00   clock core_clock (rise edge)
                          0.00    0.00   clock network delay (ideal)
                  0.00    0.00    0.00 ^ _137_/CLK (sky130_fd_sc_hd__dfxtp_1)
     3    0.01    0.06    0.30    0.30 v _137_/Q (sky130_fd_sc_hd__dfxtp_1)
                                         x1.a (net)
                  0.06    0.00    0.30 v _062_/B (sky130_fd_sc_hd__or2_1)
     2    0.01    0.06    0.22    0.52 v _062_/X (sky130_fd_sc_hd__or2_1)
                                         _014_ (net)
                  0.06    0.00    0.52 v _064_/A2 (sky130_fd_sc_hd__a21bo_1)
     2    0.01    0.05    0.21    0.73 v _064_/X (sky130_fd_sc_hd__a21bo_1)
                                         _016_ (net)
                  0.05    0.00    0.73 v _066_/B (sky130_fd_sc_hd__xor2_1)
     2    0.00    0.06    0.15    0.88 v _066_/X (sky130_fd_sc_hd__xor2_1)
                                         _018_ (net)
                  0.06    0.00    0.88 v _067_/B (sky130_fd_sc_hd__nand2_1)
     3    0.01    0.08    0.09    0.97 ^ _067_/Y (sky130_fd_sc_hd__nand2_1)
                                         _019_ (net)
                  0.08    0.00    0.97 ^ _068_/C (sky130_fd_sc_hd__nand3b_1)
     2    0.00    0.07    0.09    1.06 v _068_/Y (sky130_fd_sc_hd__nand3b_1)
                                         _020_ (net)
                  0.07    0.00    1.06 v _070_/A2 (sky130_fd_sc_hd__a21o_1)
     2    0.01    0.05    0.20    1.27 v _070_/X (sky130_fd_sc_hd__a21o_1)
                                         _022_ (net)
                  0.05    0.00    1.27 v _071_/B (sky130_fd_sc_hd__xor2_1)
     2    0.01    0.08    0.16    1.43 v _071_/X (sky130_fd_sc_hd__xor2_1)
                                         _023_ (net)
                  0.08    0.00    1.43 v _078_/A2 (sky130_fd_sc_hd__a21o_1)
     2    0.00    0.04    0.19    1.62 v _078_/X (sky130_fd_sc_hd__a21o_1)
                                         _030_ (net)
                  0.04    0.00    1.62 v _080_/A1 (sky130_fd_sc_hd__a21o_1)
     2    0.00    0.04    0.16    1.78 v _080_/X (sky130_fd_sc_hd__a21o_1)
                                         _032_ (net)
                  0.04    0.00    1.78 v _082_/A2 (sky130_fd_sc_hd__a21oi_1)
     2    0.01    0.19    0.19    1.97 ^ _082_/Y (sky130_fd_sc_hd__a21oi_1)
                                         _034_ (net)
                  0.19    0.00    1.97 ^ _084_/A_N (sky130_fd_sc_hd__and2b_1)
     1    0.00    0.03    0.20    2.17 v _084_/X (sky130_fd_sc_hd__and2b_1)
                                         _036_ (net)
                  0.03    0.00    2.17 v _085_/B1 (sky130_fd_sc_hd__a21oi_1)
     2    0.01    0.19    0.17    2.34 ^ _085_/Y (sky130_fd_sc_hd__a21oi_1)
                                         _037_ (net)
                  0.19    0.00    2.34 ^ _087_/A_N (sky130_fd_sc_hd__and2b_1)
     1    0.00    0.03    0.20    2.54 v _087_/X (sky130_fd_sc_hd__and2b_1)
                                         _039_ (net)
                  0.03    0.00    2.54 v _088_/B1 (sky130_fd_sc_hd__a21oi_1)
     2    0.01    0.18    0.16    2.71 ^ _088_/Y (sky130_fd_sc_hd__a21oi_1)
                                         _040_ (net)
                  0.18    0.00    2.71 ^ _090_/A_N (sky130_fd_sc_hd__and2b_1)
     1    0.00    0.03    0.20    2.91 v _090_/X (sky130_fd_sc_hd__and2b_1)
                                         _042_ (net)
                  0.03    0.00    2.91 v _091_/B1 (sky130_fd_sc_hd__a21o_1)
     2    0.01    0.05    0.17    3.08 v _091_/X (sky130_fd_sc_hd__a21o_1)
                                         _043_ (net)
                  0.05    0.00    3.08 v _092_/B (sky130_fd_sc_hd__xnor2_1)
     2    0.01    0.22    0.21    3.28 ^ _092_/Y (sky130_fd_sc_hd__xnor2_1)
                                         _044_ (net)
                  0.22    0.00    3.28 ^ _127_/B (sky130_fd_sc_hd__xnor2_1)
     1    0.00    0.11    0.14    3.43 ^ _127_/Y (sky130_fd_sc_hd__xnor2_1)
                                         x11.sum (net)
                  0.11    0.00    3.43 ^ _178_/D (sky130_fd_sc_hd__dfxtp_1)
                                  3.43   data arrival time

                  0.00    6.60    6.60   clock core_clock (rise edge)
                          0.00    6.60   clock network delay (ideal)
                          0.00    6.60   clock reconvergence pessimism
                                  6.60 ^ _178_/CLK (sky130_fd_sc_hd__dfxtp_1)
                         -0.08    6.52   library setup time
                                  6.52   data required time
-----------------------------------------------------------------------------
                                  6.52   data required time
                                 -3.43   data arrival time
-----------------------------------------------------------------------------
                                  3.10   slack (MET)


Startpoint: _137_ (rising edge-triggered flip-flop clocked by core_clock)
Endpoint: _177_ (rising edge-triggered flip-flop clocked by core_clock)
Path Group: core_clock
Path Type: max

Fanout     Cap    Slew   Delay    Time   Description
-----------------------------------------------------------------------------
                  0.00    0.00    0.00   clock core_clock (rise edge)
                          0.00    0.00   clock network delay (ideal)
                  0.00    0.00    0.00 ^ _137_/CLK (sky130_fd_sc_hd__dfxtp_1)
     3    0.01    0.06    0.30    0.30 v _137_/Q (sky130_fd_sc_hd__dfxtp_1)
                                         x1.a (net)
                  0.06    0.00    0.30 v _062_/B (sky130_fd_sc_hd__or2_1)
     2    0.01    0.06    0.22    0.52 v _062_/X (sky130_fd_sc_hd__or2_1)
                                         _014_ (net)
                  0.06    0.00    0.52 v _064_/A2 (sky130_fd_sc_hd__a21bo_1)
     2    0.01    0.05    0.21    0.73 v _064_/X (sky130_fd_sc_hd__a21bo_1)
                                         _016_ (net)
                  0.05    0.00    0.73 v _066_/B (sky130_fd_sc_hd__xor2_1)
     2    0.00    0.06    0.15    0.88 v _066_/X (sky130_fd_sc_hd__xor2_1)
                                         _018_ (net)
                  0.06    0.00    0.88 v _067_/B (sky130_fd_sc_hd__nand2_1)
     3    0.01    0.08    0.09    0.97 ^ _067_/Y (sky130_fd_sc_hd__nand2_1)
                                         _019_ (net)
                  0.08    0.00    0.97 ^ _068_/C (sky130_fd_sc_hd__nand3b_1)
     2    0.00    0.07    0.09    1.06 v _068_/Y (sky130_fd_sc_hd__nand3b_1)
                                         _020_ (net)
                  0.07    0.00    1.06 v _070_/A2 (sky130_fd_sc_hd__a21o_1)
     2    0.01    0.05    0.20    1.27 v _070_/X (sky130_fd_sc_hd__a21o_1)
                                         _022_ (net)
                  0.05    0.00    1.27 v _071_/B (sky130_fd_sc_hd__xor2_1)
     2    0.01    0.08    0.16    1.43 v _071_/X (sky130_fd_sc_hd__xor2_1)
                                         _023_ (net)
                  0.08    0.00    1.43 v _078_/A2 (sky130_fd_sc_hd__a21o_1)
     2    0.00    0.04    0.19    1.62 v _078_/X (sky130_fd_sc_hd__a21o_1)
                                         _030_ (net)
                  0.04    0.00    1.62 v _080_/A1 (sky130_fd_sc_hd__a21o_1)
     2    0.00    0.04    0.16    1.78 v _080_/X (sky130_fd_sc_hd__a21o_1)
                                         _032_ (net)
                  0.04    0.00    1.78 v _082_/A2 (sky130_fd_sc_hd__a21oi_1)
     2    0.01    0.19    0.19    1.97 ^ _082_/Y (sky130_fd_sc_hd__a21oi_1)
                                         _034_ (net)
                  0.19    0.00    1.97 ^ _084_/A_N (sky130_fd_sc_hd__and2b_1)
     1    0.00    0.03    0.20    2.17 v _084_/X (sky130_fd_sc_hd__and2b_1)
                                         _036_ (net)
                  0.03    0.00    2.17 v _085_/B1 (sky130_fd_sc_hd__a21oi_1)
     2    0.01    0.19    0.17    2.34 ^ _085_/Y (sky130_fd_sc_hd__a21oi_1)
                                         _037_ (net)
                  0.19    0.00    2.34 ^ _087_/A_N (sky130_fd_sc_hd__and2b_1)
     1    0.00    0.03    0.20    2.54 v _087_/X (sky130_fd_sc_hd__and2b_1)
                                         _039_ (net)
                  0.03    0.00    2.54 v _088_/B1 (sky130_fd_sc_hd__a21oi_1)
     2    0.01    0.18    0.16    2.71 ^ _088_/Y (sky130_fd_sc_hd__a21oi_1)
                                         _040_ (net)
                  0.18    0.00    2.71 ^ _089_/B (sky130_fd_sc_hd__xnor2_1)
     2    0.01    0.21    0.17    2.88 ^ _089_/Y (sky130_fd_sc_hd__xnor2_1)
                                         _041_ (net)
                  0.21    0.00    2.88 ^ _136_/B (sky130_fd_sc_hd__xor2_1)
     1    0.00    0.10    0.16    3.04 ^ _136_/X (sky130_fd_sc_hd__xor2_1)
                                         x9.sum (net)
                  0.10    0.00    3.04 ^ _177_/D (sky130_fd_sc_hd__dfxtp_1)
                                  3.04   data arrival time

                  0.00    6.60    6.60   clock core_clock (rise edge)
                          0.00    6.60   clock network delay (ideal)
                          0.00    6.60   clock reconvergence pessimism
                                  6.60 ^ _177_/CLK (sky130_fd_sc_hd__dfxtp_1)
                         -0.07    6.53   library setup time
                                  6.53   data required time
-----------------------------------------------------------------------------
                                  6.53   data required time
                                 -3.04   data arrival time
-----------------------------------------------------------------------------
                                  3.49   slack (MET)


Startpoint: _137_ (rising edge-triggered flip-flop clocked by core_clock)
Endpoint: _176_ (rising edge-triggered flip-flop clocked by core_clock)
Path Group: core_clock
Path Type: max

Fanout     Cap    Slew   Delay    Time   Description
-----------------------------------------------------------------------------
                  0.00    0.00    0.00   clock core_clock (rise edge)
                          0.00    0.00   clock network delay (ideal)
                  0.00    0.00    0.00 ^ _137_/CLK (sky130_fd_sc_hd__dfxtp_1)
     3    0.01    0.06    0.30    0.30 v _137_/Q (sky130_fd_sc_hd__dfxtp_1)
                                         x1.a (net)
                  0.06    0.00    0.30 v _062_/B (sky130_fd_sc_hd__or2_1)
     2    0.01    0.06    0.22    0.52 v _062_/X (sky130_fd_sc_hd__or2_1)
                                         _014_ (net)
                  0.06    0.00    0.52 v _064_/A2 (sky130_fd_sc_hd__a21bo_1)
     2    0.01    0.05    0.21    0.73 v _064_/X (sky130_fd_sc_hd__a21bo_1)
                                         _016_ (net)
                  0.05    0.00    0.73 v _066_/B (sky130_fd_sc_hd__xor2_1)
     2    0.00    0.06    0.15    0.88 v _066_/X (sky130_fd_sc_hd__xor2_1)
                                         _018_ (net)
                  0.06    0.00    0.88 v _067_/B (sky130_fd_sc_hd__nand2_1)
     3    0.01    0.08    0.09    0.97 ^ _067_/Y (sky130_fd_sc_hd__nand2_1)
                                         _019_ (net)
                  0.08    0.00    0.97 ^ _068_/C (sky130_fd_sc_hd__nand3b_1)
     2    0.00    0.07    0.09    1.06 v _068_/Y (sky130_fd_sc_hd__nand3b_1)
                                         _020_ (net)
                  0.07    0.00    1.06 v _070_/A2 (sky130_fd_sc_hd__a21o_1)
     2    0.01    0.05    0.20    1.27 v _070_/X (sky130_fd_sc_hd__a21o_1)
                                         _022_ (net)
                  0.05    0.00    1.27 v _071_/B (sky130_fd_sc_hd__xor2_1)
     2    0.01    0.08    0.16    1.43 v _071_/X (sky130_fd_sc_hd__xor2_1)
                                         _023_ (net)
                  0.08    0.00    1.43 v _078_/A2 (sky130_fd_sc_hd__a21o_1)
     2    0.00    0.04    0.19    1.62 v _078_/X (sky130_fd_sc_hd__a21o_1)
                                         _030_ (net)
                  0.04    0.00    1.62 v _080_/A1 (sky130_fd_sc_hd__a21o_1)
     2    0.00    0.04    0.16    1.78 v _080_/X (sky130_fd_sc_hd__a21o_1)
                                         _032_ (net)
                  0.04    0.00    1.78 v _082_/A2 (sky130_fd_sc_hd__a21oi_1)
     2    0.01    0.19    0.19    1.97 ^ _082_/Y (sky130_fd_sc_hd__a21oi_1)
                                         _034_ (net)
                  0.19    0.00    1.97 ^ _084_/A_N (sky130_fd_sc_hd__and2b_1)
     1    0.00    0.03    0.20    2.17 v _084_/X (sky130_fd_sc_hd__and2b_1)
                                         _036_ (net)
                  0.03    0.00    2.17 v _085_/B1 (sky130_fd_sc_hd__a21oi_1)
     2    0.01    0.19    0.17    2.34 ^ _085_/Y (sky130_fd_sc_hd__a21oi_1)
                                         _037_ (net)
                  0.19    0.00    2.34 ^ _086_/B (sky130_fd_sc_hd__xnor2_1)
     2    0.01    0.21    0.18    2.52 ^ _086_/Y (sky130_fd_sc_hd__xnor2_1)
                                         _038_ (net)
                  0.21    0.00    2.52 ^ _134_/B (sky130_fd_sc_hd__xor2_1)
     1    0.00    0.11    0.16    2.67 ^ _134_/X (sky130_fd_sc_hd__xor2_1)
                                         x8.sum (net)
                  0.11    0.00    2.67 ^ _176_/D (sky130_fd_sc_hd__dfxtp_1)
                                  2.67   data arrival time

                  0.00    6.60    6.60   clock core_clock (rise edge)
                          0.00    6.60   clock network delay (ideal)
                          0.00    6.60   clock reconvergence pessimism
                                  6.60 ^ _176_/CLK (sky130_fd_sc_hd__dfxtp_1)
                         -0.07    6.53   library setup time
                                  6.53   data required time
-----------------------------------------------------------------------------
                                  6.53   data required time
                                 -2.67   data arrival time
-----------------------------------------------------------------------------
                                  3.85   slack (MET)


Startpoint: _137_ (rising edge-triggered flip-flop clocked by core_clock)
Endpoint: _175_ (rising edge-triggered flip-flop clocked by core_clock)
Path Group: core_clock
Path Type: max

Fanout     Cap    Slew   Delay    Time   Description
-----------------------------------------------------------------------------
                  0.00    0.00    0.00   clock core_clock (rise edge)
                          0.00    0.00   clock network delay (ideal)
                  0.00    0.00    0.00 ^ _137_/CLK (sky130_fd_sc_hd__dfxtp_1)
     3    0.01    0.06    0.30    0.30 v _137_/Q (sky130_fd_sc_hd__dfxtp_1)
                                         x1.a (net)
                  0.06    0.00    0.30 v _062_/B (sky130_fd_sc_hd__or2_1)
     2    0.01    0.06    0.22    0.52 v _062_/X (sky130_fd_sc_hd__or2_1)
                                         _014_ (net)
                  0.06    0.00    0.52 v _064_/A2 (sky130_fd_sc_hd__a21bo_1)
     2    0.01    0.05    0.21    0.73 v _064_/X (sky130_fd_sc_hd__a21bo_1)
                                         _016_ (net)
                  0.05    0.00    0.73 v _066_/B (sky130_fd_sc_hd__xor2_1)
     2    0.00    0.06    0.15    0.88 v _066_/X (sky130_fd_sc_hd__xor2_1)
                                         _018_ (net)
                  0.06    0.00    0.88 v _067_/B (sky130_fd_sc_hd__nand2_1)
     3    0.01    0.08    0.09    0.97 ^ _067_/Y (sky130_fd_sc_hd__nand2_1)
                                         _019_ (net)
                  0.08    0.00    0.97 ^ _068_/C (sky130_fd_sc_hd__nand3b_1)
     2    0.00    0.07    0.09    1.06 v _068_/Y (sky130_fd_sc_hd__nand3b_1)
                                         _020_ (net)
                  0.07    0.00    1.06 v _070_/A2 (sky130_fd_sc_hd__a21o_1)
     2    0.01    0.05    0.20    1.27 v _070_/X (sky130_fd_sc_hd__a21o_1)
                                         _022_ (net)
                  0.05    0.00    1.27 v _071_/B (sky130_fd_sc_hd__xor2_1)
     2    0.01    0.08    0.16    1.43 v _071_/X (sky130_fd_sc_hd__xor2_1)
                                         _023_ (net)
                  0.08    0.00    1.43 v _078_/A2 (sky130_fd_sc_hd__a21o_1)
     2    0.00    0.04    0.19    1.62 v _078_/X (sky130_fd_sc_hd__a21o_1)
                                         _030_ (net)
                  0.04    0.00    1.62 v _080_/A1 (sky130_fd_sc_hd__a21o_1)
     2    0.00    0.04    0.16    1.78 v _080_/X (sky130_fd_sc_hd__a21o_1)
                                         _032_ (net)
                  0.04    0.00    1.78 v _082_/A2 (sky130_fd_sc_hd__a21oi_1)
     2    0.01    0.19    0.19    1.97 ^ _082_/Y (sky130_fd_sc_hd__a21oi_1)
                                         _034_ (net)
                  0.19    0.00    1.97 ^ _083_/B (sky130_fd_sc_hd__xnor2_1)
     2    0.01    0.22    0.18    2.15 ^ _083_/Y (sky130_fd_sc_hd__xnor2_1)
                                         _035_ (net)
                  0.22    0.00    2.15 ^ _133_/B (sky130_fd_sc_hd__xor2_1)
     1    0.00    0.10    0.15    2.30 ^ _133_/X (sky130_fd_sc_hd__xor2_1)
                                         x7.sum (net)
                  0.10    0.00    2.30 ^ _175_/D (sky130_fd_sc_hd__dfxtp_1)
                                  2.30   data arrival time

                  0.00    6.60    6.60   clock core_clock (rise edge)
                          0.00    6.60   clock network delay (ideal)
                          0.00    6.60   clock reconvergence pessimism
                                  6.60 ^ _175_/CLK (sky130_fd_sc_hd__dfxtp_1)
                         -0.07    6.53   library setup time
                                  6.53   data required time
-----------------------------------------------------------------------------
                                  6.53   data required time
                                 -2.30   data arrival time
-----------------------------------------------------------------------------
                                  4.22   slack (MET)


Startpoint: _137_ (rising edge-triggered flip-flop clocked by core_clock)
Endpoint: _174_ (rising edge-triggered flip-flop clocked by core_clock)
Path Group: core_clock
Path Type: max

Fanout     Cap    Slew   Delay    Time   Description
-----------------------------------------------------------------------------
                  0.00    0.00    0.00   clock core_clock (rise edge)
                          0.00    0.00   clock network delay (ideal)
                  0.00    0.00    0.00 ^ _137_/CLK (sky130_fd_sc_hd__dfxtp_1)
     3    0.01    0.06    0.30    0.30 v _137_/Q (sky130_fd_sc_hd__dfxtp_1)
                                         x1.a (net)
                  0.06    0.00    0.30 v _062_/B (sky130_fd_sc_hd__or2_1)
     2    0.01    0.06    0.22    0.52 v _062_/X (sky130_fd_sc_hd__or2_1)
                                         _014_ (net)
                  0.06    0.00    0.52 v _064_/A2 (sky130_fd_sc_hd__a21bo_1)
     2    0.01    0.05    0.21    0.73 v _064_/X (sky130_fd_sc_hd__a21bo_1)
                                         _016_ (net)
                  0.05    0.00    0.73 v _066_/B (sky130_fd_sc_hd__xor2_1)
     2    0.00    0.15    0.16    0.89 ^ _066_/X (sky130_fd_sc_hd__xor2_1)
                                         _018_ (net)
                  0.15    0.00    0.89 ^ _067_/B (sky130_fd_sc_hd__nand2_1)
     3    0.01    0.07    0.10    0.99 v _067_/Y (sky130_fd_sc_hd__nand2_1)
                                         _019_ (net)
                  0.07    0.00    0.99 v _069_/A2 (sky130_fd_sc_hd__a21boi_1)
     2    0.01    0.15    0.18    1.16 ^ _069_/Y (sky130_fd_sc_hd__a21boi_1)
                                         _021_ (net)
                  0.15    0.00    1.16 ^ _070_/B1 (sky130_fd_sc_hd__a21o_1)
     2    0.01    0.08    0.13    1.29 ^ _070_/X (sky130_fd_sc_hd__a21o_1)
                                         _022_ (net)
                  0.08    0.00    1.29 ^ _071_/B (sky130_fd_sc_hd__xor2_1)
     2    0.01    0.21    0.22    1.51 ^ _071_/X (sky130_fd_sc_hd__xor2_1)
                                         _023_ (net)
                  0.21    0.00    1.51 ^ _078_/A2 (sky130_fd_sc_hd__a21o_1)
     2    0.00    0.05    0.16    1.67 ^ _078_/X (sky130_fd_sc_hd__a21o_1)
                                         _030_ (net)
                  0.05    0.00    1.67 ^ _080_/A1 (sky130_fd_sc_hd__a21o_1)
     2    0.00    0.05    0.11    1.78 ^ _080_/X (sky130_fd_sc_hd__a21o_1)
                                         _032_ (net)
                  0.05    0.00    1.78 ^ _131_/B_N (sky130_fd_sc_hd__or2b_1)
     1    0.00    0.06    0.23    2.02 v _131_/X (sky130_fd_sc_hd__or2b_1)
                                         _011_ (net)
                  0.06    0.00    2.02 v _132_/B (sky130_fd_sc_hd__xnor2_1)
     1    0.00    0.04    0.12    2.13 v _132_/Y (sky130_fd_sc_hd__xnor2_1)
                                         x6.sum (net)
                  0.04    0.00    2.13 v _174_/D (sky130_fd_sc_hd__dfxtp_1)
                                  2.13   data arrival time

                  0.00    6.60    6.60   clock core_clock (rise edge)
                          0.00    6.60   clock network delay (ideal)
                          0.00    6.60   clock reconvergence pessimism
                                  6.60 ^ _174_/CLK (sky130_fd_sc_hd__dfxtp_1)
                         -0.12    6.48   library setup time
                                  6.48   data required time
-----------------------------------------------------------------------------
                                  6.48   data required time
                                 -2.13   data arrival time
-----------------------------------------------------------------------------
                                  4.35   slack (MET)


Startpoint: _137_ (rising edge-triggered flip-flop clocked by core_clock)
Endpoint: _173_ (rising edge-triggered flip-flop clocked by core_clock)
Path Group: core_clock
Path Type: max

Fanout     Cap    Slew   Delay    Time   Description
-----------------------------------------------------------------------------
                  0.00    0.00    0.00   clock core_clock (rise edge)
                          0.00    0.00   clock network delay (ideal)
                  0.00    0.00    0.00 ^ _137_/CLK (sky130_fd_sc_hd__dfxtp_1)
     3    0.01    0.06    0.30    0.30 v _137_/Q (sky130_fd_sc_hd__dfxtp_1)
                                         x1.a (net)
                  0.06    0.00    0.30 v _062_/B (sky130_fd_sc_hd__or2_1)
     2    0.01    0.06    0.22    0.52 v _062_/X (sky130_fd_sc_hd__or2_1)
                                         _014_ (net)
                  0.06    0.00    0.52 v _064_/A2 (sky130_fd_sc_hd__a21bo_1)
     2    0.01    0.05    0.21    0.73 v _064_/X (sky130_fd_sc_hd__a21bo_1)
                                         _016_ (net)
                  0.05    0.00    0.73 v _066_/B (sky130_fd_sc_hd__xor2_1)
     2    0.00    0.15    0.16    0.89 ^ _066_/X (sky130_fd_sc_hd__xor2_1)
                                         _018_ (net)
                  0.15    0.00    0.89 ^ _067_/B (sky130_fd_sc_hd__nand2_1)
     3    0.01    0.07    0.10    0.99 v _067_/Y (sky130_fd_sc_hd__nand2_1)
                                         _019_ (net)
                  0.07    0.00    0.99 v _069_/A2 (sky130_fd_sc_hd__a21boi_1)
     2    0.01    0.15    0.18    1.16 ^ _069_/Y (sky130_fd_sc_hd__a21boi_1)
                                         _021_ (net)
                  0.15    0.00    1.16 ^ _070_/B1 (sky130_fd_sc_hd__a21o_1)
     2    0.01    0.08    0.13    1.29 ^ _070_/X (sky130_fd_sc_hd__a21o_1)
                                         _022_ (net)
                  0.08    0.00    1.29 ^ _071_/B (sky130_fd_sc_hd__xor2_1)
     2    0.01    0.21    0.22    1.51 ^ _071_/X (sky130_fd_sc_hd__xor2_1)
                                         _023_ (net)
                  0.21    0.00    1.51 ^ _123_/B (sky130_fd_sc_hd__xor2_1)
     1    0.00    0.10    0.15    1.67 ^ _123_/X (sky130_fd_sc_hd__xor2_1)
                                         x4.sum (net)
                  0.10    0.00    1.67 ^ _173_/D (sky130_fd_sc_hd__dfxtp_1)
                                  1.67   data arrival time

                  0.00    6.60    6.60   clock core_clock (rise edge)
                          0.00    6.60   clock network delay (ideal)
                          0.00    6.60   clock reconvergence pessimism
                                  6.60 ^ _173_/CLK (sky130_fd_sc_hd__dfxtp_1)
                         -0.07    6.53   library setup time
                                  6.53   data required time
-----------------------------------------------------------------------------
                                  6.53   data required time
                                 -1.67   data arrival time
-----------------------------------------------------------------------------
                                  4.86   slack (MET)


Startpoint: _137_ (rising edge-triggered flip-flop clocked by core_clock)
Endpoint: _172_ (rising edge-triggered flip-flop clocked by core_clock)
Path Group: core_clock
Path Type: max

Fanout     Cap    Slew   Delay    Time   Description
-----------------------------------------------------------------------------
                  0.00    0.00    0.00   clock core_clock (rise edge)
                          0.00    0.00   clock network delay (ideal)
                  0.00    0.00    0.00 ^ _137_/CLK (sky130_fd_sc_hd__dfxtp_1)
     3    0.01    0.06    0.30    0.30 v _137_/Q (sky130_fd_sc_hd__dfxtp_1)
                                         x1.a (net)
                  0.06    0.00    0.30 v _062_/B (sky130_fd_sc_hd__or2_1)
     2    0.01    0.06    0.22    0.52 v _062_/X (sky130_fd_sc_hd__or2_1)
                                         _014_ (net)
                  0.06    0.00    0.52 v _064_/A2 (sky130_fd_sc_hd__a21bo_1)
     2    0.01    0.05    0.21    0.73 v _064_/X (sky130_fd_sc_hd__a21bo_1)
                                         _016_ (net)
                  0.05    0.00    0.73 v _066_/B (sky130_fd_sc_hd__xor2_1)
     2    0.00    0.15    0.16    0.89 ^ _066_/X (sky130_fd_sc_hd__xor2_1)
                                         _018_ (net)
                  0.15    0.00    0.89 ^ _067_/B (sky130_fd_sc_hd__nand2_1)
     3    0.01    0.07    0.10    0.99 v _067_/Y (sky130_fd_sc_hd__nand2_1)
                                         _019_ (net)
                  0.07    0.00    0.99 v _069_/A2 (sky130_fd_sc_hd__a21boi_1)
     2    0.01    0.15    0.18    1.16 ^ _069_/Y (sky130_fd_sc_hd__a21boi_1)
                                         _021_ (net)
                  0.15    0.00    1.16 ^ _121_/A_N (sky130_fd_sc_hd__and2b_1)
     1    0.01    0.04    0.21    1.37 v _121_/X (sky130_fd_sc_hd__and2b_1)
                                         _010_ (net)
                  0.04    0.00    1.37 v _122_/B (sky130_fd_sc_hd__xor2_1)
     1    0.00    0.05    0.13    1.50 v _122_/X (sky130_fd_sc_hd__xor2_1)
                                         x3.sum (net)
                  0.05    0.00    1.50 v _172_/D (sky130_fd_sc_hd__dfxtp_1)
                                  1.50   data arrival time

                  0.00    6.60    6.60   clock core_clock (rise edge)
                          0.00    6.60   clock network delay (ideal)
                          0.00    6.60   clock reconvergence pessimism
                                  6.60 ^ _172_/CLK (sky130_fd_sc_hd__dfxtp_1)
                         -0.12    6.48   library setup time
                                  6.48   data required time
-----------------------------------------------------------------------------
                                  6.48   data required time
                                 -1.50   data arrival time
-----------------------------------------------------------------------------
                                  4.98   slack (MET)


Startpoint: _137_ (rising edge-triggered flip-flop clocked by core_clock)
Endpoint: _171_ (rising edge-triggered flip-flop clocked by core_clock)
Path Group: core_clock
Path Type: max

Fanout     Cap    Slew   Delay    Time   Description
-----------------------------------------------------------------------------
                  0.00    0.00    0.00   clock core_clock (rise edge)
                          0.00    0.00   clock network delay (ideal)
                  0.00    0.00    0.00 ^ _137_/CLK (sky130_fd_sc_hd__dfxtp_1)
     3    0.01    0.06    0.30    0.30 v _137_/Q (sky130_fd_sc_hd__dfxtp_1)
                                         x1.a (net)
                  0.06    0.00    0.30 v _062_/B (sky130_fd_sc_hd__or2_1)
     2    0.01    0.06    0.22    0.52 v _062_/X (sky130_fd_sc_hd__or2_1)
                                         _014_ (net)
                  0.06    0.00    0.52 v _064_/A2 (sky130_fd_sc_hd__a21bo_1)
     2    0.01    0.05    0.21    0.73 v _064_/X (sky130_fd_sc_hd__a21bo_1)
                                         _016_ (net)
                  0.05    0.00    0.73 v _066_/B (sky130_fd_sc_hd__xor2_1)
     2    0.00    0.06    0.15    0.88 v _066_/X (sky130_fd_sc_hd__xor2_1)
                                         _018_ (net)
                  0.06    0.00    0.88 v _118_/B (sky130_fd_sc_hd__or2_1)
     1    0.00    0.04    0.20    1.08 v _118_/X (sky130_fd_sc_hd__or2_1)
                                         _008_ (net)
                  0.04    0.00    1.08 v _119_/B (sky130_fd_sc_hd__and2_1)
     1    0.00    0.03    0.15    1.22 v _119_/X (sky130_fd_sc_hd__and2_1)
                                         _009_ (net)
                  0.03    0.00    1.22 v _120_/A (sky130_fd_sc_hd__clkbuf_1)
     1    0.00    0.02    0.08    1.30 v _120_/X (sky130_fd_sc_hd__clkbuf_1)
                                         x2.sum (net)
                  0.02    0.00    1.30 v _171_/D (sky130_fd_sc_hd__dfxtp_1)
                                  1.30   data arrival time

                  0.00    6.60    6.60   clock core_clock (rise edge)
                          0.00    6.60   clock network delay (ideal)
                          0.00    6.60   clock reconvergence pessimism
                                  6.60 ^ _171_/CLK (sky130_fd_sc_hd__dfxtp_1)
                         -0.11    6.49   library setup time
                                  6.49   data required time
-----------------------------------------------------------------------------
                                  6.49   data required time
                                 -1.30   data arrival time
-----------------------------------------------------------------------------
                                  5.19   slack (MET)


Startpoint: _137_ (rising edge-triggered flip-flop clocked by core_clock)
Endpoint: _170_ (rising edge-triggered flip-flop clocked by core_clock)
Path Group: core_clock
Path Type: max

Fanout     Cap    Slew   Delay    Time   Description
-----------------------------------------------------------------------------
                  0.00    0.00    0.00   clock core_clock (rise edge)
                          0.00    0.00   clock network delay (ideal)
                  0.00    0.00    0.00 ^ _137_/CLK (sky130_fd_sc_hd__dfxtp_1)
     3    0.01    0.06    0.30    0.30 v _137_/Q (sky130_fd_sc_hd__dfxtp_1)
                                         x1.a (net)
                  0.06    0.00    0.30 v _062_/B (sky130_fd_sc_hd__or2_1)
     2    0.01    0.06    0.22    0.52 v _062_/X (sky130_fd_sc_hd__or2_1)
                                         _014_ (net)
                  0.06    0.00    0.52 v _116_/B (sky130_fd_sc_hd__nand2_1)
     1    0.01    0.08    0.09    0.61 ^ _116_/Y (sky130_fd_sc_hd__nand2_1)
                                         _007_ (net)
                  0.08    0.00    0.62 ^ _117_/B (sky130_fd_sc_hd__xnor2_1)
     1    0.00    0.11    0.11    0.72 ^ _117_/Y (sky130_fd_sc_hd__xnor2_1)
                                         x1.sum (net)
                  0.11    0.00    0.72 ^ _170_/D (sky130_fd_sc_hd__dfxtp_1)
                                  0.72   data arrival time

                  0.00    6.60    6.60   clock core_clock (rise edge)
                          0.00    6.60   clock network delay (ideal)
                          0.00    6.60   clock reconvergence pessimism
                                  6.60 ^ _170_/CLK (sky130_fd_sc_hd__dfxtp_1)
                         -0.08    6.52   library setup time
                                  6.52   data required time
-----------------------------------------------------------------------------
                                  6.52   data required time
                                 -0.72   data arrival time
-----------------------------------------------------------------------------
                                  5.80   slack (MET)



worst slack corner Typical: 0.5082
