
===========================================================================
report_checks -path_delay min (Hold)
============================================================================
======================= Typical Corner ===================================

Startpoint: _204_ (rising edge-triggered flip-flop clocked by core_clock)
Endpoint: _205_ (rising edge-triggered flip-flop clocked by core_clock)
Path Group: core_clock
Path Type: min

Fanout     Cap    Slew   Delay    Time   Description
-----------------------------------------------------------------------------
                  0.00    0.00    0.00   clock core_clock (rise edge)
                          0.00    0.00   clock network delay (ideal)
                  0.00    0.00    0.00 ^ _204_/CLK (sky130_fd_sc_hd__dfxtp_2)
     2    0.01    0.07    0.32    0.32 ^ _204_/Q (sky130_fd_sc_hd__dfxtp_2)
                                         cin_q (net)
                  0.07    0.00    0.32 ^ _078_/A (sky130_fd_sc_hd__xnor2_2)
     1    0.00    0.02    0.06    0.38 v _078_/Y (sky130_fd_sc_hd__xnor2_2)
                                         sum_d[0] (net)
                  0.02    0.00    0.38 v _205_/D (sky130_fd_sc_hd__dfxtp_2)
                                  0.38   data arrival time

                  0.00    0.00    0.00   clock core_clock (rise edge)
                          0.00    0.00   clock network delay (ideal)
                          0.00    0.00   clock reconvergence pessimism
                                  0.00 ^ _205_/CLK (sky130_fd_sc_hd__dfxtp_2)
                         -0.05   -0.05   library hold time
                                 -0.05   data required time
-----------------------------------------------------------------------------
                                 -0.05   data required time
                                 -0.38   data arrival time
-----------------------------------------------------------------------------
                                  0.43   slack (MET)


Startpoint: _187_ (rising edge-triggered flip-flop clocked by core_clock)
Endpoint: _171_ (rising edge-triggered flip-flop clocked by core_clock)
Path Group: core_clock
Path Type: min

Fanout     Cap    Slew   Delay    Time   Description
-----------------------------------------------------------------------------
                  0.00    0.00    0.00   clock core_clock (rise edge)
                          0.00    0.00   clock network delay (ideal)
                  0.00    0.00    0.00 ^ _187_/CLK (sky130_fd_sc_hd__dfxtp_2)
     2    0.01    0.06    0.31    0.31 ^ _187_/Q (sky130_fd_sc_hd__dfxtp_2)
                                         a_q[15] (net)
                  0.06    0.00    0.31 ^ _162_/A (sky130_fd_sc_hd__nand2_2)
     2    0.01    0.03    0.05    0.36 v _162_/Y (sky130_fd_sc_hd__nand2_2)
                                         _031_ (net)
                  0.03    0.00    0.36 v _166_/B1 (sky130_fd_sc_hd__o21ai_2)
     1    0.00    0.03    0.04    0.40 ^ _166_/Y (sky130_fd_sc_hd__o21ai_2)
                                         sum_d[16] (net)
                  0.03    0.00    0.40 ^ _171_/D (sky130_fd_sc_hd__dfxtp_2)
                                  0.40   data arrival time

                  0.00    0.00    0.00   clock core_clock (rise edge)
                          0.00    0.00   clock network delay (ideal)
                          0.00    0.00   clock reconvergence pessimism
                                  0.00 ^ _171_/CLK (sky130_fd_sc_hd__dfxtp_2)
                         -0.03   -0.03   library hold time
                                 -0.03   data required time
-----------------------------------------------------------------------------
                                 -0.03   data required time
                                 -0.40   data arrival time
-----------------------------------------------------------------------------
                                  0.44   slack (MET)


Startpoint: _173_ (rising edge-triggered flip-flop clocked by core_clock)
Endpoint: _206_ (rising edge-triggered flip-flop clocked by core_clock)
Path Group: core_clock
Path Type: min

Fanout     Cap    Slew   Delay    Time   Description
-----------------------------------------------------------------------------
                  0.00    0.00    0.00   clock core_clock (rise edge)
                          0.00    0.00   clock network delay (ideal)
                  0.00    0.00    0.00 ^ _173_/CLK (sky130_fd_sc_hd__dfxtp_2)
     2    0.01    0.05    0.30    0.30 ^ _173_/Q (sky130_fd_sc_hd__dfxtp_2)
                                         a_q[1] (net)
                  0.05    0.00    0.30 ^ _081_/A (sky130_fd_sc_hd__nand2_2)
     2    0.01    0.03    0.05    0.35 v _081_/Y (sky130_fd_sc_hd__nand2_2)
                                         _039_ (net)
                  0.03    0.00    0.35 v _082_/B (sky130_fd_sc_hd__nand2_2)
     1    0.01    0.06    0.07    0.42 ^ _082_/Y (sky130_fd_sc_hd__nand2_2)
                                         _040_ (net)
                  0.06    0.00    0.42 ^ _083_/B (sky130_fd_sc_hd__xnor2_2)
     1    0.00    0.02    0.05    0.47 v _083_/Y (sky130_fd_sc_hd__xnor2_2)
                                         sum_d[1] (net)
                  0.02    0.00    0.47 v _206_/D (sky130_fd_sc_hd__dfxtp_2)
                                  0.47   data arrival time

                  0.00    0.00    0.00   clock core_clock (rise edge)
                          0.00    0.00   clock network delay (ideal)
                          0.00    0.00   clock reconvergence pessimism
                                  0.00 ^ _206_/CLK (sky130_fd_sc_hd__dfxtp_2)
                         -0.05   -0.05   library hold time
                                 -0.05   data required time
-----------------------------------------------------------------------------
                                 -0.05   data required time
                                 -0.47   data arrival time
-----------------------------------------------------------------------------
                                  0.52   slack (MET)


Startpoint: _186_ (rising edge-triggered flip-flop clocked by core_clock)
Endpoint: _169_ (rising edge-triggered flip-flop clocked by core_clock)
Path Group: core_clock
Path Type: min

Fanout     Cap    Slew   Delay    Time   Description
-----------------------------------------------------------------------------
                  0.00    0.00    0.00   clock core_clock (rise edge)
                          0.00    0.00   clock network delay (ideal)
                  0.00    0.00    0.00 ^ _186_/CLK (sky130_fd_sc_hd__dfxtp_2)
     2    0.01    0.05    0.30    0.30 ^ _186_/Q (sky130_fd_sc_hd__dfxtp_2)
                                         a_q[14] (net)
                  0.05    0.00    0.30 ^ _156_/A (sky130_fd_sc_hd__nand2_2)
     2    0.01    0.04    0.05    0.35 v _156_/Y (sky130_fd_sc_hd__nand2_2)
                                         _026_ (net)
                  0.04    0.00    0.35 v _157_/B (sky130_fd_sc_hd__nand2_2)
     2    0.01    0.07    0.08    0.43 ^ _157_/Y (sky130_fd_sc_hd__nand2_2)
                                         _027_ (net)
                  0.07    0.00    0.43 ^ _160_/A (sky130_fd_sc_hd__xnor2_2)
     1    0.00    0.03    0.06    0.49 v _160_/Y (sky130_fd_sc_hd__xnor2_2)
                                         sum_d[14] (net)
                  0.03    0.00    0.49 v _169_/D (sky130_fd_sc_hd__dfxtp_2)
                                  0.49   data arrival time

                  0.00    0.00    0.00   clock core_clock (rise edge)
                          0.00    0.00   clock network delay (ideal)
                          0.00    0.00   clock reconvergence pessimism
                                  0.00 ^ _169_/CLK (sky130_fd_sc_hd__dfxtp_2)
                         -0.05   -0.05   library hold time
                                 -0.05   data required time
-----------------------------------------------------------------------------
                                 -0.05   data required time
                                 -0.49   data arrival time
-----------------------------------------------------------------------------
                                  0.54   slack (MET)


Startpoint: _180_ (rising edge-triggered flip-flop clocked by core_clock)
Endpoint: _213_ (rising edge-triggered flip-flop clocked by core_clock)
Path Group: core_clock
Path Type: min

Fanout     Cap    Slew   Delay    Time   Description
-----------------------------------------------------------------------------
                  0.00    0.00    0.00   clock core_clock (rise edge)
                          0.00    0.00   clock network delay (ideal)
                  0.00    0.00    0.00 ^ _180_/CLK (sky130_fd_sc_hd__dfxtp_2)
     3    0.01    0.06    0.31    0.31 ^ _180_/Q (sky130_fd_sc_hd__dfxtp_2)
                                         a_q[8] (net)
                  0.06    0.00    0.31 ^ _122_/A (sky130_fd_sc_hd__nand2_2)
     2    0.01    0.04    0.05    0.36 v _122_/Y (sky130_fd_sc_hd__nand2_2)
                                         _073_ (net)
                  0.04    0.00    0.36 v _124_/A (sky130_fd_sc_hd__nand2_2)
     3    0.01    0.08    0.08    0.44 ^ _124_/Y (sky130_fd_sc_hd__nand2_2)
                                         _000_ (net)
                  0.08    0.00    0.44 ^ _125_/B (sky130_fd_sc_hd__xor2_2)
     1    0.00    0.03    0.05    0.50 v _125_/X (sky130_fd_sc_hd__xor2_2)
                                         sum_d[8] (net)
                  0.03    0.00    0.50 v _213_/D (sky130_fd_sc_hd__dfxtp_2)
                                  0.50   data arrival time

                  0.00    0.00    0.00   clock core_clock (rise edge)
                          0.00    0.00   clock network delay (ideal)
                          0.00    0.00   clock reconvergence pessimism
                                  0.00 ^ _213_/CLK (sky130_fd_sc_hd__dfxtp_2)
                         -0.05   -0.05   library hold time
                                 -0.05   data required time
-----------------------------------------------------------------------------
                                 -0.05   data required time
                                 -0.50   data arrival time
-----------------------------------------------------------------------------
                                  0.55   slack (MET)


Startpoint: _174_ (rising edge-triggered flip-flop clocked by core_clock)
Endpoint: _207_ (rising edge-triggered flip-flop clocked by core_clock)
Path Group: core_clock
Path Type: min

Fanout     Cap    Slew   Delay    Time   Description
-----------------------------------------------------------------------------
                  0.00    0.00    0.00   clock core_clock (rise edge)
                          0.00    0.00   clock network delay (ideal)
                  0.00    0.00    0.00 ^ _174_/CLK (sky130_fd_sc_hd__dfxtp_2)
     3    0.01    0.06    0.31    0.31 ^ _174_/Q (sky130_fd_sc_hd__dfxtp_2)
                                         a_q[2] (net)
                  0.06    0.00    0.31 ^ _086_/A (sky130_fd_sc_hd__nand2_2)
     2    0.01    0.04    0.05    0.36 v _086_/Y (sky130_fd_sc_hd__nand2_2)
                                         _043_ (net)
                  0.04    0.00    0.36 v _087_/B (sky130_fd_sc_hd__nand2_2)
     3    0.01    0.08    0.09    0.45 ^ _087_/Y (sky130_fd_sc_hd__nand2_2)
                                         _044_ (net)
                  0.08    0.00    0.45 ^ _088_/B (sky130_fd_sc_hd__xor2_2)
     1    0.00    0.03    0.06    0.51 v _088_/X (sky130_fd_sc_hd__xor2_2)
                                         sum_d[2] (net)
                  0.03    0.00    0.51 v _207_/D (sky130_fd_sc_hd__dfxtp_2)
                                  0.51   data arrival time

                  0.00    0.00    0.00   clock core_clock (rise edge)
                          0.00    0.00   clock network delay (ideal)
                          0.00    0.00   clock reconvergence pessimism
                                  0.00 ^ _207_/CLK (sky130_fd_sc_hd__dfxtp_2)
                         -0.05   -0.05   library hold time
                                 -0.05   data required time
-----------------------------------------------------------------------------
                                 -0.05   data required time
                                 -0.51   data arrival time
-----------------------------------------------------------------------------
                                  0.56   slack (MET)


Startpoint: _200_ (rising edge-triggered flip-flop clocked by core_clock)
Endpoint: _167_ (rising edge-triggered flip-flop clocked by core_clock)
Path Group: core_clock
Path Type: min

Fanout     Cap    Slew   Delay    Time   Description
-----------------------------------------------------------------------------
                  0.00    0.00    0.00   clock core_clock (rise edge)
                          0.00    0.00   clock network delay (ideal)
                  0.00    0.00    0.00 ^ _200_/CLK (sky130_fd_sc_hd__dfxtp_2)
     2    0.01    0.03    0.29    0.29 v _200_/Q (sky130_fd_sc_hd__dfxtp_2)
                                         b_q[12] (net)
                  0.03    0.00    0.29 v _147_/B (sky130_fd_sc_hd__nor2_2)
     1    0.00    0.08    0.08    0.37 ^ _147_/Y (sky130_fd_sc_hd__nor2_2)
                                         _019_ (net)
                  0.08    0.00    0.37 ^ _148_/B (sky130_fd_sc_hd__nor2_2)
     3    0.01    0.04    0.06    0.43 v _148_/Y (sky130_fd_sc_hd__nor2_2)
                                         _020_ (net)
                  0.04    0.00    0.43 v _149_/B (sky130_fd_sc_hd__xor2_2)
     1    0.00    0.06    0.10    0.53 ^ _149_/X (sky130_fd_sc_hd__xor2_2)
                                         sum_d[12] (net)
                  0.06    0.00    0.53 ^ _167_/D (sky130_fd_sc_hd__dfxtp_2)
                                  0.53   data arrival time

                  0.00    0.00    0.00   clock core_clock (rise edge)
                          0.00    0.00   clock network delay (ideal)
                          0.00    0.00   clock reconvergence pessimism
                                  0.00 ^ _167_/CLK (sky130_fd_sc_hd__dfxtp_2)
                         -0.04   -0.04   library hold time
                                 -0.04   data required time
-----------------------------------------------------------------------------
                                 -0.04   data required time
                                 -0.53   data arrival time
-----------------------------------------------------------------------------
                                  0.57   slack (MET)


Startpoint: _199_ (rising edge-triggered flip-flop clocked by core_clock)
Endpoint: _216_ (rising edge-triggered flip-flop clocked by core_clock)
Path Group: core_clock
Path Type: min

Fanout     Cap    Slew   Delay    Time   Description
-----------------------------------------------------------------------------
                  0.00    0.00    0.00   clock core_clock (rise edge)
                          0.00    0.00   clock network delay (ideal)
                  0.00    0.00    0.00 ^ _199_/CLK (sky130_fd_sc_hd__dfxtp_2)
     3    0.01    0.08    0.33    0.33 ^ _199_/Q (sky130_fd_sc_hd__dfxtp_2)
                                         b_q[11] (net)
                  0.08    0.00    0.33 ^ _135_/B (sky130_fd_sc_hd__xor2_2)
     2    0.01    0.05    0.09    0.42 v _135_/X (sky130_fd_sc_hd__xor2_2)
                                         _008_ (net)
                  0.05    0.00    0.42 v _139_/A (sky130_fd_sc_hd__xnor2_2)
     1    0.00    0.03    0.13    0.55 ^ _139_/Y (sky130_fd_sc_hd__xnor2_2)
                                         sum_d[11] (net)
                  0.03    0.00    0.55 ^ _216_/D (sky130_fd_sc_hd__dfxtp_2)
                                  0.55   data arrival time

                  0.00    0.00    0.00   clock core_clock (rise edge)
                          0.00    0.00   clock network delay (ideal)
                          0.00    0.00   clock reconvergence pessimism
                                  0.00 ^ _216_/CLK (sky130_fd_sc_hd__dfxtp_2)
                         -0.03   -0.03   library hold time
                                 -0.03   data required time
-----------------------------------------------------------------------------
                                 -0.03   data required time
                                 -0.55   data arrival time
-----------------------------------------------------------------------------
                                  0.58   slack (MET)


Startpoint: _197_ (rising edge-triggered flip-flop clocked by core_clock)
Endpoint: _214_ (rising edge-triggered flip-flop clocked by core_clock)
Path Group: core_clock
Path Type: min

Fanout     Cap    Slew   Delay    Time   Description
-----------------------------------------------------------------------------
                  0.00    0.00    0.00   clock core_clock (rise edge)
                          0.00    0.00   clock network delay (ideal)
                  0.00    0.00    0.00 ^ _197_/CLK (sky130_fd_sc_hd__dfxtp_2)
     3    0.02    0.09    0.34    0.34 ^ _197_/Q (sky130_fd_sc_hd__dfxtp_2)
                                         b_q[9] (net)
                  0.09    0.00    0.34 ^ _126_/B (sky130_fd_sc_hd__xor2_2)
     2    0.01    0.05    0.09    0.42 v _126_/X (sky130_fd_sc_hd__xor2_2)
                                         _001_ (net)
                  0.05    0.00    0.42 v _128_/A (sky130_fd_sc_hd__xnor2_2)
     1    0.00    0.03    0.12    0.55 ^ _128_/Y (sky130_fd_sc_hd__xnor2_2)
                                         sum_d[9] (net)
                  0.03    0.00    0.55 ^ _214_/D (sky130_fd_sc_hd__dfxtp_2)
                                  0.55   data arrival time

                  0.00    0.00    0.00   clock core_clock (rise edge)
                          0.00    0.00   clock network delay (ideal)
                          0.00    0.00   clock reconvergence pessimism
                                  0.00 ^ _214_/CLK (sky130_fd_sc_hd__dfxtp_2)
                         -0.03   -0.03   library hold time
                                 -0.03   data required time
-----------------------------------------------------------------------------
                                 -0.03   data required time
                                 -0.55   data arrival time
-----------------------------------------------------------------------------
                                  0.58   slack (MET)


Startpoint: _176_ (rising edge-triggered flip-flop clocked by core_clock)
Endpoint: _210_ (rising edge-triggered flip-flop clocked by core_clock)
Path Group: core_clock
Path Type: min

Fanout     Cap    Slew   Delay    Time   Description
-----------------------------------------------------------------------------
                  0.00    0.00    0.00   clock core_clock (rise edge)
                          0.00    0.00   clock network delay (ideal)
                  0.00    0.00    0.00 ^ _176_/CLK (sky130_fd_sc_hd__dfxtp_2)
     3    0.01    0.04    0.31    0.31 v _176_/Q (sky130_fd_sc_hd__dfxtp_2)
                                         a_q[4] (net)
                  0.04    0.00    0.31 v _095_/A (sky130_fd_sc_hd__nand2_2)
     2    0.00    0.03    0.05    0.36 ^ _095_/Y (sky130_fd_sc_hd__nand2_2)
                                         _050_ (net)
                  0.03    0.00    0.36 ^ _103_/B1 (sky130_fd_sc_hd__o21a_2)
     1    0.01    0.06    0.13    0.49 ^ _103_/X (sky130_fd_sc_hd__o21a_2)
                                         _057_ (net)
                  0.06    0.00    0.49 ^ _104_/B (sky130_fd_sc_hd__xnor2_2)
     1    0.00    0.02    0.05    0.54 v _104_/Y (sky130_fd_sc_hd__xnor2_2)
                                         sum_d[5] (net)
                  0.02    0.00    0.54 v _210_/D (sky130_fd_sc_hd__dfxtp_2)
                                  0.54   data arrival time

                  0.00    0.00    0.00   clock core_clock (rise edge)
                          0.00    0.00   clock network delay (ideal)
                          0.00    0.00   clock reconvergence pessimism
                                  0.00 ^ _210_/CLK (sky130_fd_sc_hd__dfxtp_2)
                         -0.05   -0.05   library hold time
                                 -0.05   data required time
-----------------------------------------------------------------------------
                                 -0.05   data required time
                                 -0.54   data arrival time
-----------------------------------------------------------------------------
                                  0.59   slack (MET)


Startpoint: _178_ (rising edge-triggered flip-flop clocked by core_clock)
Endpoint: _212_ (rising edge-triggered flip-flop clocked by core_clock)
Path Group: core_clock
Path Type: min

Fanout     Cap    Slew   Delay    Time   Description
-----------------------------------------------------------------------------
                  0.00    0.00    0.00   clock core_clock (rise edge)
                          0.00    0.00   clock network delay (ideal)
                  0.00    0.00    0.00 ^ _178_/CLK (sky130_fd_sc_hd__dfxtp_2)
     3    0.01    0.04    0.31    0.31 v _178_/Q (sky130_fd_sc_hd__dfxtp_2)
                                         a_q[6] (net)
                  0.04    0.00    0.31 v _116_/A (sky130_fd_sc_hd__nand2_2)
     2    0.00    0.04    0.05    0.36 ^ _116_/Y (sky130_fd_sc_hd__nand2_2)
                                         _068_ (net)
                  0.04    0.00    0.36 ^ _117_/B1 (sky130_fd_sc_hd__o21a_2)
     1    0.01    0.06    0.14    0.49 ^ _117_/X (sky130_fd_sc_hd__o21a_2)
                                         _069_ (net)
                  0.06    0.00    0.49 ^ _118_/B (sky130_fd_sc_hd__xnor2_2)
     1    0.00    0.02    0.05    0.54 v _118_/Y (sky130_fd_sc_hd__xnor2_2)
                                         sum_d[7] (net)
                  0.02    0.00    0.54 v _212_/D (sky130_fd_sc_hd__dfxtp_2)
                                  0.54   data arrival time

                  0.00    0.00    0.00   clock core_clock (rise edge)
                          0.00    0.00   clock network delay (ideal)
                          0.00    0.00   clock reconvergence pessimism
                                  0.00 ^ _212_/CLK (sky130_fd_sc_hd__dfxtp_2)
                         -0.05   -0.05   library hold time
                                 -0.05   data required time
-----------------------------------------------------------------------------
                                 -0.05   data required time
                                 -0.54   data arrival time
-----------------------------------------------------------------------------
                                  0.59   slack (MET)


Startpoint: _174_ (rising edge-triggered flip-flop clocked by core_clock)
Endpoint: _208_ (rising edge-triggered flip-flop clocked by core_clock)
Path Group: core_clock
Path Type: min

Fanout     Cap    Slew   Delay    Time   Description
-----------------------------------------------------------------------------
                  0.00    0.00    0.00   clock core_clock (rise edge)
                          0.00    0.00   clock network delay (ideal)
                  0.00    0.00    0.00 ^ _174_/CLK (sky130_fd_sc_hd__dfxtp_2)
     3    0.01    0.04    0.30    0.30 v _174_/Q (sky130_fd_sc_hd__dfxtp_2)
                                         a_q[2] (net)
                  0.04    0.00    0.30 v _086_/A (sky130_fd_sc_hd__nand2_2)
     2    0.01    0.05    0.06    0.36 ^ _086_/Y (sky130_fd_sc_hd__nand2_2)
                                         _043_ (net)
                  0.05    0.00    0.36 ^ _092_/B1 (sky130_fd_sc_hd__o21a_2)
     1    0.01    0.06    0.14    0.50 ^ _092_/X (sky130_fd_sc_hd__o21a_2)
                                         _048_ (net)
                  0.06    0.00    0.50 ^ _093_/B (sky130_fd_sc_hd__xnor2_2)
     1    0.00    0.02    0.05    0.55 v _093_/Y (sky130_fd_sc_hd__xnor2_2)
                                         sum_d[3] (net)
                  0.02    0.00    0.55 v _208_/D (sky130_fd_sc_hd__dfxtp_2)
                                  0.55   data arrival time

                  0.00    0.00    0.00   clock core_clock (rise edge)
                          0.00    0.00   clock network delay (ideal)
                          0.00    0.00   clock reconvergence pessimism
                                  0.00 ^ _208_/CLK (sky130_fd_sc_hd__dfxtp_2)
                         -0.05   -0.05   library hold time
                                 -0.05   data required time
-----------------------------------------------------------------------------
                                 -0.05   data required time
                                 -0.55   data arrival time
-----------------------------------------------------------------------------
                                  0.59   slack (MET)


Startpoint: _198_ (rising edge-triggered flip-flop clocked by core_clock)
Endpoint: _215_ (rising edge-triggered flip-flop clocked by core_clock)
Path Group: core_clock
Path Type: min

Fanout     Cap    Slew   Delay    Time   Description
-----------------------------------------------------------------------------
                  0.00    0.00    0.00   clock core_clock (rise edge)
                          0.00    0.00   clock network delay (ideal)
                  0.00    0.00    0.00 ^ _198_/CLK (sky130_fd_sc_hd__dfxtp_2)
     4    0.02    0.11    0.35    0.35 ^ _198_/Q (sky130_fd_sc_hd__dfxtp_2)
                                         b_q[10] (net)
                  0.11    0.00    0.35 ^ _129_/B (sky130_fd_sc_hd__xor2_2)
     2    0.01    0.05    0.10    0.45 v _129_/X (sky130_fd_sc_hd__xor2_2)
                                         _003_ (net)
                  0.05    0.00    0.45 v _134_/A (sky130_fd_sc_hd__xnor2_2)
     1    0.00    0.03    0.13    0.58 ^ _134_/Y (sky130_fd_sc_hd__xnor2_2)
                                         sum_d[10] (net)
                  0.03    0.00    0.58 ^ _215_/D (sky130_fd_sc_hd__dfxtp_2)
                                  0.58   data arrival time

                  0.00    0.00    0.00   clock core_clock (rise edge)
                          0.00    0.00   clock network delay (ideal)
                          0.00    0.00   clock reconvergence pessimism
                                  0.00 ^ _215_/CLK (sky130_fd_sc_hd__dfxtp_2)
                         -0.03   -0.03   library hold time
                                 -0.03   data required time
-----------------------------------------------------------------------------
                                 -0.03   data required time
                                 -0.58   data arrival time
-----------------------------------------------------------------------------
                                  0.62   slack (MET)


Startpoint: _186_ (rising edge-triggered flip-flop clocked by core_clock)
Endpoint: _170_ (rising edge-triggered flip-flop clocked by core_clock)
Path Group: core_clock
Path Type: min

Fanout     Cap    Slew   Delay    Time   Description
-----------------------------------------------------------------------------
                  0.00    0.00    0.00   clock core_clock (rise edge)
                          0.00    0.00   clock network delay (ideal)
                  0.00    0.00    0.00 ^ _186_/CLK (sky130_fd_sc_hd__dfxtp_2)
     2    0.01    0.05    0.30    0.30 ^ _186_/Q (sky130_fd_sc_hd__dfxtp_2)
                                         a_q[14] (net)
                  0.05    0.00    0.30 ^ _156_/A (sky130_fd_sc_hd__nand2_2)
     2    0.01    0.04    0.05    0.35 v _156_/Y (sky130_fd_sc_hd__nand2_2)
                                         _026_ (net)
                  0.04    0.00    0.35 v _164_/B1 (sky130_fd_sc_hd__o31a_2)
     2    0.01    0.05    0.13    0.48 v _164_/X (sky130_fd_sc_hd__o31a_2)
                                         _033_ (net)
                  0.05    0.00    0.48 v _165_/B (sky130_fd_sc_hd__xor2_2)
     1    0.00    0.06    0.10    0.58 ^ _165_/X (sky130_fd_sc_hd__xor2_2)
                                         sum_d[15] (net)
                  0.06    0.00    0.58 ^ _170_/D (sky130_fd_sc_hd__dfxtp_2)
                                  0.58   data arrival time

                  0.00    0.00    0.00   clock core_clock (rise edge)
                          0.00    0.00   clock network delay (ideal)
                          0.00    0.00   clock reconvergence pessimism
                                  0.00 ^ _170_/CLK (sky130_fd_sc_hd__dfxtp_2)
                         -0.04   -0.04   library hold time
                                 -0.04   data required time
-----------------------------------------------------------------------------
                                 -0.04   data required time
                                 -0.58   data arrival time
-----------------------------------------------------------------------------
                                  0.62   slack (MET)


Startpoint: _194_ (rising edge-triggered flip-flop clocked by core_clock)
Endpoint: _211_ (rising edge-triggered flip-flop clocked by core_clock)
Path Group: core_clock
Path Type: min

Fanout     Cap    Slew   Delay    Time   Description
-----------------------------------------------------------------------------
                  0.00    0.00    0.00   clock core_clock (rise edge)
                          0.00    0.00   clock network delay (ideal)
                  0.00    0.00    0.00 ^ _194_/CLK (sky130_fd_sc_hd__dfxtp_2)
     3    0.01    0.04    0.30    0.30 v _194_/Q (sky130_fd_sc_hd__dfxtp_2)
                                         b_q[6] (net)
                  0.04    0.00    0.30 v _106_/B (sky130_fd_sc_hd__nor2_2)
     2    0.01    0.11    0.10    0.41 ^ _106_/Y (sky130_fd_sc_hd__nor2_2)
                                         _059_ (net)
                  0.11    0.00    0.41 ^ _107_/B (sky130_fd_sc_hd__nor2_2)
     2    0.01    0.04    0.07    0.47 v _107_/Y (sky130_fd_sc_hd__nor2_2)
                                         _060_ (net)
                  0.04    0.00    0.47 v _112_/A (sky130_fd_sc_hd__xnor2_2)
     1    0.00    0.03    0.12    0.59 ^ _112_/Y (sky130_fd_sc_hd__xnor2_2)
                                         sum_d[6] (net)
                  0.03    0.00    0.59 ^ _211_/D (sky130_fd_sc_hd__dfxtp_2)
                                  0.59   data arrival time

                  0.00    0.00    0.00   clock core_clock (rise edge)
                          0.00    0.00   clock network delay (ideal)
                          0.00    0.00   clock reconvergence pessimism
                                  0.00 ^ _211_/CLK (sky130_fd_sc_hd__dfxtp_2)
                         -0.03   -0.03   library hold time
                                 -0.03   data required time
-----------------------------------------------------------------------------
                                 -0.03   data required time
                                 -0.59   data arrival time
-----------------------------------------------------------------------------
                                  0.63   slack (MET)


Startpoint: _176_ (rising edge-triggered flip-flop clocked by core_clock)
Endpoint: _209_ (rising edge-triggered flip-flop clocked by core_clock)
Path Group: core_clock
Path Type: min

Fanout     Cap    Slew   Delay    Time   Description
-----------------------------------------------------------------------------
                  0.00    0.00    0.00   clock core_clock (rise edge)
                          0.00    0.00   clock network delay (ideal)
                  0.00    0.00    0.00 ^ _176_/CLK (sky130_fd_sc_hd__dfxtp_2)
     3    0.01    0.04    0.31    0.31 v _176_/Q (sky130_fd_sc_hd__dfxtp_2)
                                         a_q[4] (net)
                  0.04    0.00    0.31 v _095_/A (sky130_fd_sc_hd__nand2_2)
     2    0.00    0.03    0.05    0.36 ^ _095_/Y (sky130_fd_sc_hd__nand2_2)
                                         _050_ (net)
                  0.03    0.00    0.36 ^ _096_/B (sky130_fd_sc_hd__and2b_2)
     2    0.01    0.08    0.17    0.53 ^ _096_/X (sky130_fd_sc_hd__and2b_2)
                                         _051_ (net)
                  0.08    0.00    0.53 ^ _101_/A (sky130_fd_sc_hd__xnor2_2)
     1    0.00    0.03    0.06    0.59 v _101_/Y (sky130_fd_sc_hd__xnor2_2)
                                         sum_d[4] (net)
                  0.03    0.00    0.59 v _209_/D (sky130_fd_sc_hd__dfxtp_2)
                                  0.59   data arrival time

                  0.00    0.00    0.00   clock core_clock (rise edge)
                          0.00    0.00   clock network delay (ideal)
                          0.00    0.00   clock reconvergence pessimism
                                  0.00 ^ _209_/CLK (sky130_fd_sc_hd__dfxtp_2)
                         -0.05   -0.05   library hold time
                                 -0.05   data required time
-----------------------------------------------------------------------------
                                 -0.05   data required time
                                 -0.59   data arrival time
-----------------------------------------------------------------------------
                                  0.64   slack (MET)


Startpoint: _201_ (rising edge-triggered flip-flop clocked by core_clock)
Endpoint: _168_ (rising edge-triggered flip-flop clocked by core_clock)
Path Group: core_clock
Path Type: min

Fanout     Cap    Slew   Delay    Time   Description
-----------------------------------------------------------------------------
                  0.00    0.00    0.00   clock core_clock (rise edge)
                          0.00    0.00   clock network delay (ideal)
                  0.00    0.00    0.00 ^ _201_/CLK (sky130_fd_sc_hd__dfxtp_2)
     2    0.01    0.03    0.29    0.29 v _201_/Q (sky130_fd_sc_hd__dfxtp_2)
                                         b_q[13] (net)
                  0.03    0.00    0.29 v _150_/B (sky130_fd_sc_hd__nor2_2)
     3    0.01    0.12    0.11    0.40 ^ _150_/Y (sky130_fd_sc_hd__nor2_2)
                                         _021_ (net)
                  0.12    0.00    0.40 ^ _152_/A (sky130_fd_sc_hd__or2_2)
     1    0.01    0.06    0.15    0.55 ^ _152_/X (sky130_fd_sc_hd__or2_2)
                                         _023_ (net)
                  0.06    0.00    0.55 ^ _154_/A (sky130_fd_sc_hd__xnor2_2)
     1    0.00    0.02    0.06    0.61 v _154_/Y (sky130_fd_sc_hd__xnor2_2)
                                         sum_d[13] (net)
                  0.02    0.00    0.61 v _168_/D (sky130_fd_sc_hd__dfxtp_2)
                                  0.61   data arrival time

                  0.00    0.00    0.00   clock core_clock (rise edge)
                          0.00    0.00   clock network delay (ideal)
                          0.00    0.00   clock reconvergence pessimism
                                  0.00 ^ _168_/CLK (sky130_fd_sc_hd__dfxtp_2)
                         -0.05   -0.05   library hold time
                                 -0.05   data required time
-----------------------------------------------------------------------------
                                 -0.05   data required time
                                 -0.61   data arrival time
-----------------------------------------------------------------------------
                                  0.66   slack (MET)



worst slack corner Typical: 0.4294
